Archive member included to satisfy reference by file (symbol)

C:/devkitPro/libgba/lib\libmm.a(mm_mas.o)
                              bn_audio_manager.o (mmStart)
C:/devkitPro/libgba/lib\libmm.a(mm_main.o)
                              C:/devkitPro/libgba/lib\libmm.a(mm_mas.o) (mmCallback)
C:/devkitPro/libgba/lib\libmm.a(mm_effect.o)
                              bn_hw_audio.o (mmEffect)
C:/devkitPro/libgba/lib\libmm.a(mm_mas_arm.o)
                              C:/devkitPro/libgba/lib\libmm.a(mm_mas.o) (mmAllocChannel)
C:/devkitPro/libgba/lib\libmm.a(mm_mixer_gba.o)
                              bn_hw_audio.o (mmVBlank)
C:/devkitPro/libgba/lib\libmm.a(mm_main_gba.o)
                              C:/devkitPro/libgba/lib\libmm.a(mm_mixer_gba.o) (mm_vblank_function)
C:/devkitPro/devkitARM/bin/../lib/gcc/arm-none-eabi/13.1.0/../../../../arm-none-eabi/lib/thumb\libstdc++.a(guard.o)
                              main.o (__cxa_guard_acquire)
C:/devkitPro/devkitARM/bin/../lib/gcc/arm-none-eabi/13.1.0/../../../../arm-none-eabi/lib/thumb\libstdc++.a(guard_error.o)
                              C:/devkitPro/devkitARM/bin/../lib/gcc/arm-none-eabi/13.1.0/../../../../arm-none-eabi/lib/thumb\libstdc++.a(guard.o) (__gnu_cxx::recursive_init_error::~recursive_init_error())
C:/devkitPro/devkitARM/bin/../lib/gcc/arm-none-eabi/13.1.0/../../../../arm-none-eabi/lib/thumb\libstdc++.a(si_class_type_info.o)
                              C:/devkitPro/devkitARM/bin/../lib/gcc/arm-none-eabi/13.1.0/../../../../arm-none-eabi/lib/thumb\libstdc++.a(guard.o) (vtable for __cxxabiv1::__si_class_type_info)
C:/devkitPro/devkitARM/bin/../lib/gcc/arm-none-eabi/13.1.0/../../../../arm-none-eabi/lib/thumb\libstdc++.a(tinfo.o)
                              C:/devkitPro/devkitARM/bin/../lib/gcc/arm-none-eabi/13.1.0/../../../../arm-none-eabi/lib/thumb\libstdc++.a(si_class_type_info.o) (std::type_info::__is_pointer_p() const)
C:/devkitPro/devkitARM/bin/../lib/gcc/arm-none-eabi/13.1.0/../../../../arm-none-eabi/lib/thumb\libstdc++.a(class_type_info.o)
                              C:/devkitPro/devkitARM/bin/../lib/gcc/arm-none-eabi/13.1.0/../../../../arm-none-eabi/lib/thumb\libstdc++.a(si_class_type_info.o) (__cxxabiv1::__class_type_info::__do_upcast(__cxxabiv1::__class_type_info const*, void**) const)
C:/devkitPro/devkitARM/bin/../lib/gcc/arm-none-eabi/13.1.0/../../../../arm-none-eabi/lib/thumb\libstdc++.a(eh_alloc.o)
                              C:/devkitPro/devkitARM/bin/../lib/gcc/arm-none-eabi/13.1.0/../../../../arm-none-eabi/lib/thumb\libstdc++.a(guard.o) (__cxa_allocate_exception)
C:/devkitPro/devkitARM/bin/../lib/gcc/arm-none-eabi/13.1.0/../../../../arm-none-eabi/lib/thumb\libstdc++.a(eh_arm.o)
                              C:/devkitPro/devkitARM/bin/../lib/gcc/arm-none-eabi/13.1.0/../../../../arm-none-eabi/lib/thumb\libstdc++.a(guard.o) (__cxa_end_cleanup)
C:/devkitPro/devkitARM/bin/../lib/gcc/arm-none-eabi/13.1.0/../../../../arm-none-eabi/lib/thumb\libstdc++.a(eh_exception.o)
                              C:/devkitPro/devkitARM/bin/../lib/gcc/arm-none-eabi/13.1.0/../../../../arm-none-eabi/lib/thumb\libstdc++.a(guard.o) (std::exception::~exception())
C:/devkitPro/devkitARM/bin/../lib/gcc/arm-none-eabi/13.1.0/../../../../arm-none-eabi/lib/thumb\libstdc++.a(eh_globals.o)
                              C:/devkitPro/devkitARM/bin/../lib/gcc/arm-none-eabi/13.1.0/../../../../arm-none-eabi/lib/thumb\libstdc++.a(eh_arm.o) (__cxa_get_globals)
C:/devkitPro/devkitARM/bin/../lib/gcc/arm-none-eabi/13.1.0/../../../../arm-none-eabi/lib/thumb\libstdc++.a(eh_personality.o)
                              C:/devkitPro/devkitARM/bin/../lib/gcc/arm-none-eabi/13.1.0/../../../../arm-none-eabi/lib/thumb\libstdc++.a(guard.o) (__gxx_personality_v0)
C:/devkitPro/devkitARM/bin/../lib/gcc/arm-none-eabi/13.1.0/../../../../arm-none-eabi/lib/thumb\libstdc++.a(eh_terminate.o)
                              C:/devkitPro/devkitARM/bin/../lib/gcc/arm-none-eabi/13.1.0/../../../../arm-none-eabi/lib/thumb\libstdc++.a(eh_alloc.o) (std::terminate())
C:/devkitPro/devkitARM/bin/../lib/gcc/arm-none-eabi/13.1.0/../../../../arm-none-eabi/lib/thumb\libstdc++.a(eh_throw.o)
                              C:/devkitPro/devkitARM/bin/../lib/gcc/arm-none-eabi/13.1.0/../../../../arm-none-eabi/lib/thumb\libstdc++.a(guard.o) (__cxa_throw)
C:/devkitPro/devkitARM/bin/../lib/gcc/arm-none-eabi/13.1.0/../../../../arm-none-eabi/lib/thumb\libstdc++.a(eh_unex_handler.o)
                              C:/devkitPro/devkitARM/bin/../lib/gcc/arm-none-eabi/13.1.0/../../../../arm-none-eabi/lib/thumb\libstdc++.a(eh_terminate.o) (__cxxabiv1::__unexpected_handler)
C:/devkitPro/devkitARM/bin/../lib/gcc/arm-none-eabi/13.1.0/../../../../arm-none-eabi/lib/thumb\libstdc++.a(atomicity.o)
                              C:/devkitPro/devkitARM/bin/../lib/gcc/arm-none-eabi/13.1.0/../../../../arm-none-eabi/lib/thumb\libstdc++.a(eh_throw.o) (__gnu_cxx::__exchange_and_add(int volatile*, int))
[...]
Memory Configuration

Name             Origin             Length             Attributes
rom              0x08000000         0x02000000
iwram            0x03000000         0x00008000
ewram            0x02000000         0x00040000
*default*        0x00000000         0xffffffff

Linker script and memory map

                0x08000000                        __text_start = ORIGIN (rom)
                0x02040000                        __eheap_end = (ORIGIN (ewram) + LENGTH (ewram))
                0x03000000                        __iwram_start = ORIGIN (iwram)
                0x03008000                        __iwram_top = (ORIGIN (iwram) + LENGTH (iwram))
                0x03007fa0                        __sp_irq = (__iwram_top - 0x60)
                0x03007f00                        __sp_usr = (__sp_irq - 0xa0)
                0x03007ff8                        __irq_flags = 0x3007ff8
                0x08000000                        . = __text_start

.crt0           0x08000000      0x210
 *(.crt0)
 .crt0          0x08000000      0x210 C:/devkitPro/devkitARM/bin/../lib/gcc/arm-none-eabi/13.1.0/../../../../arm-none-eabi/lib/thumb/gba_crt0.o
                0x08000000                _start
                0x080000c4                __boot_method
                0x080000c5                __slave_number
                0x080000e0                start_vector
                0x08000210                        . = ALIGN (0x4)

.init           0x08000210        0xc
 *(SORT_NONE(.init))
 .init          0x08000210        0x4 C:/devkitPro/devkitARM/bin/../lib/gcc/arm-none-eabi/13.1.0/thumb/crti.o
                0x08000210                _init
 .init          0x08000214        0x8 C:/devkitPro/devkitARM/bin/../lib/gcc/arm-none-eabi/13.1.0/thumb/crtn.o

.plt            0x0800021c        0x0
 *(.plt)
                0x0800021c                        . = ALIGN (0x4)

.text           0x08000220    0x1b560
 *(EXCLUDE_FILE(*.iwram*) .text*)
 .text.__do_global_dtors_aux
                0x08000220       0x2c C:/devkitPro/devkitARM/bin/../lib/gcc/arm-none-eabi/13.1.0/thumb/crtbegin.o
 .text.frame_dummy
                0x0800024c       0x24 C:/devkitPro/devkitARM/bin/../lib/gcc/arm-none-eabi/13.1.0/thumb/crtbegin.o
 .text._ZN2jv4BallC2EN2bn7fixed_tILi12EEES3_S3_S3_
                0x08000270       0x88 jv_game_ball.o
                0x08000270                jv::Ball::Ball(bn::fixed_t<12>, bn::fixed_t<12>, bn::fixed_t<12>, bn::fixed_t<12>)
                0x08000270                jv::Ball::Ball(bn::fixed_t<12>, bn::fixed_t<12>, bn::fixed_t<12>, bn::fixed_t<12>)
 .text._ZN2jv4BallD2Ev
                0x080002f8       0x10 jv_game_ball.o
                0x080002f8                jv::Ball::~Ball()
                0x080002f8                jv::Ball::~Ball()
 .text._ZN2jv4Ball11set_stuck_xEN2bn7fixed_tILi12EEE
                0x08000308        0x4 jv_game_ball.o
                0x08000308                jv::Ball::set_stuck_x(bn::fixed_t<12>)
 .text._ZN2jv4Ball9set_deltaEN2bn7fixed_tILi12EEES3_
                0x0800030c        0x8 jv_game_ball.o
                0x0800030c                jv::Ball::set_delta(bn::fixed_t<12>, bn::fixed_t<12>)
 .text._ZN2jv4Ball9set_stuckEb
                0x08000314        0x8 jv_game_ball.o
                0x08000314                jv::Ball::set_stuck(bool)
 .text._ZN2jv4Ball4rollERNS_8PlatformE
                0x0800031c       0xf8 jv_game_ball.o
                0x0800031c                jv::Ball::roll(jv::Platform&)
 .text._ZN2jv5BrickC2Eiiiii
                0x08000414       0xa0 jv_game_brick.o
                0x08000414                jv::Brick::Brick(int, int, int, int, int)
                0x08000414                jv::Brick::Brick(int, int, int, int, int)
 .text._ZN2jv5BrickD2Ev
                0x080004b4       0x10 jv_game_brick.o
                0x080004b4                jv::Brick::~Brick()
                0x080004b4                jv::Brick::~Brick()
 .text._ZN2jv8PlatformC2EN2bn7fixed_tILi12EEES3_
                0x080004c4       0x8c jv_game_platform.o
                0x080004c4                jv::Platform::Platform(bn::fixed_t<12>, bn::fixed_t<12>)
                0x080004c4                jv::Platform::Platform(bn::fixed_t<12>, bn::fixed_t<12>)
 .text._ZN2jv8Platform5set_xEN2bn7fixed_tILi12EEE
                0x08000550       0x38 jv_game_platform.o
                0x08000550                jv::Platform::set_x(bn::fixed_t<12>)
 .text._ZN2jv8Platform14reset_positionEv
                0x08000588       0x20 jv_game_platform.o
                0x08000588                jv::Platform::reset_position()
 .text._ZN2jv8Platform4growEv
                0x080005a8       0x64 jv_game_platform.o
                0x080005a8                jv::Platform::grow()
 .text._ZN2jv8Platform6shrinkEv
                0x0800060c       0x64 jv_game_platform.o
                0x0800060c                jv::Platform::shrink()
 .text._ZN2jv8Platform12set_magneticEb
                0x08000670        0xc jv_game_platform.o
                0x08000670                jv::Platform::set_magnetic(bool)
 .text._ZN2jv8Platform12magnet_decayEv
                0x0800067c       0x70 jv_game_platform.o
                0x0800067c                jv::Platform::magnet_decay()
 .text._ZN2jv7PowerUpC2Eiii
                0x080006ec      0x124 jv_game_powerups.o
                0x080006ec                jv::PowerUp::PowerUp(int, int, int)
                0x080006ec                jv::PowerUp::PowerUp(int, int, int)
 .text._ZN2jv7PowerUp5set_yEN2bn7fixed_tILi12EEE
                0x08000810       0x38 jv_game_powerups.o
                0x08000810                jv::PowerUp::set_y(bn::fixed_t<12>)
 .text.__tcf_6  0x08000848       0x14 main.o
 .text.__tcf_11
                0x0800085c       0x14 main.o
 .text.__tcf_9  0x08000870       0x24 main.o
 .text._ZN12_GLOBAL__N_111reset_comboEv
                0x08000894       0x2c main.o
 .text._ZN12_GLOBAL__N_116platform_managerERN2jv8PlatformE.constprop.0
                0x080008c0       0x5c main.o
 .text.__tcf_10
                0x0800091c       0x24 main.o
 .text.__tcf_8  0x08000940       0x24 main.o
 .text.__tcf_7  0x08000964       0x24 main.o
 .text.__tcf_1  0x08000988       0x24 main.o
 .text.__tcf_2  0x080009ac       0x24 main.o
 .text.__tcf_3  0x080009d0       0x24 main.o
 .text.__tcf_4  0x080009f4       0x24 main.o
 .text.__tcf_5  0x08000a18       0x24 main.o
 .text._ZN3_bn6assert9show_argsIJA19_ciA4_ciEEEvPKcS5_S5_iDpRKT_
                0x08000a3c       0x6c main.o
                0x08000a3c                void _bn::assert::show_args<char [19], int, char [4], int>(char const*, char const*, char const*, int, char const (&) [19], int const&, char const (&) [4], int const&)
 .text._ZN12_GLOBAL__N_13hudERN2bn21sprite_text_generatorE.constprop.0
                0x08000aa8      0x614 main.o
 .text._ZN3_bn6assert9show_argsIJA16_ciA4_ciEEEvPKcS5_S5_iDpRKT_
                0x080010bc       0x6c main.o
                0x080010bc                void _bn::assert::show_args<char [16], int, char [4], int>(char const*, char const*, char const*, int, char const (&) [16], int const&, char const (&) [4], int const&)
 .text._ZN12_GLOBAL__N_115brick_animationERN2bn6vectorIN2jv5BrickELi35EEE.constprop.0
                0x08001128      0x138 main.o
 .text._ZN3_bn6assert9show_argsIA16_cEEvPKcS4_S4_iRKT_
                0x08001260       0x50 main.o
                0x08001260                void _bn::assert::show_args<char [16]>(char const*, char const*, char const*, int, char const (&) [16])
 .text._ZN3_bn6assert9show_argsIA15_cEEvPKcS4_S4_iRKT_
                0x080012b0       0x50 main.o
                0x080012b0                void _bn::assert::show_args<char [15]>(char const*, char const*, char const*, int, char const (&) [15])
 .text._ZN12_GLOBAL__N_111brick_layerEiicRN2bn6vectorIN2jv5BrickELi35EEE.constprop.0
                0x08001300      0x500 main.o
 .text._ZN3_bn6assert9show_argsIA17_cEEvPKcS4_S4_iRKT_
                0x08001800       0x50 main.o
                0x08001800                void _bn::assert::show_args<char [17]>(char const*, char const*, char const*, int, char const (&) [17])
 .text.startup.main
                0x08001850      0xfdc main.o
                0x08001850                main
 .text._ZN2bn13audio_manager4initEv
                0x0800282c        0xc bn_audio_manager.o
                0x0800282c                bn::audio_manager::init()
 .text._ZN2bn13audio_manager7disableEv
                0x08002838        0xc bn_audio_manager.o
                0x08002838                bn::audio_manager::disable()
 .text._ZN2bn13audio_manager22disable_vblank_handlerEv
                0x08002844        0xc bn_audio_manager.o
                0x08002844                bn::audio_manager::disable_vblank_handler()
 .text._ZN2bn13audio_manager6updateEv
                0x08002850       0x18 bn_audio_manager.o
                0x08002850                bn::audio_manager::update()
 .text._ZN2bn13audio_manager6commitEv
                0x08002868        0xc bn_audio_manager.o
                0x08002868                bn::audio_manager::commit()
 .text._ZN3_bn6assert9show_argsIA18_ciEEvPKcS4_S4_iRKT_RKT0_
                0x08002874       0x58 bn_audio_manager.o
                0x08002874                void _bn::assert::show_args<char [18], int>(char const*, char const*, char const*, int, char const (&) [18], int const&)
 .text._ZN3_bn6assert9show_argsIA14_ciEEvPKcS4_S4_iRKT_RKT0_
                0x080028cc       0x58 bn_audio_manager.o
                0x080028cc                void _bn::assert::show_args<char [14], int>(char const*, char const*, char const*, int, char const (&) [14], int const&)
 .text._ZN2bn13audio_manager16execute_commandsEv
                0x08002924      0x274 bn_audio_manager.o
                0x08002924                bn::audio_manager::execute_commands()
 .text._ZN3_bn6assert9show_argsIA19_ciEEvPKcS4_S4_iRKT_RKT0_
                0x08002b98       0x58 bn_audio_manager.o
                0x08002b98                void _bn::assert::show_args<char [19], int>(char const*, char const*, char const*, int, char const (&) [19], int const&)
 .text._ZN3_bn6assert9show_argsIA26_ciEEvPKcS4_S4_iRKT_RKT0_
                0x08002bf0       0x58 bn_audio_manager.o
                0x08002bf0                void _bn::assert::show_args<char [26], int>(char const*, char const*, char const*, int, char const (&) [26], int const&)
 .text._ZN3_bn6assert9show_argsIA33_cEEvPKcS4_S4_iRKT_
                0x08002c48       0x50 bn_audio_manager.o
                0x08002c48                void _bn::assert::show_args<char [33]>(char const*, char const*, char const*, int, char const (&) [33])
 .text._ZN3_bn6assert9show_argsIA25_cEEvPKcS4_S4_iRKT_
                0x08002c98       0x50 bn_audio_manager.o
                0x08002c98                void _bn::assert::show_args<char [25]>(char const*, char const*, char const*, int, char const (&) [25])
 .text._ZN2bn13audio_manager10stop_musicEv
                0x08002ce8       0x70 bn_audio_manager.o
                0x08002ce8                bn::audio_manager::stop_music()
 .text._ZN2bn13audio_manager4stopEv
                0x08002d58       0x60 bn_audio_manager.o
                0x08002d58                bn::audio_manager::stop()
 .text._ZN3_bn6assert9show_argsIA24_cEEvPKcS4_S4_iRKT_
                0x08002db8       0x50 bn_audio_manager.o
                0x08002db8                void _bn::assert::show_args<char [24]>(char const*, char const*, char const*, int, char const (&) [24])
 .text._ZN2bn13ostringstream6appendILi12EEEvNS_7fixed_tIXT_EEE
                0x08002e08       0xa0 bn_audio_manager.o
                0x08002e08                void bn::ostringstream::append<12>(bn::fixed_t<12>)
 .text.startup._GLOBAL__sub_I__ZN2bn5audio16update_on_vblankEv
                0x08002ea8       0x40 bn_audio_manager.o
 .text._ZN2bn18best_fit_allocator4freeEPv
                0x08002ee8      0x110 bn_best_fit_allocator.o
                0x08002ee8                bn::best_fit_allocator::free(void*)
 .text._ZN3_bn6assert9show_argsIA23_cEEvPKcS4_S4_iRKT_
                0x08002ff8       0x50 bn_best_fit_allocator.o
                0x08002ff8                void _bn::assert::show_args<char [23]>(char const*, char const*, char const*, int, char const (&) [23])
 .text._ZN2bn18best_fit_allocatorD2Ev
                0x08003048       0x34 bn_best_fit_allocator.o
                0x08003048                bn::best_fit_allocator::~best_fit_allocator()
                0x08003048                bn::best_fit_allocator::~best_fit_allocator()
 .text._ZN3_bn6assert9show_argsIA16_ciEEvPKcS4_S4_iRKT_RKT0_
                0x0800307c       0x58 bn_best_fit_allocator.o
                0x0800307c                void _bn::assert::show_args<char [16], int>(char const*, char const*, char const*, int, char const (&) [16], int const&)
 .text._ZN2bn18best_fit_allocator5allocEi
                0x080030d4      0x160 bn_best_fit_allocator.o
                0x080030d4                bn::best_fit_allocator::alloc(int)
 .text._ZN3_bn6assert9show_argsIA20_ciEEvPKcS4_S4_iRKT_RKT0_
                0x08003234       0x58 bn_best_fit_allocator.o
                0x08003234                void _bn::assert::show_args<char [20], int>(char const*, char const*, char const*, int, char const (&) [20], int const&)
 .text._ZN3_bn6assert9show_argsIA14_cEEvPKcS4_S4_iRKT_
                0x0800328c       0x50 bn_best_fit_allocator.o
                0x0800328c                void _bn::assert::show_args<char [14]>(char const*, char const*, char const*, int, char const (&) [14])
 .text._ZN3_bn6assert9show_argsIA21_cEEvPKcS4_S4_iRKT_
                0x080032dc       0x50 bn_best_fit_allocator.o
                0x080032dc                void _bn::assert::show_args<char [21]>(char const*, char const*, char const*, int, char const (&) [21])
 .text._ZN2bn18best_fit_allocator5resetEPvi
                0x0800332c       0xc4 bn_best_fit_allocator.o
                0x0800332c                bn::best_fit_allocator::reset(void*, int)
 .text._ZN2bn17bg_blocks_manager12_GLOBAL__N_125_regular_map_blocks_countEii
                0x080033f0       0x38 bn_bg_blocks_manager.o
 .text._ZN2bn13ostringstream11append_argsIiJA4_ctEEEvRKT_DpRKT0_.isra.0
                0x08003428       0x24 bn_bg_blocks_manager.o
 .text._ZN2bn13ostringstream11append_argsIiJA4_ciEEEvRKT_DpRKT0_.isra.0
                0x0800344c       0x24 bn_bg_blocks_manager.o
 .text._ZNK2bn18regular_bg_map_ptr2idEv
                0x08003470       0x18 bn_bg_blocks_manager.o
                0x08003470                bn::regular_bg_map_ptr::id() const
 .text._ZNK2bn18regular_bg_map_ptr10dimensionsEv
                0x08003488       0x20 bn_bg_blocks_manager.o
                0x08003488                bn::regular_bg_map_ptr::dimensions() const
 .text._ZNK2bn20regular_bg_tiles_ptr3cbbEv
                0x080034a8       0x18 bn_bg_blocks_manager.o
                0x080034a8                bn::regular_bg_tiles_ptr::cbb() const
 .text._ZNK2bn17affine_bg_map_ptr2idEv
                0x080034c0       0x18 bn_bg_blocks_manager.o
                0x080034c0                bn::affine_bg_map_ptr::id() const
 .text._ZNK2bn17affine_bg_map_ptr10dimensionsEv
                0x080034d8       0x20 bn_bg_blocks_manager.o
                0x080034d8                bn::affine_bg_map_ptr::dimensions() const
 .text._ZNK2bn19affine_bg_tiles_ptr3cbbEv
                0x080034f8       0x18 bn_bg_blocks_manager.o
                0x080034f8                bn::affine_bg_tiles_ptr::cbb() const
 .text._ZN2bn17bg_blocks_manager10log_statusEv
                0x08003510      0x3f8 bn_bg_blocks_manager.o
                0x08003510                bn::bg_blocks_manager::log_status()
 .text._ZN2bn17bg_blocks_manager15decrease_usagesEi
                0x08003908       0x98 bn_bg_blocks_manager.o
                0x08003908                bn::bg_blocks_manager::decrease_usages(int)
 .text._ZN2bn18regular_bg_map_ptrD2Ev
                0x080039a0       0x18 bn_bg_blocks_manager.o
                0x080039a0                bn::regular_bg_map_ptr::~regular_bg_map_ptr()
                0x080039a0                bn::regular_bg_map_ptr::~regular_bg_map_ptr()
 .text._ZN2bn17affine_bg_map_ptrD2Ev
                0x080039b8       0x18 bn_bg_blocks_manager.o
                0x080039b8                bn::affine_bg_map_ptr::~affine_bg_map_ptr()
                0x080039b8                bn::affine_bg_map_ptr::~affine_bg_map_ptr()
 .text._ZN2bn17bg_blocks_manager12_GLOBAL__N_110items_list12insert_afterEiRKNS1_9item_typeE.constprop.0
                0x080039d0      0x250 bn_bg_blocks_manager.o
 .text._ZN2bn17bg_blocks_manager4initEv
                0x08003c20       0x7c bn_bg_blocks_manager.o
                0x08003c20                bn::bg_blocks_manager::init()
 .text._ZN2bn17bg_blocks_manager11must_commitEi
                0x08003c9c       0x18 bn_bg_blocks_manager.o
                0x08003c9c                bn::bg_blocks_manager::must_commit(int)
 .text._ZN3_bn6assert9show_argsIA27_ciEEvPKcS4_S4_iRKT_RKT0_
                0x08003cb4       0x58 bn_bg_blocks_manager.o
                0x08003cb4                void _bn::assert::show_args<char [27], int>(char const*, char const*, char const*, int, char const (&) [27], int const&)
 .text._ZN3_bn6assert9show_argsIA15_ciEEvPKcS4_S4_iRKT_RKT0_
                0x08003d0c       0x58 bn_bg_blocks_manager.o
                0x08003d0c                void _bn::assert::show_args<char [15], int>(char const*, char const*, char const*, int, char const (&) [15], int const&)
 .text._ZN3_bn6assert9show_argsIJA22_ciA4_ciEEEvPKcS5_S5_iDpRKT_
                0x08003d64       0x5c bn_bg_blocks_manager.o
                0x08003d64                void _bn::assert::show_args<char [22], int, char [4], int>(char const*, char const*, char const*, int, char const (&) [22], int const&, char const (&) [4], int const&)
 .text._ZN3_bn6assert9show_argsIJA58_ciA4_ciEEEvPKcS5_S5_iDpRKT_
                0x08003dc0       0x5c bn_bg_blocks_manager.o
                0x08003dc0                void _bn::assert::show_args<char [58], int, char [4], int>(char const*, char const*, char const*, int, char const (&) [58], int const&, char const (&) [4], int const&)
 .text._ZN3_bn6assert9show_argsIA22_ciEEvPKcS4_S4_iRKT_RKT0_
                0x08003e1c       0x58 bn_bg_blocks_manager.o
                0x08003e1c                void _bn::assert::show_args<char [22], int>(char const*, char const*, char const*, int, char const (&) [22], int const&)
 .text._ZN3_bn6assert9show_argsIJA44_cPKtA4_cS4_EEEvPKcS7_S7_iDpRKT_
                0x08003e74       0x6c bn_bg_blocks_manager.o
                0x08003e74                void _bn::assert::show_args<char [44], unsigned short const*, char [4], unsigned short const*>(char const*, char const*, char const*, int, char const (&) [44], unsigned short const* const&, char const (&) [4], unsigned short const* const&)
 .text._ZN3_bn6assert9show_argsIJA46_ciA4_ciEEEvPKcS5_S5_iDpRKT_
                0x08003ee0       0x5c bn_bg_blocks_manager.o
                0x08003ee0                void _bn::assert::show_args<char [46], int, char [4], int>(char const*, char const*, char const*, int, char const (&) [46], int const&, char const (&) [4], int const&)
 .text._ZN3_bn6assert9show_argsIJA37_cbA4_cbEEEvPKcS5_S5_iDpRKT_
                0x08003f3c       0x84 bn_bg_blocks_manager.o
                0x08003f3c                void _bn::assert::show_args<char [37], bool, char [4], bool>(char const*, char const*, char const*, int, char const (&) [37], bool const&, char const (&) [4], bool const&)
 .text._ZN3_bn6assert9show_argsIA19_cEEvPKcS4_S4_iRKT_
                0x08003fc0       0x50 bn_bg_blocks_manager.o
                0x08003fc0                void _bn::assert::show_args<char [19]>(char const*, char const*, char const*, int, char const (&) [19])
 .text._ZN2bn17bg_blocks_manager12_GLOBAL__N_116_find_tiles_implEPKtNS_16compression_typeEib
                0x08004010      0x1d8 bn_bg_blocks_manager.o
 .text._ZN3_bn6assert9show_argsIJA34_ciA4_ctEEEvPKcS5_S5_iDpRKT_
                0x080041e8       0x5c bn_bg_blocks_manager.o
                0x080041e8                void _bn::assert::show_args<char [34], int, char [4], unsigned short>(char const*, char const*, char const*, int, char const (&) [34], int const&, char const (&) [4], unsigned short const&)
 .text._ZN3_bn6assert9show_argsIJA36_ciA4_ctEEEvPKcS5_S5_iDpRKT_
                0x08004244       0x5c bn_bg_blocks_manager.o
                0x08004244                void _bn::assert::show_args<char [36], int, char [4], unsigned short>(char const*, char const*, char const*, int, char const (&) [36], int const&, char const (&) [4], unsigned short const&)
 .text._ZN3_bn6assert9show_argsIJA54_ciA4_ciEEEvPKcS5_S5_iDpRKT_
                0x080042a0       0x5c bn_bg_blocks_manager.o
                0x080042a0                void _bn::assert::show_args<char [54], int, char [4], int>(char const*, char const*, char const*, int, char const (&) [54], int const&, char const (&) [4], int const&)
 .text._ZN3_bn6assert9show_argsIA22_cEEvPKcS4_S4_iRKT_
                0x080042fc       0x50 bn_bg_blocks_manager.o
                0x080042fc                void _bn::assert::show_args<char [22]>(char const*, char const*, char const*, int, char const (&) [22])
 .text._ZNK2bn18regular_bg_map_ptr5tilesEv
                0x0800434c       0x48 bn_bg_blocks_manager.o
                0x0800434c                bn::regular_bg_map_ptr::tiles() const
 .text._ZNK2bn17affine_bg_map_ptr5tilesEv
                0x08004394       0x48 bn_bg_blocks_manager.o
                0x08004394                bn::affine_bg_map_ptr::tiles() const
 .text._ZNK2bn18regular_bg_map_ptr3bppEv
                0x080043dc       0x4c bn_bg_blocks_manager.o
                0x080043dc                bn::regular_bg_map_ptr::bpp() const
 .text._ZN2bn17bg_blocks_manager21update_affine_map_rowEiii
                0x08004428      0x104 bn_bg_blocks_manager.o
                0x08004428                bn::bg_blocks_manager::update_affine_map_row(int, int, int)
 .text._ZN2bn17bg_blocks_manager23set_affine_map_positionEiii
                0x0800452c      0x1c4 bn_bg_blocks_manager.o
                0x0800452c                bn::bg_blocks_manager::set_affine_map_position(int, int, int)
 .text._ZN2bn17bg_blocks_manager21update_affine_map_colEiii
                0x080046f0      0x224 bn_bg_blocks_manager.o
                0x080046f0                bn::bg_blocks_manager::update_affine_map_col(int, int, int)
 .text._ZN2bn17bg_blocks_manager22update_regular_map_colEiii
                0x08004914      0x174 bn_bg_blocks_manager.o
                0x08004914                bn::bg_blocks_manager::update_regular_map_col(int, int, int)
 .text._ZN2bn17bg_blocks_manager22update_regular_map_rowEiii
                0x08004a88      0x14c bn_bg_blocks_manager.o
                0x08004a88                bn::bg_blocks_manager::update_regular_map_row(int, int, int)
 .text._ZN2bn17bg_blocks_manager24set_regular_map_positionEiii
                0x08004bd4      0x1d4 bn_bg_blocks_manager.o
                0x08004bd4                bn::bg_blocks_manager::set_regular_map_position(int, int, int)
 .text._ZN2bn17bg_blocks_manager12_GLOBAL__N_112_commit_itemERKNS1_9item_typeE
                0x08004da8      0x2b8 bn_bg_blocks_manager.o
 .text._ZN2bn17bg_blocks_manager6commitEv
                0x08005060       0x40 bn_bg_blocks_manager.o
                0x08005060                bn::bg_blocks_manager::commit()
 .text._ZN2bn17bg_blocks_manager21set_regular_map_tilesEiONS_20regular_bg_tiles_ptrE
                0x080050a0      0x25c bn_bg_blocks_manager.o
                0x080050a0                bn::bg_blocks_manager::set_regular_map_tiles(int, bn::regular_bg_tiles_ptr&&)
 .text._ZN2bn17bg_blocks_manager23set_regular_map_paletteEiONS_14bg_palette_ptrE
                0x080052fc      0x224 bn_bg_blocks_manager.o
                0x080052fc                bn::bg_blocks_manager::set_regular_map_palette(int, bn::bg_palette_ptr&&)
 .text._ZN3_bn6assert9show_argsIJA34_ciA4_ciEEEvPKcS5_S5_iDpRKT_
                0x08005520       0x5c bn_bg_blocks_manager.o
                0x08005520                void _bn::assert::show_args<char [34], int, char [4], int>(char const*, char const*, char const*, int, char const (&) [34], int const&, char const (&) [4], int const&)
 .text._ZN3_bn6assert9show_argsIJA38_ciA4_ciEEEvPKcS5_S5_iDpRKT_
                0x0800557c       0x5c bn_bg_blocks_manager.o
                0x0800557c                void _bn::assert::show_args<char [38], int, char [4], int>(char const*, char const*, char const*, int, char const (&) [38], int const&, char const (&) [4], int const&)
 .text._ZN3_bn6assert9show_argsIJA32_cA15_cPKtA16_ciA17_ciA34_cN2bn11string_viewEEEEvPKcSC_SC_iDpRKT_
                0x080055d8       0x94 bn_bg_blocks_manager.o
                0x080055d8                void _bn::assert::show_args<char [32], char [15], unsigned short const*, char [16], int, char [17], int, char [34], bn::string_view>(char const*, char const*, char const*, int, char const (&) [32], char const (&) [15], unsigned short const* const&, char const (&) [16], int const&, char const (&) [17], int const&, char const (&) [34], bn::string_view const&)
 .text._ZN3_bn6assert9show_argsIA26_cEEvPKcS4_S4_iRKT_
                0x0800566c       0x50 bn_bg_blocks_manager.o
                0x0800566c                void _bn::assert::show_args<char [26]>(char const*, char const*, char const*, int, char const (&) [26])
 .text._ZN3_bn6assert9show_argsIA46_cEEvPKcS4_S4_iRKT_
                0x080056bc       0x50 bn_bg_blocks_manager.o
                0x080056bc                void _bn::assert::show_args<char [46]>(char const*, char const*, char const*, int, char const (&) [46])
 .text._ZN3_bn6assert9show_argsIJA30_cA13_cPKtA14_ciA15_ciA17_ciA34_cN2bn11string_viewEEEEvPKcSD_SD_iDpRKT_
                0x0800570c       0xa8 bn_bg_blocks_manager.o
                0x0800570c                void _bn::assert::show_args<char [30], char [13], unsigned short const*, char [14], int, char [15], int, char [17], int, char [34], bn::string_view>(char const*, char const*, char const*, int, char const (&) [30], char const (&) [13], unsigned short const* const&, char const (&) [14], int const&, char const (&) [15], int const&, char const (&) [17], int const&, char const (&) [34], bn::string_view const&)
 .text._ZN3_bn6assert9show_argsIA31_cEEvPKcS4_S4_iRKT_
                0x080057b4       0x50 bn_bg_blocks_manager.o
                0x080057b4                void _bn::assert::show_args<char [31]>(char const*, char const*, char const*, int, char const (&) [31])
 .text._ZN3_bn6assert9show_argsIJA37_ciA4_ciEEEvPKcS5_S5_iDpRKT_
                0x08005804       0x5c bn_bg_blocks_manager.o
                0x08005804                void _bn::assert::show_args<char [37], int, char [4], int>(char const*, char const*, char const*, int, char const (&) [37], int const&, char const (&) [4], int const&)
 .text._ZN2bn17bg_blocks_manager33set_regular_map_tiles_and_paletteEiONS_20regular_bg_tiles_ptrEONS_14bg_palette_ptrE
                0x08005860      0x2e8 bn_bg_blocks_manager.o
                0x08005860                bn::bg_blocks_manager::set_regular_map_tiles_and_palette(int, bn::regular_bg_tiles_ptr&&, bn::bg_palette_ptr&&)
 .text._ZN2bn17bg_blocks_manager12_GLOBAL__N_122_find_regular_map_implERKNS_19regular_bg_map_itemERKNS_20regular_bg_tiles_ptrERKNS_14bg_palette_ptrE
                0x08005b48      0x380 bn_bg_blocks_manager.o
 .text._ZN3_bn6assert9show_argsIA39_ciEEvPKcS4_S4_iRKT_RKT0_
                0x08005ec8       0x58 bn_bg_blocks_manager.o
                0x08005ec8                void _bn::assert::show_args<char [39], int>(char const*, char const*, char const*, int, char const (&) [39], int const&)
 .text._ZN3_bn6assert9show_argsIA25_ciEEvPKcS4_S4_iRKT_RKT0_
                0x08005f20       0x58 bn_bg_blocks_manager.o
                0x08005f20                void _bn::assert::show_args<char [25], int>(char const*, char const*, char const*, int, char const (&) [25], int const&)
 .text._ZN2bn14iunordered_mapIPKviNS_17bg_blocks_manager12_GLOBAL__N_115identity_hasherENS_8equal_toIS2_EEE5eraseERKNS8_14const_iteratorE.constprop.0.isra.0
                0x08005f78      0x1a4 bn_bg_blocks_manager.o
 .text._ZN2bn17bg_blocks_manager12_GLOBAL__N_121_remove_adjacent_itemEiRNS1_9item_typeE
                0x0800611c       0xcc bn_bg_blocks_manager.o
 .text._ZN2bn17bg_blocks_manager6updateEv
                0x080061e8      0x200 bn_bg_blocks_manager.o
                0x080061e8                bn::bg_blocks_manager::update()
 .text._ZN2bn17bg_blocks_manager12_GLOBAL__N_112_create_itemEiibONS1_11create_dataE
                0x080063e8      0x524 bn_bg_blocks_manager.o
 .text._ZN2bn17bg_blocks_manager12_GLOBAL__N_112_create_implEONS1_11create_dataE
                0x0800690c      0x1fc bn_bg_blocks_manager.o
 .text._ZN2bn17bg_blocks_manager20create_regular_tilesERKNS_21regular_bg_tiles_itemEb
                0x08006b08      0x148 bn_bg_blocks_manager.o
                0x08006b08                bn::bg_blocks_manager::create_regular_tiles(bn::regular_bg_tiles_item const&, bool)
 .text._ZN2bn17bg_blocks_manager18create_regular_mapERKNS_19regular_bg_map_itemEONS_20regular_bg_tiles_ptrEONS_14bg_palette_ptrEb
                0x08006c50      0x27c bn_bg_blocks_manager.o
                0x08006c50                bn::bg_blocks_manager::create_regular_map(bn::regular_bg_map_item const&, bn::regular_bg_tiles_ptr&&, bn::bg_palette_ptr&&, bool)
 .text._ZN2bn18regular_bg_map_ptr6createERKNS_15regular_bg_itemE
                0x08006ecc       0x50 bn_bg_blocks_manager.o
                0x08006ecc                bn::regular_bg_map_ptr::create(bn::regular_bg_item const&)
 .text.startup._GLOBAL__sub_I__ZN2bn7bg_maps16used_cells_countEv
                0x08006f1c       0x98 bn_bg_blocks_manager.o
 .text.exit._GLOBAL__sub_D__ZN2bn7bg_maps16used_cells_countEv
                0x08006fb4       0x50 bn_bg_blocks_manager.o
 .text._ZN2bn11bgs_manager12_GLOBAL__N_129_check_unique_regular_big_mapERNS1_9item_typeE
                0x08007004       0x68 bn_bgs_manager.o
 .text._ZN2bn11bgs_manager12_GLOBAL__N_133_update_item_hw_affine_attributesERKNS1_9item_typeE
                0x0800706c       0x48 bn_bgs_manager.o
 .text._ZN2bn13ostringstream11append_argsIiJA4_ciEEEvRKT_DpRKT0_.isra.0
                0x080070b4       0x24 bn_bgs_manager.o
 .text._ZN2bn14regular_bg_ptr20set_blending_enabledEb
                0x080070d8       0x3c bn_bgs_manager.o
                0x080070d8                bn::regular_bg_ptr::set_blending_enabled(bool)
 .text._ZN2bn11bgs_manager5hw_idEPv
                0x08007114        0x8 bn_bgs_manager.o
                0x08007114                bn::bgs_manager::hw_id(void*)
 .text._ZN2bn11bgs_manager11hw_positionEPv
                0x0800711c        0x4 bn_bgs_manager.o
                0x0800711c                bn::bgs_manager::hw_position(void*)
 .text._ZN2bn11bgs_manager14mat_attributesEPv
                0x08007120        0x4 bn_bgs_manager.o
                0x08007120                bn::bgs_manager::mat_attributes(void*)
 .text._ZN2bn11bgs_manager20update_windows_flagsEPj
                0x08007124       0x7c bn_bgs_manager.o
                0x08007124                bn::bgs_manager::update_windows_flags(unsigned int*)
 .text._ZN2bn11bgs_manager28update_regular_map_tiles_cbbEii
                0x080071a0       0xa8 bn_bgs_manager.o
                0x080071a0                bn::bgs_manager::update_regular_map_tiles_cbb(int, int)
 .text._ZN2bn11bgs_manager30update_regular_map_palette_bppEiNS_8bpp_modeE
                0x08007248       0xac bn_bgs_manager.o
                0x08007248                bn::bgs_manager::update_regular_map_palette_bpp(int, bn::bpp_mode)
 .text._ZN2bn11bgs_manager36fill_hblank_effect_regular_positionsEiPKNS_7fixed_tILi12EEEPt
                0x080072f4       0x38 bn_bgs_manager.o
                0x080072f4                bn::bgs_manager::fill_hblank_effect_regular_positions(int, bn::fixed_t<12> const*, unsigned short*)
 .text._ZN2bn11bgs_manager45fill_hblank_effect_pivot_horizontal_positionsEPvPKNS_7fixed_tILi12EEEPj
                0x0800732c       0x24 bn_bgs_manager.o
                0x0800732c                bn::bgs_manager::fill_hblank_effect_pivot_horizontal_positions(void*, bn::fixed_t<12> const*, unsigned int*)
 .text._ZN2bn11bgs_manager43fill_hblank_effect_pivot_vertical_positionsEPvPKNS_7fixed_tILi12EEEPj
                0x08007350       0x24 bn_bgs_manager.o
                0x08007350                bn::bgs_manager::fill_hblank_effect_pivot_vertical_positions(void*, bn::fixed_t<12> const*, unsigned int*)
 .text._ZN2bn11bgs_manager6commitEb
                0x08007374       0x58 bn_bgs_manager.o
                0x08007374                bn::bgs_manager::commit(bool)
 .text._ZN2bn11bgs_manager4stopEv
                0x080073cc       0x28 bn_bgs_manager.o
                0x080073cc                bn::bgs_manager::stop()
 .text._ZN3_bn6assert9show_argsIA17_ciEEvPKcS4_S4_iRKT_RKT0_
                0x080073f4       0x58 bn_bgs_manager.o
                0x080073f4                void _bn::assert::show_args<char [17], int>(char const*, char const*, char const*, int, char const (&) [17], int const&)
 .text._ZN3_bn6assert9show_argsIA30_cEEvPKcS4_S4_iRKT_
                0x0800744c       0x50 bn_bgs_manager.o
                0x0800744c                void _bn::assert::show_args<char [30]>(char const*, char const*, char const*, int, char const (&) [30])
 .text._ZN3_bn6assert9show_argsIJA60_ciA4_ciEEEvPKcS5_S5_iDpRKT_
                0x0800749c       0x5c bn_bgs_manager.o
                0x0800749c                void _bn::assert::show_args<char [60], int, char [4], int>(char const*, char const*, char const*, int, char const (&) [60], int const&, char const (&) [4], int const&)
 .text._ZN3_bn6assert9show_argsIJA59_ciA4_ciEEEvPKcS5_S5_iDpRKT_
                0x080074f8       0x5c bn_bgs_manager.o
                0x080074f8                void _bn::assert::show_args<char [59], int, char [4], int>(char const*, char const*, char const*, int, char const (&) [59], int const&, char const (&) [4], int const&)
 .text._ZN3_bn6assert9show_argsIJA57_ciA4_ciEEEvPKcS5_S5_iDpRKT_
                0x08007554       0x5c bn_bgs_manager.o
                0x08007554                void _bn::assert::show_args<char [57], int, char [4], int>(char const*, char const*, char const*, int, char const (&) [57], int const&, char const (&) [4], int const&)
 .text._ZN2bn11bgs_manager14update_camerasEv
                0x080075b0      0x2b4 bn_bgs_manager.o
                0x080075b0                bn::bgs_manager::update_cameras()
 .text._ZN3_bn6assert9show_argsIA27_cEEvPKcS4_S4_iRKT_
                0x08007864       0x50 bn_bgs_manager.o
                0x08007864                void _bn::assert::show_args<char [27]>(char const*, char const*, char const*, int, char const (&) [27])
 .text._ZN2bn11bgs_manager15rebuild_handlesEv.part.0
                0x080078b4      0x198 bn_bgs_manager.o
 .text._ZN2bn18regular_bg_builder11release_mapEv
                0x08007a4c       0x78 bn_bgs_manager.o
                0x08007a4c                bn::regular_bg_builder::release_map()
 .text._ZN2bn11bgs_manager37fill_hblank_effect_regular_attributesEPvPKNS_21regular_bg_attributesEPt
                0x08007ac4      0x100 bn_bgs_manager.o
                0x08007ac4                bn::bgs_manager::fill_hblank_effect_regular_attributes(void*, bn::regular_bg_attributes const*, unsigned short*)
 .text._ZN2bn11bgs_manager6updateEv
                0x08007bc4      0x1d0 bn_bgs_manager.o
                0x08007bc4                bn::bgs_manager::update()
 .text._ZN2bn11bgs_manager15commit_big_mapsEv
                0x08007d94      0x1d4 bn_bgs_manager.o
                0x08007d94                bn::bgs_manager::commit_big_maps()
 .text._ZN2bn11bgs_manager36fill_hblank_effect_affine_attributesEPvPKNS_20affine_bg_attributesEPt
                0x08007f68      0x104 bn_bgs_manager.o
                0x08007f68                bn::bgs_manager::fill_hblank_effect_affine_attributes(void*, bn::affine_bg_attributes const*, unsigned short*)
 .text._ZN2bn11bgs_manager12_GLOBAL__N_19item_type18update_regular_mapEv
                0x0800806c      0x230 bn_bgs_manager.o
 .text._ZN2bn11bgs_manager10affine_mapEPv
                0x0800829c       0x34 bn_bgs_manager.o
                0x0800829c                bn::bgs_manager::affine_map(void*)
 .text._ZN2bn11bgs_manager11regular_mapEPv
                0x080082d0       0x34 bn_bgs_manager.o
                0x080082d0                bn::bgs_manager::regular_map(void*)
 .text._ZN2bn11bgs_manager12_GLOBAL__N_112_insert_itemERNS1_9item_typeE
                0x08008304      0x10c bn_bgs_manager.o
 .text._ZN3_bn6assert9show_argsIA13_cEEvPKcS4_S4_iRKT_
                0x08008410       0x50 bn_bgs_manager.o
                0x08008410                void _bn::assert::show_args<char [13]>(char const*, char const*, char const*, int, char const (&) [13])
 .text._ZN2bn11bgs_manager6createEONS_18regular_bg_builderE
                0x08008460      0x1d4 bn_bgs_manager.o
                0x08008460                bn::bgs_manager::create(bn::regular_bg_builder&&)
 .text._ZNK2bn15regular_bg_item9create_bgENS_7fixed_tILi12EEES2_
                0x08008634       0x74 bn_bgs_manager.o
                0x08008634                bn::regular_bg_item::create_bg(bn::fixed_t<12>, bn::fixed_t<12>) const
 .text._ZN3_bn6assert9show_argsIJA23_ciA4_ciEEEvPKcS5_S5_iDpRKT_
                0x080086a8       0x5c bn_bgs_manager.o
                0x080086a8                void _bn::assert::show_args<char [23], int, char [4], int>(char const*, char const*, char const*, int, char const (&) [23], int const&, char const (&) [4], int const&)
 .text._ZN2bn5eraseIPNS_11bgs_manager12_GLOBAL__N_19item_typeEEENS_7ivectorIT_E9size_typeERS7_RKS6_.constprop.0.isra.0
                0x08008704      0x13c bn_bgs_manager.o
 .text._ZN2bn11bgs_manager15decrease_usagesEPv
                0x08008840       0xa8 bn_bgs_manager.o
                0x08008840                bn::bgs_manager::decrease_usages(void*)
 .text._ZN2bn14regular_bg_ptrD2Ev
                0x080088e8       0x18 bn_bgs_manager.o
                0x080088e8                bn::regular_bg_ptr::~regular_bg_ptr()
                0x080088e8                bn::regular_bg_ptr::~regular_bg_ptr()
 .text._ZN2bn14regular_bg_ptr12set_priorityEi
                0x08008900       0x68 bn_bgs_manager.o
                0x08008900                bn::regular_bg_ptr::set_priority(int)
 .text.startup._GLOBAL__sub_I__ZN2bn3bgs16used_items_countEv
                0x08008968       0x80 bn_bgs_manager.o
 .text.exit._GLOBAL__sub_D__ZN2bn3bgs16used_items_countEv
                0x080089e8       0x14 bn_bgs_manager.o
 .text._ZN2bn10camera_ptrD2Ev
                0x080089fc       0x38 bn_cameras_manager.o
                0x080089fc                bn::camera_ptr::~camera_ptr()
                0x080089fc                bn::camera_ptr::~camera_ptr()
 .text._ZNK2bn10camera_ptr8positionEv
                0x08008a34       0x14 bn_cameras_manager.o
                0x08008a34                bn::camera_ptr::position() const
 .text._ZN2bn15cameras_manager4initEv
                0x08008a48       0x10 bn_cameras_manager.o
                0x08008a48                bn::cameras_manager::init()
 .text._ZN2bn15cameras_manager6updateEv
                0x08008a58       0x28 bn_cameras_manager.o
                0x08008a58                bn::cameras_manager::update()
 .text._ZN3_bn6assert9show_argsIA21_cN2bn7fixed_tILi12EEEEEvPKcS7_S7_iRKT_RKT0_
                0x08008a80       0x58 bn_color_effect.o
                0x08008a80                void _bn::assert::show_args<char [21], bn::fixed_t<12> >(char const*, char const*, char const*, int, char const (&) [21], bn::fixed_t<12> const&)
 .text._ZN2bn4core12_GLOBAL__N_14stopEb.constprop.0
                0x08008ad8       0x54 bn_core.o
 .text._ZN2bn4core12_GLOBAL__N_111update_implEv
                0x08008b2c       0xd8 bn_core.o
 .text._ZN2bn11string_viewC2EPKc
                0x08008c04       0x1c bn_core.o
                0x08008c04                bn::string_view::string_view(char const*)
                0x08008c04                bn::string_view::string_view(char const*)
 .text._ZN2bn4core6updateEv
                0x08008c20       0x68 bn_core.o
                0x08008c20                bn::core::update()
 .text._ZN2bn4core4initERKNS_11string_viewE
                0x08008c88       0x94 bn_core.o
                0x08008c88                bn::core::init(bn::string_view const&)
 .text._ZN2bn4core4initEv
                0x08008d1c       0x18 bn_core.o
                0x08008d1c                bn::core::init()
 .text._ZN2bn4core9on_vblankEv
                0x08008d34       0x2c bn_core.o
                0x08008d34                bn::core::on_vblank()
 .text._ZN2bn4core5resetEv
                0x08008d60       0x10 bn_core.o
                0x08008d60                bn::core::reset()
 .text._ZN3_bn6assert4showEPKcS2_S2_iRKN2bn12istring_baseE
                0x08008d70       0x80 bn_core.o
                0x08008d70                _bn::assert::show(char const*, char const*, char const*, int, bn::istring_base const&)
 .text.startup._GLOBAL__sub_I__ZN2bn4core4initEv
                0x08008df0       0x44 bn_core.o
 .text._ZN2bn15display_manager12_GLOBAL__N_134_update_rect_windows_hw_boundariesEi
                0x08008e34       0x84 bn_display_manager.o
 .text._ZN2bn15display_manager4initEv
                0x08008eb8       0x40 bn_display_manager.o
                0x08008eb8                bn::display_manager::init()
 .text._ZN2bn15display_manager8set_modeEi
                0x08008ef8       0x1c bn_display_manager.o
                0x08008ef8                bn::display_manager::set_mode(int)
 .text._ZN2bn15display_manager14set_bg_enabledEib
                0x08008f14       0x1c bn_display_manager.o
                0x08008f14                bn::display_manager::set_bg_enabled(int, bool)
 .text._ZN2bn15display_manager15disable_all_bgsEv
                0x08008f30       0x18 bn_display_manager.o
                0x08008f30                bn::display_manager::disable_all_bgs()
 .text._ZN2bn15display_manager36fill_mosaic_hblank_effect_attributesEPKNS_17mosaic_attributesEPt
                0x08008f48       0xb4 bn_display_manager.o
                0x08008f48                bn::display_manager::fill_mosaic_hblank_effect_attributes(bn::mosaic_attributes const*, unsigned short*)
 .text._ZN2bn15display_manager23set_blending_bg_enabledEib
                0x08008ffc       0x1c bn_display_manager.o
                0x08008ffc                bn::display_manager::set_blending_bg_enabled(int, bool)
 .text._ZN2bn15display_manager32blending_transparency_top_weightEv
                0x08009018       0x18 bn_display_manager.o
                0x08009018                bn::display_manager::blending_transparency_top_weight()
 .text._ZN2bn15display_manager35blending_transparency_bottom_weightEv
                0x08009030       0x28 bn_display_manager.o
                0x08009030                bn::display_manager::blending_transparency_bottom_weight()
 .text._ZN2bn15display_manager51fill_blending_transparency_hblank_effect_attributesEPKNS_32blending_transparency_attributesEPt
                0x08009058       0x30 bn_display_manager.o
                0x08009058                bn::display_manager::fill_blending_transparency_hblank_effect_attributes(bn::blending_transparency_attributes const*, unsigned short*)
 .text._ZN2bn15display_manager21blending_fade_enabledEv
                0x08009088        0xc bn_display_manager.o
                0x08009088                bn::display_manager::blending_fade_enabled()
 .text._ZN2bn15display_manager39fill_blending_fade_hblank_effect_alphasEPKNS_19blending_fade_alphaEPt
                0x08009094       0x24 bn_display_manager.o
                0x08009094                bn::display_manager::fill_blending_fade_hblank_effect_alphas(bn::blending_fade_alpha const*, unsigned short*)
 .text._ZN2bn15display_manager26update_windows_visible_bgsEv
                0x080090b8       0x14 bn_display_manager.o
                0x080090b8                bn::display_manager::update_windows_visible_bgs()
 .text._ZN2bn15display_manager36rect_window_hw_horizontal_boundariesEi
                0x080090cc       0x14 bn_display_manager.o
                0x080090cc                bn::display_manager::rect_window_hw_horizontal_boundaries(int)
 .text._ZN2bn15display_manager34rect_window_hw_vertical_boundariesEi
                0x080090e0       0x14 bn_display_manager.o
                0x080090e0                bn::display_manager::rect_window_hw_vertical_boundaries(int)
 .text._ZN2bn15display_manager52fill_rect_window_hblank_effect_horizontal_boundariesERKNS_4pairIiiEEPKNS1_INS_7fixed_tILi12EEES6_EEPt
                0x080090f4      0x13c bn_display_manager.o
                0x080090f4                bn::display_manager::fill_rect_window_hblank_effect_horizontal_boundaries(bn::pair<int, int> const&, bn::pair<bn::fixed_t<12>, bn::fixed_t<12> > const*, unsigned short*)
 .text._ZN2bn15display_manager50fill_rect_window_hblank_effect_vertical_boundariesERKNS_4pairIiiEEPKNS1_INS_7fixed_tILi12EEES6_EEPt
                0x08009230      0x13c bn_display_manager.o
                0x08009230                bn::display_manager::fill_rect_window_hblank_effect_vertical_boundaries(bn::pair<int, int> const&, bn::pair<bn::fixed_t<12>, bn::fixed_t<12> > const*, unsigned short*)
 .text._ZN2bn15display_manager36fill_green_swap_hblank_effect_statesEPKbPt
                0x0800936c       0x38 bn_display_manager.o
                0x0800936c                bn::display_manager::fill_green_swap_hblank_effect_states(bool const*, unsigned short*)
 .text._ZN2bn15display_manager14update_camerasEv
                0x080093a4       0x40 bn_display_manager.o
                0x080093a4                bn::display_manager::update_cameras()
 .text._ZN2bn15display_manager6updateEv
                0x080093e4      0x1f8 bn_display_manager.o
                0x080093e4                bn::display_manager::update()
 .text._ZN2bn15display_manager6commitEv
                0x080095dc      0x160 bn_display_manager.o
                0x080095dc                bn::display_manager::commit()
 .text._ZN2bn15display_manager4stopEv
                0x0800973c       0x2c bn_display_manager.o
                0x0800973c                bn::display_manager::stop()
 .text._ZN3_bn6assert9show_argsIA66_cEEvPKcS4_S4_iRKT_
                0x08009768       0x50 bn_display_manager.o
                0x08009768                void _bn::assert::show_args<char [66]>(char const*, char const*, char const*, int, char const (&) [66])
 .text._ZN2bn8blending14set_fade_alphaENS_7fixed_tILi12EEE
                0x080097b8       0xdc bn_display_manager.o
                0x080097b8                bn::blending::set_fade_alpha(bn::fixed_t<12>)
 .text.startup._GLOBAL__sub_I__ZNK2bn6window7show_bgERKNS_14regular_bg_ptrE
                0x08009894       0x7c bn_display_manager.o
 .text.exit._GLOBAL__sub_D__ZNK2bn6window7show_bgERKNS_14regular_bg_ptrE
                0x08009910       0x38 bn_display_manager.o
 .text._ZN2bn18igeneric_pool_baseC2EPci
                0x08009948       0x10 bn_generic_pool.o
                0x08009948                bn::igeneric_pool_base::igeneric_pool_base(char*, int)
                0x08009948                bn::igeneric_pool_base::igeneric_pool_base(char*, int)
 .text._ZN2bn18igeneric_pool_base5_freeEPc
                0x08009958       0x10 bn_generic_pool.o
                0x08009958                bn::igeneric_pool_base::_free(char*)
 .text._ZN3_bn6assert9show_argsIA18_cEEvPKcS4_S4_iRKT_
                0x08009968       0x50 bn_generic_pool.o
                0x08009968                void _bn::assert::show_args<char [18]>(char const*, char const*, char const*, int, char const (&) [18])
 .text._ZN2bn18igeneric_pool_baseD2Ev
                0x080099b8       0x30 bn_generic_pool.o
                0x080099b8                bn::igeneric_pool_base::~igeneric_pool_base()
                0x080099b8                bn::igeneric_pool_base::~igeneric_pool_base()
 .text._ZN2bn18igeneric_pool_base9_allocateEv
                0x080099e8       0x48 bn_generic_pool.o
                0x080099e8                bn::igeneric_pool_base::_allocate()
 .text._ZN2bn12gpio_manager6commitEv
                0x08009a30       0x48 bn_gpio_manager.o
                0x08009a30                bn::gpio_manager::commit()
 .text._ZN2bn12gpio_manager4stopEv
                0x08009a78       0x3c bn_gpio_manager.o
                0x08009a78                bn::gpio_manager::stop()
 .text._ZN2bn22hblank_effects_manager12_GLOBAL__N_19item_type18_output_values_ptrEv
                0x08009ab4       0x40 bn_hblank_effects_manager.o
 .text._ZN2bn22hblank_effects_manager7disableEv
                0x08009af4       0x24 bn_hblank_effects_manager.o
                0x08009af4                bn::hblank_effects_manager::disable()
 .text._ZN2bn22hblank_effects_manager6commitEv
                0x08009b18       0x74 bn_hblank_effects_manager.o
                0x08009b18                bn::hblank_effects_manager::commit()
 .text._ZN2bn22hblank_effects_manager12_GLOBAL__N_110_is_uint32ENS0_12handler_typeE
                0x08009b8c       0x64 bn_hblank_effects_manager.o
 .text._ZN2bn22hblank_effects_manager12_GLOBAL__N_19item_type12check_updateEv
                0x08009bf0     0x15f8 bn_hblank_effects_manager.o
 .text._ZN2bn22hblank_effects_manager6updateEv
                0x0800b1e8      0x1ec bn_hblank_effects_manager.o
                0x0800b1e8                bn::hblank_effects_manager::update()
 .text._ZN2bn22hblank_effects_manager4initEv
                0x0800b3d4       0xd4 bn_hblank_effects_manager.o
                0x0800b3d4                bn::hblank_effects_manager::init()
 .text.startup._GLOBAL__sub_I__ZN2bn4hbes10used_countEv
                0x0800b4a8       0xe8 bn_hblank_effects_manager.o
 .text._ZN2bn12hdma_manager7disableEv
                0x0800b590       0x30 bn_hdma_manager.o
                0x0800b590                bn::hdma_manager::disable()
 .text._ZN2bn12hdma_manager10force_stopEv
                0x0800b5c0       0x3c bn_hdma_manager.o
                0x0800b5c0                bn::hdma_manager::force_stop()
 .text._ZN2bn12hdma_manager6updateEv
                0x0800b5fc       0x6c bn_hdma_manager.o
                0x0800b5fc                bn::hdma_manager::update()
 .text._ZN2bn12hdma_manager6commitEb
                0x0800b668      0x118 bn_hdma_manager.o
                0x0800b668                bn::hdma_manager::commit(bool)
 .text.startup._GLOBAL__sub_I__ZN2bn4hdma7runningEv
                0x0800b780       0x34 bn_hdma_manager.o
 .text._ZN2bn6keypad6a_heldEv
                0x0800b7b4       0x10 bn_keypad_manager.o
                0x0800b7b4                bn::keypad::a_held()
 .text._ZN2bn6keypad9a_pressedEv
                0x0800b7c4       0x10 bn_keypad_manager.o
                0x0800b7c4                bn::keypad::a_pressed()
 .text._ZN2bn6keypad6b_heldEv
                0x0800b7d4       0x10 bn_keypad_manager.o
                0x0800b7d4                bn::keypad::b_held()
 .text._ZN2bn6keypad9b_pressedEv
                0x0800b7e4       0x10 bn_keypad_manager.o
                0x0800b7e4                bn::keypad::b_pressed()
 .text._ZN2bn6keypad11select_heldEv
                0x0800b7f4       0x10 bn_keypad_manager.o
                0x0800b7f4                bn::keypad::select_held()
 .text._ZN2bn6keypad10start_heldEv
                0x0800b804       0x10 bn_keypad_manager.o
                0x0800b804                bn::keypad::start_held()
 .text._ZN2bn6keypad10right_heldEv
                0x0800b814       0x10 bn_keypad_manager.o
                0x0800b814                bn::keypad::right_held()
 .text._ZN2bn6keypad9left_heldEv
                0x0800b824       0x10 bn_keypad_manager.o
                0x0800b824                bn::keypad::left_held()
 .text._ZN2bn6keypad11any_pressedEv
                0x0800b834       0x10 bn_keypad_manager.o
                0x0800b834                bn::keypad::any_pressed()
 .text._ZN2bn14keypad_manager4stopEv
                0x0800b844        0x4 bn_keypad_manager.o
                0x0800b844                bn::keypad_manager::stop()
 .text._ZN2bn14keypad_manager6updateEv
                0x0800b848       0xa8 bn_keypad_manager.o
                0x0800b848                bn::keypad_manager::update()
 .text._ZN3_bn6assert9show_argsIA24_ciEEvPKcS4_S4_iRKT_RKT0_
                0x0800b8f0       0x58 bn_keypad_manager.o
                0x0800b8f0                void _bn::assert::show_args<char [24], int>(char const*, char const*, char const*, int, char const (&) [24], int const&)
 .text._ZN2bn14keypad_manager4initERKNS_11string_viewE
                0x0800b948       0x58 bn_keypad_manager.o
                0x0800b948                bn::keypad_manager::init(bn::string_view const&)
 .text._ZN2bn12link_manager4initEv
                0x0800b9a0        0xc bn_link_manager.o
                0x0800b9a0                bn::link_manager::init()
 .text._ZN2bn12link_manager6activeEv
                0x0800b9ac        0xc bn_link_manager.o
                0x0800b9ac                bn::link_manager::active()
 .text._ZN2bn12link_manager7disableEv
                0x0800b9b8       0x18 bn_link_manager.o
                0x0800b9b8                bn::link_manager::disable()
 .text._ZN3_bn6assert9show_argsIA28_ciEEvPKcS4_S4_iRKT_RKT0_
                0x0800b9d0       0x58 bn_link_manager.o
                0x0800b9d0                void _bn::assert::show_args<char [28], int>(char const*, char const*, char const*, int, char const (&) [28], int const&)
 .text._ZN2bn3logERKNS_12istring_baseE
                0x0800ba28        0xc bn_log.o
                0x0800ba28                bn::log(bn::istring_base const&)
 .text._ZdlPvj  0x0800ba34       0x18 bn_memory_manager.o
                0x0800ba34                operator delete(void*, unsigned int)
 .text._ZN2bn6mallocEi
                0x0800ba4c       0x18 bn_memory_manager.o
                0x0800ba4c                bn::malloc(int)
 .text._ZN2bn4freeEPv
                0x0800ba64       0x18 bn_memory_manager.o
                0x0800ba64                bn::free(void*)
 .text._ZN2bn14memory_manager4initEv
                0x0800ba7c       0x20 bn_memory_manager.o
                0x0800ba7c                bn::memory_manager::init()
 .text.exit._GLOBAL__sub_D__Znwj
                0x0800ba9c       0x14 bn_memory_manager.o
 .text._ZN2bn2hw8palettes9grayscaleEPKNS_5colorEiiPS2_.part.0
                0x0800bab0       0x40 bn_palettes_manager.o
 .text._ZN2bn14bg_palette_ptrC2ERKS0_
                0x0800baf0       0x2c bn_palettes_manager.o
                0x0800baf0                bn::bg_palette_ptr::bg_palette_ptr(bn::bg_palette_ptr const&)
                0x0800baf0                bn::bg_palette_ptr::bg_palette_ptr(bn::bg_palette_ptr const&)
 .text._ZNK2bn14bg_palette_ptr3bppEv
                0x0800bb1c       0x20 bn_palettes_manager.o
                0x0800bb1c                bn::bg_palette_ptr::bpp() const
 .text._ZN2bn18sprite_palette_ptrC2ERKS0_
                0x0800bb3c       0x1c bn_palettes_manager.o
                0x0800bb3c                bn::sprite_palette_ptr::sprite_palette_ptr(bn::sprite_palette_ptr const&)
                0x0800bb3c                bn::sprite_palette_ptr::sprite_palette_ptr(bn::sprite_palette_ptr const&)
 .text._ZNK2bn18sprite_palette_ptr3bppEv
                0x0800bb58       0x1c bn_palettes_manager.o
                0x0800bb58                bn::sprite_palette_ptr::bpp() const
 .text._ZNK2bn13palettes_bank10log_statusEv
                0x0800bb74      0x178 bn_palettes_manager.o
                0x0800bb74                bn::palettes_bank::log_status() const
 .text._ZNK2bn13palettes_bank20retrieve_commit_dataEv
                0x0800bcec       0x4c bn_palettes_manager.o
                0x0800bcec                bn::palettes_bank::retrieve_commit_data() const
 .text._ZNK2bn13palettes_bank12_same_colorsERKNS_4spanIKNS_5colorEEEi
                0x0800bd38       0x50 bn_palettes_manager.o
                0x0800bd38                bn::palettes_bank::_same_colors(bn::span<bn::color const> const&, int) const
 .text._ZN2bn13palettes_bank10find_bpp_4ERKNS_4spanIKNS_5colorEEEt
                0x0800bd88       0xdc bn_palettes_manager.o
                0x0800bd88                bn::palettes_bank::find_bpp_4(bn::span<bn::color const> const&, unsigned short)
 .text._ZNK2bn13palettes_bank21_apply_global_effectsEiPNS_5colorE
                0x0800be64      0x13c bn_palettes_manager.o
                0x0800be64                bn::palettes_bank::_apply_global_effects(int, bn::color*) const
 .text._ZNK2bn13palettes_bank25fill_hblank_effect_colorsEPKNS_5colorEPt
                0x0800bfa0       0x30 bn_palettes_manager.o
                0x0800bfa0                bn::palettes_bank::fill_hblank_effect_colors(bn::color const*, unsigned short*) const
 .text._ZNK2bn13palettes_bank7palette13apply_effectsEiPNS_5colorE
                0x0800bfd0       0xbc bn_palettes_manager.o
                0x0800bfd0                bn::palettes_bank::palette::apply_effects(int, bn::color*) const
 .text._ZNK2bn13palettes_bank25fill_hblank_effect_colorsEiPKNS_5colorEPt
                0x0800c08c       0x44 bn_palettes_manager.o
                0x0800c08c                bn::palettes_bank::fill_hblank_effect_colors(int, bn::color const*, unsigned short*) const
 .text._ZN2bn13palettes_bank15_update_paletteEi
                0x0800c0d0       0x6c bn_palettes_manager.o
                0x0800c0d0                bn::palettes_bank::_update_palette(int)
 .text._ZN2bn13palettes_bank6updateEv
                0x0800c13c      0x124 bn_palettes_manager.o
                0x0800c13c                bn::palettes_bank::update()
 .text._ZN2bn13palettes_bankC2Ev
                0x0800c260       0xcc bn_palettes_manager.o
                0x0800c260                bn::palettes_bank::palettes_bank()
                0x0800c260                bn::palettes_bank::palettes_bank()
 .text._ZN2bn16palettes_manager20sprite_palettes_bankEv
                0x0800c32c        0x8 bn_palettes_manager.o
                0x0800c32c                bn::palettes_manager::sprite_palettes_bank()
 .text._ZN2bn16palettes_manager16bg_palettes_bankEv
                0x0800c334        0x8 bn_palettes_manager.o
                0x0800c334                bn::palettes_manager::bg_palettes_bank()
 .text._ZN2bn16palettes_manager6updateEv
                0x0800c33c       0x20 bn_palettes_manager.o
                0x0800c33c                bn::palettes_manager::update()
 .text._ZN2bn16palettes_manager6commitEb
                0x0800c35c       0xf4 bn_palettes_manager.o
                0x0800c35c                bn::palettes_manager::commit(bool)
 .text._ZN2bn16palettes_manager4stopEv
                0x0800c450       0x20 bn_palettes_manager.o
                0x0800c450                bn::palettes_manager::stop()
 .text._ZN3_bn6assert9show_argsIA35_cEEvPKcS4_S4_iRKT_
                0x0800c470       0x50 bn_palettes_manager.o
                0x0800c470                void _bn::assert::show_args<char [35]>(char const*, char const*, char const*, int, char const (&) [35])
 .text._ZN2bn13palettes_bank11colors_hashERKNS_4spanIKNS_5colorEEE
                0x0800c4c0       0x50 bn_palettes_manager.o
                0x0800c4c0                bn::palettes_bank::colors_hash(bn::span<bn::color const> const&)
 .text._ZN3_bn6assert9show_argsIJA43_ciA36_cA42_cEEEvPKcS6_S6_iDpRKT_
                0x0800c510       0x68 bn_palettes_manager.o
                0x0800c510                void _bn::assert::show_args<char [43], int, char [36], char [42]>(char const*, char const*, char const*, int, char const (&) [43], int const&, char const (&) [36], char const (&) [42])
 .text._ZN2bn13palettes_bank12create_bpp_8ERKNS_4spanIKNS_5colorEEENS_16compression_typeEb
                0x0800c578      0x22c bn_palettes_manager.o
                0x0800c578                bn::palettes_bank::create_bpp_8(bn::span<bn::color const> const&, bn::compression_type, bool)
 .text._ZNK2bn15bg_palette_item10decompressENS_4spanINS_5colorEEE
                0x0800c7a4      0x16c bn_palettes_manager.o
                0x0800c7a4                bn::bg_palette_item::decompress(bn::span<bn::color>) const
 .text._ZNK2bn19sprite_palette_item10decompressENS_4spanINS_5colorEEE
                0x0800c910      0x16c bn_palettes_manager.o
                0x0800c910                bn::sprite_palette_item::decompress(bn::span<bn::color>) const
 .text._ZN2bn13palettes_bank12create_bpp_4ERKNS_4spanIKNS_5colorEEEtb
                0x0800ca7c      0x298 bn_palettes_manager.o
                0x0800ca7c                bn::palettes_bank::create_bpp_4(bn::span<bn::color const> const&, unsigned short, bool)
 .text._ZN2bn12_GLOBAL__N_112_create_implERKNS_15bg_palette_itemEb
                0x0800cd14       0x94 bn_palettes_manager.o
 .text._ZN2bn14bg_palette_ptr6createERKNS_15bg_palette_itemE
                0x0800cda8       0x54 bn_palettes_manager.o
                0x0800cda8                bn::bg_palette_ptr::create(bn::bg_palette_item const&)
 .text._ZNK2bn15bg_palette_item14create_paletteEv
                0x0800cdfc       0x10 bn_palettes_manager.o
                0x0800cdfc                bn::bg_palette_item::create_palette() const
 .text._ZN2bn12_GLOBAL__N_112_create_implERKNS_19sprite_palette_itemEb
                0x0800ce0c       0x7c bn_palettes_manager.o
 .text._ZNK2bn19sprite_palette_item14create_paletteEv
                0x0800ce88       0x48 bn_palettes_manager.o
                0x0800ce88                bn::sprite_palette_item::create_palette() const
 .text._ZNK2bn19sprite_palette_item18create_new_paletteEv
                0x0800ced0       0x8c bn_palettes_manager.o
                0x0800ced0                bn::sprite_palette_item::create_new_palette() const
 .text._ZN2bn14iunordered_mapItsNS_13palettes_bank15identity_hasherENS_8equal_toItEEE5eraseERKNS5_14const_iteratorE.isra.0
                0x0800cf5c      0x170 bn_palettes_manager.o
 .text._ZN2bn13palettes_bank15decrease_usagesEi.part.0
                0x0800d0cc       0xdc bn_palettes_manager.o
 .text._ZN2bn14bg_palette_ptrD2Ev
                0x0800d1a8       0x3c bn_palettes_manager.o
                0x0800d1a8                bn::bg_palette_ptr::~bg_palette_ptr()
                0x0800d1a8                bn::bg_palette_ptr::~bg_palette_ptr()
 .text._ZN2bn18sprite_palette_ptrD2Ev
                0x0800d1e4       0x30 bn_palettes_manager.o
                0x0800d1e4                bn::sprite_palette_ptr::~sprite_palette_ptr()
                0x0800d1e4                bn::sprite_palette_ptr::~sprite_palette_ptr()
 .text._ZN2bn14bg_palette_ptraSERKS0_
                0x0800d214       0x5c bn_palettes_manager.o
                0x0800d214                bn::bg_palette_ptr::operator=(bn::bg_palette_ptr const&)
 .text._ZN2bn18sprite_palette_ptr4findERKNS_19sprite_palette_itemE
                0x0800d270      0x110 bn_palettes_manager.o
                0x0800d270                bn::sprite_palette_ptr::find(bn::sprite_palette_item const&)
 .text._ZNK2bn19sprite_palette_item12find_paletteEv
                0x0800d380       0x10 bn_palettes_manager.o
                0x0800d380                bn::sprite_palette_item::find_palette() const
 .text.startup._GLOBAL__sub_I__ZN2bn11bg_palettes17used_colors_countEv
                0x0800d390       0x20 bn_palettes_manager.o
 .text._ZN2bn26sprite_affine_mats_manager12_GLOBAL__N_119_sprite_double_sizeILi32ELi16EEEbiiiii
                0x0800d3b0       0x84 bn_sprite_affine_mats_manager.o
 .text._ZN2bn26sprite_affine_mats_manager12_GLOBAL__N_119_sprite_double_sizeILi16ELi32EEEbiiiii
                0x0800d434       0x84 bn_sprite_affine_mats_manager.o
 .text._ZNK2bn21sprite_affine_mat_ptr15horizontal_flipEv
                0x0800d4b8       0x18 bn_sprite_affine_mats_manager.o
                0x0800d4b8                bn::sprite_affine_mat_ptr::horizontal_flip() const
 .text._ZNK2bn21sprite_affine_mat_ptr13vertical_flipEv
                0x0800d4d0       0x18 bn_sprite_affine_mats_manager.o
                0x0800d4d0                bn::sprite_affine_mat_ptr::vertical_flip() const
 .text._ZNK2bn21sprite_affine_mat_ptr16flipped_identityEv
                0x0800d4e8       0x14 bn_sprite_affine_mats_manager.o
                0x0800d4e8                bn::sprite_affine_mat_ptr::flipped_identity() const
 .text._ZN2bn26sprite_affine_mats_manager13attach_spriteEiRNS_24intrusive_list_node_typeE
                0x0800d4fc       0x2c bn_sprite_affine_mats_manager.o
                0x0800d4fc                bn::sprite_affine_mats_manager::attach_sprite(int, bn::intrusive_list_node_type&)
 .text._ZN2bn26sprite_affine_mats_manager18sprite_double_sizeEiRKNS_17sprite_shape_sizeE
                0x0800d528      0x1dc bn_sprite_affine_mats_manager.o
                0x0800d528                bn::sprite_affine_mats_manager::sprite_double_size(int, bn::sprite_shape_size const&)
 .text._ZN2bn26sprite_affine_mats_manager20retrieve_commit_dataEv
                0x0800d704       0x38 bn_sprite_affine_mats_manager.o
                0x0800d704                bn::sprite_affine_mats_manager::retrieve_commit_data()
 .text._ZN3_bn6assert9show_argsIA37_cEEvPKcS4_S4_iRKT_
                0x0800d73c       0x50 bn_sprite_affine_mats_manager.o
                0x0800d73c                void _bn::assert::show_args<char [37]>(char const*, char const*, char const*, int, char const (&) [37])
 .text._ZN2bn26sprite_affine_mats_manager15decrease_usagesEi.part.0
                0x0800d78c       0x68 bn_sprite_affine_mats_manager.o
 .text._ZN2bn21sprite_affine_mat_ptrD2Ev
                0x0800d7f4       0x34 bn_sprite_affine_mats_manager.o
                0x0800d7f4                bn::sprite_affine_mat_ptr::~sprite_affine_mat_ptr()
                0x0800d7f4                bn::sprite_affine_mat_ptr::~sprite_affine_mat_ptr()
 .text._ZN2bn26sprite_affine_mats_manager6updateEv
                0x0800d828       0xa0 bn_sprite_affine_mats_manager.o
                0x0800d828                bn::sprite_affine_mats_manager::update()
 .text._ZN2bn26sprite_affine_mats_manager4initEPv
                0x0800d8c8       0x6c bn_sprite_affine_mats_manager.o
                0x0800d8c8                bn::sprite_affine_mats_manager::init(void*)
 .text._ZN2bn26sprite_affine_mats_manager14dettach_spriteEiRNS_24intrusive_list_node_typeE
                0x0800d934       0x50 bn_sprite_affine_mats_manager.o
                0x0800d934                bn::sprite_affine_mats_manager::dettach_sprite(int, bn::intrusive_list_node_type&)
 .text.startup._GLOBAL__sub_I__ZN2bn18sprite_affine_mats10used_countEv
                0x0800d984       0x98 bn_sprite_affine_mats_manager.o
 .text.exit._GLOBAL__sub_D__ZN2bn18sprite_affine_mats10used_countEv
                0x0800da1c       0x3c bn_sprite_affine_mats_manager.o
 .text._ZN2bn13ostringstream11append_argsIiJA4_ciEEEvRKT_DpRKT0_.isra.0
                0x0800da58       0x24 bn_sprite_animate_actions.o
 .text._ZN3_bn6assert9show_argsIJA28_ciA4_ciEEEvPKcS5_S5_iDpRKT_
                0x0800da7c       0x5c bn_sprite_animate_actions.o
                0x0800da7c                void _bn::assert::show_args<char [28], int, char [4], int>(char const*, char const*, char const*, int, char const (&) [28], int const&, char const (&) [4], int const&)
 .text._ZN2bn21sprite_text_generator5_initEv
                0x0800dad8      0x180 bn_sprite_text_generator.o
                0x0800dad8                bn::sprite_text_generator::_init()
 .text._ZN2bn21sprite_text_generatorC2ERKNS_11sprite_fontE
                0x0800dc58       0x2c bn_sprite_text_generator.o
                0x0800dc58                bn::sprite_text_generator::sprite_text_generator(bn::sprite_font const&)
                0x0800dc58                bn::sprite_text_generator::sprite_text_generator(bn::sprite_font const&)
 .text._ZN3_bn6assert9show_argsIA54_cEEvPKcS4_S4_iRKT_
                0x0800dc84       0x50 bn_sprite_text_generator.o
                0x0800dc84                void _bn::assert::show_args<char [54]>(char const*, char const*, char const*, int, char const (&) [54])
 .text._ZN3_bn6assert9show_argsIJA25_ciA4_ctEEEvPKcS5_S5_iDpRKT_
                0x0800dcd4       0x6c bn_sprite_text_generator.o
                0x0800dcd4                void _bn::assert::show_args<char [25], int, char [4], unsigned short>(char const*, char const*, char const*, int, char const (&) [25], int const&, char const (&) [4], unsigned short const&)
 .text._ZN2bn14utf8_characterC2ERKc
                0x0800dd40      0x140 bn_sprite_text_generator.o
                0x0800dd40                bn::utf8_character::utf8_character(char const&)
                0x0800dd40                bn::utf8_character::utf8_character(char const&)
 .text._ZN2bn12_GLOBAL__N_115_graphics_indexEcRKNS_23utf8_characters_map_refEPKcRi.part.0
                0x0800de80       0x8c bn_sprite_text_generator.o
 .text._ZN2bn21sprite_text_generator15set_bg_priorityEi
                0x0800df0c       0x3c bn_sprite_text_generator.o
                0x0800df0c                bn::sprite_text_generator::set_bg_priority(int)
 .text._ZN3_bn6assert9show_argsIJA20_ccA9_cN2bn11string_viewEA2_cEEEvPKcS8_S8_iDpRKT_
                0x0800df48       0x70 bn_sprite_text_generator.o
                0x0800df48                void _bn::assert::show_args<char [20], char, char [9], bn::string_view, char [2]>(char const*, char const*, char const*, int, char const (&) [20], char const&, char const (&) [9], bn::string_view const&, char const (&) [2])
 .text._ZNK2bn21sprite_text_generator5widthERKNS_11string_viewE
                0x0800dfb8      0x244 bn_sprite_text_generator.o
                0x0800dfb8                bn::sprite_text_generator::width(bn::string_view const&) const
 .text._ZN3_bn6assert9show_argsIA55_cEEvPKcS4_S4_iRKT_
                0x0800e1fc       0x50 bn_sprite_text_generator.o
                0x0800e1fc                void _bn::assert::show_args<char [55]>(char const*, char const*, char const*, int, char const (&) [55])
 .text._ZN2bn12_GLOBAL__N_120_build_sprite_assertILNS_11sprite_sizeE2EEEPNS_4tileERKNS_21sprite_text_generatorERKNS_18sprite_palette_ptrERKNS_11fixed_pointERNS_7ivectorINS_10sprite_ptrEEE
                0x0800e24c      0x1b4 bn_sprite_text_generator.o
 .text._ZN2bn12_GLOBAL__N_120_build_sprite_assertILNS_11sprite_sizeE1EEEPNS_4tileERKNS_21sprite_text_generatorERKNS_18sprite_palette_ptrERKNS_11fixed_pointERNS_7ivectorINS_10sprite_ptrEEE
                0x0800e400      0x1b4 bn_sprite_text_generator.o
 .text._ZN2bn12_GLOBAL__N_19_generateILb0EEEbRKNS_21sprite_text_generatorERKNS_11fixed_pointERKNS_11string_viewERKNS_23utf8_characters_map_refEiibRNS_7ivectorINS_10sprite_ptrEEE.isra.0
                0x0800e5b4     0x1120 bn_sprite_text_generator.o
 .text._ZNK2bn21sprite_text_generator8generateENS_7fixed_tILi12EEES2_RKNS_11string_viewERNS_7ivectorINS_10sprite_ptrEEE
                0x0800f6d4       0x3c bn_sprite_text_generator.o
                0x0800f6d4                bn::sprite_text_generator::generate(bn::fixed_t<12>, bn::fixed_t<12>, bn::string_view const&, bn::ivector<bn::sprite_ptr>&) const
 .text._ZNK2bn16sprite_tiles_ptr2idEv
                0x0800f710       0x18 bn_sprite_tiles_manager.o
                0x0800f710                bn::sprite_tiles_ptr::id() const
 .text._ZNK2bn16sprite_tiles_ptr11tiles_countEv
                0x0800f728       0x18 bn_sprite_tiles_manager.o
                0x0800f728                bn::sprite_tiles_ptr::tiles_count() const
 .text._ZN2bn20sprite_tiles_manager10log_statusEv
                0x0800f740      0x1ec bn_sprite_tiles_manager.o
                0x0800f740                bn::sprite_tiles_manager::log_status()
 .text._ZN2bn20sprite_tiles_manager19commit_uncompressedEb
                0x0800f92c       0xdc bn_sprite_tiles_manager.o
                0x0800f92c                bn::sprite_tiles_manager::commit_uncompressed(bool)
 .text._ZN2bn20sprite_tiles_manager17commit_compressedEv
                0x0800fa08       0xe4 bn_sprite_tiles_manager.o
                0x0800fa08                bn::sprite_tiles_manager::commit_compressed()
 .text._ZN3_bn6assert9show_argsIA27_chEEvPKcS4_S4_iRKT_RKT0_
                0x0800faec       0x58 bn_sprite_tiles_manager.o
                0x0800faec                void _bn::assert::show_args<char [27], unsigned char>(char const*, char const*, char const*, int, char const (&) [27], unsigned char const&)
 .text._ZN3_bn6assert9show_argsIJA44_cPKN2bn4tileEA4_cS6_EEEvPKcS9_S9_iDpRKT_
                0x0800fb44       0x6c bn_sprite_tiles_manager.o
                0x0800fb44                void _bn::assert::show_args<char [44], bn::tile const*, char [4], bn::tile const*>(char const*, char const*, char const*, int, char const (&) [44], bn::tile const* const&, char const (&) [4], bn::tile const* const&)
 .text._ZN3_bn6assert9show_argsIJA46_ciA4_cjEEEvPKcS5_S5_iDpRKT_
                0x0800fbb0       0x6c bn_sprite_tiles_manager.o
                0x0800fbb0                void _bn::assert::show_args<char [46], int, char [4], unsigned int>(char const*, char const*, char const*, int, char const (&) [46], int const&, char const (&) [4], unsigned int const&)
 .text._ZN3_bn6assert9show_argsIJA28_cA15_cPKN2bn4tileEA16_ciA34_cNS4_11string_viewEEEEvPKcSC_SC_iDpRKT_
                0x0800fc1c       0x84 bn_sprite_tiles_manager.o
                0x0800fc1c                void _bn::assert::show_args<char [28], char [15], bn::tile const*, char [16], int, char [34], bn::string_view>(char const*, char const*, char const*, int, char const (&) [28], char const (&) [15], bn::tile const* const&, char const (&) [16], int const&, char const (&) [34], bn::string_view const&)
 .text._ZN3_bn6assert9show_argsIJA44_ciA34_cN2bn11string_viewEEEEvPKcS7_S7_iDpRKT_
                0x0800fca0       0x68 bn_sprite_tiles_manager.o
                0x0800fca0                void _bn::assert::show_args<char [44], int, char [34], bn::string_view>(char const*, char const*, char const*, int, char const (&) [44], int const&, char const (&) [34], bn::string_view const&)
 .text._ZN2bn20sprite_tiles_manager4initEv
                0x0800fd08       0xf4 bn_sprite_tiles_manager.o
                0x0800fd08                bn::sprite_tiles_manager::init()
 .text._ZN2bn20sprite_tiles_manager12_GLOBAL__N_122_insert_to_commit_itemEiRNS1_9item_typeE.part.0
                0x0800fdfc       0x6c bn_sprite_tiles_manager.o
 .text._ZN2bn20sprite_tiles_manager12_GLOBAL__N_117_insert_free_itemEiPt
                0x0800fe68       0xcc bn_sprite_tiles_manager.o
 .text._ZN2bn20sprite_tiles_manager12_GLOBAL__N_116_erase_free_itemEi
                0x0800ff34       0xe4 bn_sprite_tiles_manager.o
 .text._ZN2bn20sprite_tiles_manager12_GLOBAL__N_121_erase_to_commit_itemEiRNS1_9item_typeE
                0x08010018      0x100 bn_sprite_tiles_manager.o
 .text._ZN2bn20sprite_tiles_manager15decrease_usagesEi
                0x08010118      0x134 bn_sprite_tiles_manager.o
                0x08010118                bn::sprite_tiles_manager::decrease_usages(int)
 .text._ZN2bn16sprite_tiles_ptrD2Ev
                0x0801024c       0x18 bn_sprite_tiles_manager.o
                0x0801024c                bn::sprite_tiles_ptr::~sprite_tiles_ptr()
                0x0801024c                bn::sprite_tiles_ptr::~sprite_tiles_ptr()
 .text._ZN2bn20sprite_tiles_manager12_GLOBAL__N_110_find_implEPKNS_4tileENS_16compression_typeEi
                0x08010264      0x28c bn_sprite_tiles_manager.o
 .text._ZN2bn20sprite_tiles_manager4vramEi
                0x080104f0       0x4c bn_sprite_tiles_manager.o
                0x080104f0                bn::sprite_tiles_manager::vram(int)
 .text._ZN2bn16sprite_tiles_ptr4vramEv
                0x0801053c       0x14 bn_sprite_tiles_manager.o
                0x0801053c                bn::sprite_tiles_ptr::vram()
 .text._ZN2bn14iunordered_mapIPKNS_4tileEiNS_4hashIS3_EENS_8equal_toIS3_EEE5eraseERKNS8_14const_iteratorE.isra.0
                0x08010550      0x178 bn_sprite_tiles_manager.o
 .text._ZN2bn20sprite_tiles_manager12_GLOBAL__N_112_create_itemEiPKNS_4tileENS_16compression_typeEib
                0x080106c8      0x2ec bn_sprite_tiles_manager.o
 .text._ZN2bn20sprite_tiles_manager12_GLOBAL__N_114_allocate_implEi
                0x080109b4       0xf8 bn_sprite_tiles_manager.o
 .text._ZN2bn20sprite_tiles_manager8allocateEiNS_8bpp_modeE
                0x08010aac       0xc0 bn_sprite_tiles_manager.o
                0x08010aac                bn::sprite_tiles_manager::allocate(int, bn::bpp_mode)
 .text._ZN2bn16sprite_tiles_ptr8allocateEiNS_8bpp_modeE
                0x08010b6c       0x18 bn_sprite_tiles_manager.o
                0x08010b6c                bn::sprite_tiles_ptr::allocate(int, bn::bpp_mode)
 .text._ZN2bn20sprite_tiles_manager6updateEv
                0x08010b84      0x234 bn_sprite_tiles_manager.o
                0x08010b84                bn::sprite_tiles_manager::update()
 .text._ZN2bn20sprite_tiles_manager12_GLOBAL__N_112_create_implEPKNS_4tileENS_16compression_typeEi
                0x08010db8      0x200 bn_sprite_tiles_manager.o
 .text._ZN2bn20sprite_tiles_manager6createERKNS_4spanIKNS_4tileEEENS_16compression_typeE
                0x08010fb8      0x13c bn_sprite_tiles_manager.o
                0x08010fb8                bn::sprite_tiles_manager::create(bn::span<bn::tile const> const&, bn::compression_type)
 .text._ZN2bn16sprite_tiles_ptr6createERKNS_17sprite_tiles_itemEi
                0x080110f4       0xd4 bn_sprite_tiles_manager.o
                0x080110f4                bn::sprite_tiles_ptr::create(bn::sprite_tiles_item const&, int)
 .text._ZNK2bn17sprite_tiles_item12create_tilesEv
                0x080111c8       0x84 bn_sprite_tiles_manager.o
                0x080111c8                bn::sprite_tiles_item::create_tiles() const
 .text._ZNK2bn17sprite_tiles_item12create_tilesEi
                0x0801124c       0xd4 bn_sprite_tiles_manager.o
                0x0801124c                bn::sprite_tiles_item::create_tiles(int) const
 .text.startup._GLOBAL__sub_I__ZN2bn12sprite_tiles16used_tiles_countEv
                0x08011320      0x11c bn_sprite_tiles_manager.o
 .text._ZN2bn15sprites_manager12_GLOBAL__N_132_always_update_indexes_to_commitERKNS_20sprites_manager_itemE
                0x0801143c       0x48 bn_sprites_manager.o
 .text._ZN2bn13ostringstream11append_argsIiJA4_ciEEEvRKT_DpRKT0_.isra.0
                0x08011484       0x24 bn_sprites_manager.o
 .text._ZN2bn15sprites_manager12_GLOBAL__N_123_update_item_dimensionsERNS_20sprites_manager_itemE
                0x080114a8       0xcc bn_sprites_manager.o
 .text._ZN2bn10sprite_ptrC2ERKS0_
                0x08011574        0xc bn_sprites_manager.o
                0x08011574                bn::sprite_ptr::sprite_ptr(bn::sprite_ptr const&)
                0x08011574                bn::sprite_ptr::sprite_ptr(bn::sprite_ptr const&)
 .text._ZN2bn10sprite_ptr5set_xENS_7fixed_tILi12EEE
                0x08011580       0x48 bn_sprites_manager.o
                0x08011580                bn::sprite_ptr::set_x(bn::fixed_t<12>)
 .text._ZN2bn10sprite_ptr5set_yENS_7fixed_tILi12EEE
                0x080115c8       0x48 bn_sprites_manager.o
                0x080115c8                bn::sprite_ptr::set_y(bn::fixed_t<12>)
 .text._ZN2bn10sprite_ptr12set_positionENS_7fixed_tILi12EEES2_
                0x08011610       0x6c bn_sprites_manager.o
                0x08011610                bn::sprite_ptr::set_position(bn::fixed_t<12>, bn::fixed_t<12>)
 .text._ZN2bn10sprite_ptr12set_positionERKNS_11fixed_pointE
                0x0801167c       0x78 bn_sprites_manager.o
                0x0801167c                bn::sprite_ptr::set_position(bn::fixed_point const&)
 .text._ZN2bn15sprites_manager4initEv
                0x080116f4       0x34 bn_sprites_manager.o
                0x080116f4                bn::sprites_manager::init()
 .text._ZN2bn15sprites_manager5hw_idEPv
                0x08011728        0x8 bn_sprites_manager.o
                0x08011728                bn::sprites_manager::hw_id(void*)
 .text._ZN2bn15sprites_manager5shapeEPv
                0x08011730        0x8 bn_sprites_manager.o
                0x08011730                bn::sprites_manager::shape(void*)
 .text._ZN2bn15sprites_manager4sizeEPv
                0x08011738        0x8 bn_sprites_manager.o
                0x08011738                bn::sprites_manager::size(void*)
 .text._ZN2bn15sprites_manager10shape_sizeEPv
                0x08011740       0x14 bn_sprites_manager.o
                0x08011740                bn::sprites_manager::shape_size(void*)
 .text._ZN2bn15sprites_manager11hw_positionEPv
                0x08011754        0x4 bn_sprites_manager.o
                0x08011754                bn::sprites_manager::hw_position(void*)
 .text._ZN2bn15sprites_manager9view_modeEPv
                0x08011758        0xc bn_sprites_manager.o
                0x08011758                bn::sprites_manager::view_mode(void*)
 .text._ZN2bn15sprites_manager10affine_matEPv
                0x08011764        0x4 bn_sprites_manager.o
                0x08011764                bn::sprites_manager::affine_mat(void*)
 .text._ZN2bn15sprites_manager15reload_blendingEv
                0x08011768       0xfc bn_sprites_manager.o
                0x08011768                bn::sprites_manager::reload_blending()
 .text._ZN2bn15sprites_manager39fill_hblank_effect_horizontal_positionsEPviPKNS_7fixed_tILi12EEEPt
                0x08011864       0x44 bn_sprites_manager.o
                0x08011864                bn::sprites_manager::fill_hblank_effect_horizontal_positions(void*, int, bn::fixed_t<12> const*, unsigned short*)
 .text._ZN2bn15sprites_manager37fill_hblank_effect_vertical_positionsEPviPKNS_7fixed_tILi12EEEPt
                0x080118a8       0x44 bn_sprites_manager.o
                0x080118a8                bn::sprites_manager::fill_hblank_effect_vertical_positions(void*, int, bn::fixed_t<12> const*, unsigned short*)
 .text._ZN2bn15sprites_manager35fill_hblank_effect_first_attributesEiNS_12sprite_shapeENS_8bpp_modeEiPKNS_23sprite_first_attributesEPt
                0x080118ec      0x108 bn_sprites_manager.o
                0x080118ec                bn::sprites_manager::fill_hblank_effect_first_attributes(int, bn::sprite_shape, bn::bpp_mode, int, bn::sprite_first_attributes const*, unsigned short*)
 .text._ZN2bn15sprites_manager44fill_hblank_effect_regular_second_attributesEPviNS_11sprite_sizeEPKNS_32sprite_regular_second_attributesEPt
                0x080119f4       0x60 bn_sprites_manager.o
                0x080119f4                bn::sprites_manager::fill_hblank_effect_regular_second_attributes(void*, int, bn::sprite_size, bn::sprite_regular_second_attributes const*, unsigned short*)
 .text._ZN2bn15sprites_manager43fill_hblank_effect_affine_second_attributesEPviNS_11sprite_sizeEPKNS_31sprite_affine_second_attributesEPt
                0x08011a54       0x58 bn_sprites_manager.o
                0x08011a54                bn::sprites_manager::fill_hblank_effect_affine_second_attributes(void*, int, bn::sprite_size, bn::sprite_affine_second_attributes const*, unsigned short*)
 .text._ZN2bn15sprites_manager14update_camerasEv
                0x08011aac       0x20 bn_sprites_manager.o
                0x08011aac                bn::sprites_manager::update_cameras()
 .text._ZN2bn15sprites_manager6commitEb
                0x08011acc       0xa4 bn_sprites_manager.o
                0x08011acc                bn::sprites_manager::commit(bool)
 .text._ZNK2bn17sprite_shape_size11tiles_countENS_8bpp_modeE.isra.0
                0x08011b70      0x150 bn_sprites_manager.o
 .text._ZN2bn15sprites_manager12_GLOBAL__N_118_remove_affine_matERNS_20sprites_manager_itemE
                0x08011cc0       0xe8 bn_sprites_manager.o
 .text._ZN2bn15sprites_manager40remove_identity_affine_mat_if_not_neededEPv
                0x08011da8       0x18 bn_sprites_manager.o
                0x08011da8                bn::sprites_manager::remove_identity_affine_mat_if_not_needed(void*)
 .text._ZN2bn14sprite_builder15release_paletteEv
                0x08011dc0       0x78 bn_sprites_manager.o
                0x08011dc0                bn::sprite_builder::release_palette()
 .text._ZN2bn14sprite_builder13release_tilesEv
                0x08011e38       0x78 bn_sprites_manager.o
                0x08011e38                bn::sprite_builder::release_tiles()
 .text._ZN2bn15sprites_manager7paletteEPv
                0x08011eb0       0x34 bn_sprites_manager.o
                0x08011eb0                bn::sprites_manager::palette(void*)
 .text._ZN2bn20sprites_manager_item13_builder_initERKNS_14sprite_builderE
                0x08011ee4      0x36c bn_sprites_manager.o
                0x08011ee4                bn::sprites_manager_item::_builder_init(bn::sprite_builder const&)
 .text._ZN2bn14sprite_builder11set_z_orderEi
                0x08012250       0x48 bn_sprites_manager.o
                0x08012250                bn::sprite_builder::set_z_order(int)
 .text._ZN2bn14sprite_builderC2ERKNS_17sprite_shape_sizeENS_16sprite_tiles_ptrENS_18sprite_palette_ptrE
                0x08012298      0x128 bn_sprites_manager.o
                0x08012298                bn::sprite_builder::sprite_builder(bn::sprite_shape_size const&, bn::sprite_tiles_ptr, bn::sprite_palette_ptr)
                0x08012298                bn::sprite_builder::sprite_builder(bn::sprite_shape_size const&, bn::sprite_tiles_ptr, bn::sprite_palette_ptr)
 .text._ZN2bn15sprites_manager9set_tilesEPvONS_16sprite_tiles_ptrE
                0x080123c0      0x138 bn_sprites_manager.o
                0x080123c0                bn::sprites_manager::set_tiles(void*, bn::sprite_tiles_ptr&&)
 .text._ZN2bn10sprite_ptr9set_tilesEONS_16sprite_tiles_ptrE
                0x080124f8       0x10 bn_sprites_manager.o
                0x080124f8                bn::sprite_ptr::set_tiles(bn::sprite_tiles_ptr&&)
 .text._ZN2bn14sprite_builder15set_bg_priorityEi
                0x08012508       0x38 bn_sprites_manager.o
                0x08012508                bn::sprite_builder::set_bg_priority(int)
 .text._ZN2bn15sprites_manager6updateEv
                0x08012540      0x160 bn_sprites_manager.o
                0x08012540                bn::sprites_manager::update()
 .text._ZN2bn15sprites_manager11set_paletteEPvNS_8bpp_modeEONS_18sprite_palette_ptrE
                0x080126a0       0xb8 bn_sprites_manager.o
                0x080126a0                bn::sprites_manager::set_palette(void*, bn::bpp_mode, bn::sprite_palette_ptr&&)
 .text._ZN2bn10sprite_ptr11set_paletteERKNS_19sprite_palette_itemE
                0x08012758       0xdc bn_sprites_manager.o
                0x08012758                bn::sprite_ptr::set_palette(bn::sprite_palette_item const&)
 .text._ZN3_bn6assert9show_argsIJA27_ciA4_ciEEEvPKcS5_S5_iDpRKT_
                0x08012834       0x5c bn_sprites_manager.o
                0x08012834                void _bn::assert::show_args<char [27], int, char [4], int>(char const*, char const*, char const*, int, char const (&) [27], int const&, char const (&) [4], int const&)
 .text._ZN2bn15sprites_manager35fill_hblank_effect_third_attributesENS_17sprite_shape_sizeEPKNS_23sprite_third_attributesEPt
                0x08012890       0xc8 bn_sprites_manager.o
                0x08012890                bn::sprites_manager::fill_hblank_effect_third_attributes(bn::sprite_shape_size, bn::sprite_third_attributes const*, unsigned short*)
 .text._ZN2bn14sorted_sprites6sorter6insertERNS_20sprites_manager_itemE
                0x08012958      0x170 bn_sprites_manager.o
                0x08012958                bn::sorted_sprites::sorter::insert(bn::sprites_manager_item&)
 .text._ZN2bn15sprites_manager6createEONS_14sprite_builderE
                0x08012ac8      0x180 bn_sprites_manager.o
                0x08012ac8                bn::sprites_manager::create(bn::sprite_builder&&)
 .text._ZN2bn10sprite_ptr6createEONS_14sprite_builderE
                0x08012c48       0x14 bn_sprites_manager.o
                0x08012c48                bn::sprite_ptr::create(bn::sprite_builder&&)
 .text._ZN2bn15sprites_manager6createERKNS_11fixed_pointERKNS_17sprite_shape_sizeEONS_16sprite_tiles_ptrEONS_18sprite_palette_ptrE
                0x08012c5c      0x1dc bn_sprites_manager.o
                0x08012c5c                bn::sprites_manager::create(bn::fixed_point const&, bn::sprite_shape_size const&, bn::sprite_tiles_ptr&&, bn::sprite_palette_ptr&&)
 .text._ZNK2bn11sprite_item13create_spriteERKNS_11fixed_pointE
                0x08012e38       0x40 bn_sprites_manager.o
                0x08012e38                bn::sprite_item::create_sprite(bn::fixed_point const&) const
 .text._ZNK2bn11sprite_item13create_spriteENS_7fixed_tILi12EEES2_
                0x08012e78       0x44 bn_sprites_manager.o
                0x08012e78                bn::sprite_item::create_sprite(bn::fixed_t<12>, bn::fixed_t<12>) const
 .text._ZN2bn15sprites_manager15set_bg_priorityEPvi
                0x08012ebc      0x148 bn_sprites_manager.o
                0x08012ebc                bn::sprites_manager::set_bg_priority(void*, int)
 .text._ZN2bn10sprite_ptr15set_bg_priorityEi
                0x08013004       0x10 bn_sprites_manager.o
                0x08013004                bn::sprite_ptr::set_bg_priority(int)
 .text._ZN2bn15sprites_manager15decrease_usagesEPv
                0x08013014      0x180 bn_sprites_manager.o
                0x08013014                bn::sprites_manager::decrease_usages(void*)
 .text._ZN2bn10sprite_ptraSERKS0_
                0x08013194       0x28 bn_sprites_manager.o
                0x08013194                bn::sprite_ptr::operator=(bn::sprite_ptr const&)
 .text._ZN2bn10sprite_ptrD2Ev
                0x080131bc       0x18 bn_sprites_manager.o
                0x080131bc                bn::sprite_ptr::~sprite_ptr()
                0x080131bc                bn::sprite_ptr::~sprite_ptr()
 .text._ZN2bn10sprite_ptr11set_z_orderEi
                0x080131d4      0x148 bn_sprites_manager.o
                0x080131d4                bn::sprite_ptr::set_z_order(int)
 .text.startup._GLOBAL__sub_I__ZN2bn7sprites16used_items_countEv
                0x0801331c       0x9c bn_sprites_manager.o
 .text.exit._GLOBAL__sub_D__ZN2bn7sprites16used_items_countEv
                0x080133b8       0x4c bn_sprites_manager.o
 .text._ZN2bn13ostringstreamC2ERNS_12istring_baseE
                0x08013404        0x8 bn_sstream.o
                0x08013404                bn::ostringstream::ostringstream(bn::istring_base&)
                0x08013404                bn::ostringstream::ostringstream(bn::istring_base&)
 .text._ZNK2bn13ostringstream4sizeEv
                0x0801340c        0x8 bn_sstream.o
                0x0801340c                bn::ostringstream::size() const
 .text._ZN2bn13ostringstream6appendEPKc
                0x08013414       0x94 bn_sstream.o
                0x08013414                bn::ostringstream::append(char const*)
 .text._ZN2bn13ostringstream6appendEi
                0x080134a8       0xa8 bn_sstream.o
                0x080134a8                bn::ostringstream::append(int)
 .text._ZN2bn13ostringstream6appendERKNS_11string_viewE
                0x08013550       0x9c bn_sstream.o
                0x08013550                bn::ostringstream::append(bn::string_view const&)
 .text._ZN2bn13ostringstream6appendEj
                0x080135ec       0xa8 bn_sstream.o
                0x080135ec                bn::ostringstream::append(unsigned int)
 .text._ZN2bn13ostringstream6appendEPKv
                0x08013694       0xfc bn_sstream.o
                0x08013694                bn::ostringstream::append(void const*)
 .text._ZN2bn13ostringstream16_append_fractionEji
                0x08013790      0x108 bn_sstream.o
                0x08013790                bn::ostringstream::_append_fraction(unsigned int, int)
 .text._ZN2bn13ostringstream6appendEc
                0x08013898       0x44 bn_sstream.o
                0x08013898                bn::ostringstream::append(char)
 .text._ZN2bn5timerC2Ev
                0x080138dc       0x24 bn_timer.o
                0x080138dc                bn::timer::timer()
                0x080138dc                bn::timer::timer()
 .text._ZNK2bn5timer13elapsed_ticksEv
                0x08013900       0x3c bn_timer.o
                0x08013900                bn::timer::elapsed_ticks() const
 .text._ZN2bn5timer7restartEv
                0x0801393c       0x24 bn_timer.o
                0x0801393c                bn::timer::restart()
 .text._ZN2bn2hw5audio12_GLOBAL__N_124_disabled_vblank_handlerEv
                0x08013960       0x10 bn_hw_audio.o
 .text._ZN2bn2hw5audio12_GLOBAL__N_17_commitEv
                0x08013970       0x7c bn_hw_audio.o
 .text._ZN2bn2hw5audio12_GLOBAL__N_123_enabled_vblank_handlerEv
                0x080139ec       0x24 bn_hw_audio.o
 .text._ZN2bn2hw5audio4initEv
                0x08013a10       0x68 bn_hw_audio.o
                0x08013a10                bn::hw::audio::init()
 .text._ZN2bn2hw5audio7disableEv
                0x08013a78       0x30 bn_hw_audio.o
                0x08013a78                bn::hw::audio::disable()
 .text._ZN2bn2hw5audio22disable_vblank_handlerEv
                0x08013aa8       0x14 bn_hw_audio.o
                0x08013aa8                bn::hw::audio::disable_vblank_handler()
 .text._ZN2bn2hw5audio6updateEb
                0x08013abc       0x18 bn_hw_audio.o
                0x08013abc                bn::hw::audio::update(bool)
 .text._ZN2bn2hw5audio6commitEv
                0x08013ad4       0x20 bn_hw_audio.o
                0x08013ad4                bn::hw::audio::commit()
 .text._ZN2bn2hw5audio12_GLOBAL__N_119_add_sound_to_queueEit
                0x08013af4       0xa0 bn_hw_audio.o
 .text._ZN2bn2hw5audio15stop_all_soundsEv
                0x08013b94       0x6c bn_hw_audio.o
                0x08013b94                bn::hw::audio::stop_all_sounds()
 .text._ZN2bn2hw5audio12_GLOBAL__N_119_check_sounds_queueEv.part.0
                0x08013c00       0x98 bn_hw_audio.o
 .text._ZN2bn2hw5audio10play_soundEiiiii
                0x08013c98       0x44 bn_hw_audio.o
                0x08013c98                bn::hw::audio::play_sound(int, int, int, int, int)
 .text._ZN2bn2hw5audio10play_soundEii
                0x08013cdc       0x30 bn_hw_audio.o