Archive member included to satisfy reference by file (symbol)

C:/devkitPro/libgba/lib\libmm.a(mm_mas.o)
                              bn_audio_manager.o (mmStart)
C:/devkitPro/libgba/lib\libmm.a(mm_main.o)
                              C:/devkitPro/libgba/lib\libmm.a(mm_mas.o) (mmCallback)
C:/devkitPro/libgba/lib\libmm.a(mm_effect.o)
                              bn_hw_audio.o (mmEffect)
C:/devkitPro/libgba/lib\libmm.a(mm_mas_arm.o)
                              C:/devkitPro/libgba/lib\libmm.a(mm_mas.o) (mmAllocChannel)
C:/devkitPro/libgba/lib\libmm.a(mm_mixer_gba.o)
                              bn_hw_audio.o (mmVBlank)
C:/devkitPro/libgba/lib\libmm.a(mm_main_gba.o)
                              C:/devkitPro/libgba/lib\libmm.a(mm_mixer_gba.o) (mm_vblank_function)
C:/devkitPro/devkitARM/bin/../lib/gcc/arm-none-eabi/13.1.0/thumb\libgcc.a(_call_via_rX.o)
                              C:/devkitPro/libgba/lib\libmm.a(mm_main_gba.o) (_call_via_r1)
C:/devkitPro/devkitARM/bin/../lib/gcc/arm-none-eabi/13.1.0/thumb\libgcc.a(_aeabi_ldivmod.o)
                              bn_hw_text.o (__aeabi_ldivmod)
C:/devkitPro/devkitARM/bin/../lib/gcc/arm-none-eabi/13.1.0/thumb\libgcc.a(_aeabi_uldivmod.o)
                              bn_hw_text.o (__aeabi_uldivmod)
C:/devkitPro/devkitARM/bin/../lib/gcc/arm-none-eabi/13.1.0/thumb\libgcc.a(_udivmoddi4.o)
                              C:/devkitPro/devkitARM/bin/../lib/gcc/arm-none-eabi/13.1.0/thumb\libgcc.a(_aeabi_ldivmod.o) (__udivmoddi4)
C:/devkitPro/devkitARM/bin/../lib/gcc/arm-none-eabi/13.1.0/../../../../arm-none-eabi/lib/thumb\libg.a(libc_a-init.o)
                              C:/devkitPro/devkitARM/bin/../lib/gcc/arm-none-eabi/13.1.0/../../../../arm-none-eabi/lib/thumb/gba_crt0.o (__libc_init_array)
C:/devkitPro/devkitARM/bin/../lib/gcc/arm-none-eabi/13.1.0/../../../../arm-none-eabi/lib/thumb\libsysbase.a(libsysbase_libsysbase_a-malloc_vars.o)
                              C:/devkitPro/devkitARM/bin/../lib/gcc/arm-none-eabi/13.1.0/../../../../arm-none-eabi/lib/thumb/gba_crt0.o (fake_heap_end)

Discarded input sections

 .text          0x00000000        0x0 C:/devkitPro/devkitARM/bin/../lib/gcc/arm-none-eabi/13.1.0/../../../../arm-none-eabi/lib/thumb/gba_crt0.o
 .data          0x00000000        0x0 C:/devkitPro/devkitARM/bin/../lib/gcc/arm-none-eabi/13.1.0/../../../../arm-none-eabi/lib/thumb/gba_crt0.o
 .bss           0x00000000        0x0 C:/devkitPro/devkitARM/bin/../lib/gcc/arm-none-eabi/13.1.0/../../../../arm-none-eabi/lib/thumb/gba_crt0.o
 .text          0x00000000        0x0 C:/devkitPro/devkitARM/bin/../lib/gcc/arm-none-eabi/13.1.0/thumb/crti.o
 .data          0x00000000        0x0 C:/devkitPro/devkitARM/bin/../lib/gcc/arm-none-eabi/13.1.0/thumb/crti.o
 .bss           0x00000000        0x0 C:/devkitPro/devkitARM/bin/../lib/gcc/arm-none-eabi/13.1.0/thumb/crti.o
 .text          0x00000000        0x0 C:/devkitPro/devkitARM/bin/../lib/gcc/arm-none-eabi/13.1.0/thumb/crtbegin.o
 .data          0x00000000        0x0 C:/devkitPro/devkitARM/bin/../lib/gcc/arm-none-eabi/13.1.0/thumb/crtbegin.o
 .bss           0x00000000        0x0 C:/devkitPro/devkitARM/bin/../lib/gcc/arm-none-eabi/13.1.0/thumb/crtbegin.o
 .rodata.all_implied_fbits
                0x00000000       0x24 C:/devkitPro/devkitARM/bin/../lib/gcc/arm-none-eabi/13.1.0/thumb/crtbegin.o
 .data.__dso_handle
                0x00000000        0x4 C:/devkitPro/devkitARM/bin/../lib/gcc/arm-none-eabi/13.1.0/thumb/crtbegin.o
 .text          0x00000000        0x0 _bn_audio_soundbank.bin.o
 .data          0x00000000        0x0 _bn_audio_soundbank.bin.o
 .bss           0x00000000        0x0 _bn_audio_soundbank.bin.o
 .text          0x00000000        0x0 attract1_bg_bn_gfx.o
 .data          0x00000000        0x0 attract1_bg_bn_gfx.o
 .bss           0x00000000        0x0 attract1_bg_bn_gfx.o
 .text          0x00000000        0x0 ball_bn_gfx.o
 .data          0x00000000        0x0 ball_bn_gfx.o
 .bss           0x00000000        0x0 ball_bn_gfx.o
 .text          0x00000000        0x0 blue_brick_bn_gfx.o
 .data          0x00000000        0x0 blue_brick_bn_gfx.o
 .bss           0x00000000        0x0 blue_brick_bn_gfx.o
 .text          0x00000000        0x0 brick_bn_gfx.o
 .data          0x00000000        0x0 brick_bn_gfx.o
 .bss           0x00000000        0x0 brick_bn_gfx.o
 .text          0x00000000        0x0 fixed_32x64_font_bn_gfx.o
 .data          0x00000000        0x0 fixed_32x64_font_bn_gfx.o
 .bss           0x00000000        0x0 fixed_32x64_font_bn_gfx.o
 .text          0x00000000        0x0 green_brick_bn_gfx.o
 .data          0x00000000        0x0 green_brick_bn_gfx.o
 .bss           0x00000000        0x0 green_brick_bn_gfx.o
 .text          0x00000000        0x0 intro1_bn_gfx.o
 .data          0x00000000        0x0 intro1_bn_gfx.o
 .bss           0x00000000        0x0 intro1_bn_gfx.o
 .text          0x00000000        0x0 level1_bg_bn_gfx.o
 .data          0x00000000        0x0 level1_bg_bn_gfx.o
[...]
Memory Configuration

Name             Origin             Length             Attributes
rom              0x08000000         0x02000000
iwram            0x03000000         0x00008000
ewram            0x02000000         0x00040000
*default*        0x00000000         0xffffffff

Linker script and memory map

                0x08000000                        __text_start = ORIGIN (rom)
                0x02040000                        __eheap_end = (ORIGIN (ewram) + LENGTH (ewram))
                0x03000000                        __iwram_start = ORIGIN (iwram)
                0x03008000                        __iwram_top = (ORIGIN (iwram) + LENGTH (iwram))
                0x03007fa0                        __sp_irq = (__iwram_top - 0x60)
                0x03007f00                        __sp_usr = (__sp_irq - 0xa0)
                0x03007ff8                        __irq_flags = 0x3007ff8
                0x08000000                        . = __text_start

.crt0           0x08000000      0x210
 *(.crt0)
 .crt0          0x08000000      0x210 C:/devkitPro/devkitARM/bin/../lib/gcc/arm-none-eabi/13.1.0/../../../../arm-none-eabi/lib/thumb/gba_crt0.o
                0x08000000                _start
                0x080000c4                __boot_method
                0x080000c5                __slave_number
                0x080000e0                start_vector
                0x08000210                        . = ALIGN (0x4)

.init           0x08000210        0xc
 *(SORT_NONE(.init))
 .init          0x08000210        0x4 C:/devkitPro/devkitARM/bin/../lib/gcc/arm-none-eabi/13.1.0/thumb/crti.o
                0x08000210                _init
 .init          0x08000214        0x8 C:/devkitPro/devkitARM/bin/../lib/gcc/arm-none-eabi/13.1.0/thumb/crtn.o

.plt            0x0800021c        0x0
 *(.plt)
                0x0800021c                        . = ALIGN (0x4)

.text           0x08000220    0x190f0
 *(EXCLUDE_FILE(*.iwram*) .text*)
 .text.__do_global_dtors_aux
                0x08000220       0x2c C:/devkitPro/devkitARM/bin/../lib/gcc/arm-none-eabi/13.1.0/thumb/crtbegin.o
 .text.frame_dummy
                0x0800024c       0x24 C:/devkitPro/devkitARM/bin/../lib/gcc/arm-none-eabi/13.1.0/thumb/crtbegin.o
 .text._Z8gameoverv
                0x08000270      0x100 jv_game.o
                0x08000270                gameover()
 .text._Z11ball_bounceRN2jv4BallERNS_8PlatformE
                0x08000370      0x150 jv_game.o
                0x08000370                ball_bounce(jv::Ball&, jv::Platform&)
 .text._ZN2jv4game11intro_sceneEv
                0x080004c0       0xe4 jv_game.o
                0x080004c0                jv::game::intro_scene()
 .text._ZN3_bn6assert9show_argsIJA19_ciA4_ciEEEvPKcS5_S5_iDpRKT_
                0x080005a4       0x6c jv_game.o
                0x080005a4                void _bn::assert::show_args<char [19], int, char [4], int>(char const*, char const*, char const*, int, char const (&) [19], int const&, char const (&) [4], int const&)
 .text._Z3hudRN2bn21sprite_text_generatorE
                0x08000610      0x4e0 jv_game.o
                0x08000610                hud(bn::sprite_text_generator&)
 .text._ZN3_bn6assert9show_argsIJA16_ciA4_ciEEEvPKcS5_S5_iDpRKT_
                0x08000af0       0x6c jv_game.o
                0x08000af0                void _bn::assert::show_args<char [16], int, char [4], int>(char const*, char const*, char const*, int, char const (&) [16], int const&, char const (&) [4], int const&)
 .text._Z15brick_animationRN2bn6vectorIN2jv5BrickELi35EEE
                0x08000b5c      0x120 jv_game.o
                0x08000b5c                brick_animation(bn::vector<jv::Brick, 35>&)
 .text._ZN3_bn6assert9show_argsIA16_cEEvPKcS4_S4_iRKT_
                0x08000c7c       0x50 jv_game.o
                0x08000c7c                void _bn::assert::show_args<char [16]>(char const*, char const*, char const*, int, char const (&) [16])
 .text._ZN3_bn6assert9show_argsIA15_cEEvPKcS4_S4_iRKT_
                0x08000ccc       0x50 jv_game.o
                0x08000ccc                void _bn::assert::show_args<char [15]>(char const*, char const*, char const*, int, char const (&) [15])
 .text._Z11brick_layeriicRN2bn6vectorIN2jv5BrickELi35EEE
                0x08000d1c      0x73c jv_game.o
                0x08000d1c                brick_layer(int, int, char, bn::vector<jv::Brick, 35>&)
 .text._Z13level_managerRN2bn6vectorIN2jv5BrickELi35EEERNS_14regular_bg_ptrE
                0x08001458       0x9c jv_game.o
                0x08001458                level_manager(bn::vector<jv::Brick, 35>&, bn::regular_bg_ptr&)
 .text._ZN2jv4game13attract_sceneERN2bn14regular_bg_ptrERNS1_6vectorINS_7PowerUpELi10EEE
                0x080014f4      0x5a4 jv_game.o
                0x080014f4                jv::game::attract_scene(bn::regular_bg_ptr&, bn::vector<jv::PowerUp, 10>&)
 .text._ZN2jv4game11start_sceneEv
                0x08001a98      0x1d4 jv_game.o
                0x08001a98                jv::game::start_scene()
 .text._ZN2bn7ivectorINS_10sprite_ptrEE5clearEv
                0x08001c6c       0x28 jv_game.o
                0x08001c6c                bn::ivector<bn::sprite_ptr>::clear()
 .text._ZN3_bn6assert9show_argsIA17_cEEvPKcS4_S4_iRKT_
                0x08001c94       0x50 jv_game.o
                0x08001c94                void _bn::assert::show_args<char [17]>(char const*, char const*, char const*, int, char const (&) [17])
 .text._Z11brick_breakRN2jv4BallERN2bn6vectorINS_5BrickELi35EEERNS3_INS_7PowerUpELi10EEE
                0x08001ce4      0x2c8 jv_game.o
                0x08001ce4                brick_break(jv::Ball&, bn::vector<jv::Brick, 35>&, bn::vector<jv::PowerUp, 10>&)
 .text._Z15powerup_managerRN2bn6vectorIN2jv4BallELi10EEERNS0_INS1_7PowerUpELi10EEERNS1_8PlatformE
                0x08001fac      0x37c jv_game.o
                0x08001fac                powerup_manager(bn::vector<jv::Ball, 10>&, bn::vector<jv::PowerUp, 10>&, jv::Platform&)
 .text._ZN2jv4game10game_sceneERNS_8PlatformERN2bn14regular_bg_ptrE
                0x08002328      0x708 jv_game.o
                0x08002328                jv::game::game_scene(jv::Platform&, bn::regular_bg_ptr&)
 .text.startup._GLOBAL__sub_I__ZN2jv4game11intro_sceneEv
                0x08002a30       0x94 jv_game.o
 .text.exit._GLOBAL__sub_D__ZN2jv4game11intro_sceneEv
                0x08002ac4       0x84 jv_game.o
 .text._ZN2jv4BallC2EN2bn7fixed_tILi12EEES3_S3_S3_
                0x08002b48       0x94 jv_game_ball.o
                0x08002b48                jv::Ball::Ball(bn::fixed_t<12>, bn::fixed_t<12>, bn::fixed_t<12>, bn::fixed_t<12>)
                0x08002b48                jv::Ball::Ball(bn::fixed_t<12>, bn::fixed_t<12>, bn::fixed_t<12>, bn::fixed_t<12>)
 .text._ZN2jv4BallD2Ev
                0x08002bdc       0x10 jv_game_ball.o
                0x08002bdc                jv::Ball::~Ball()
                0x08002bdc                jv::Ball::~Ball()
 .text._ZN2jv4Ball9set_deltaEN2bn7fixed_tILi12EEES3_
                0x08002bec        0x8 jv_game_ball.o
                0x08002bec                jv::Ball::set_delta(bn::fixed_t<12>, bn::fixed_t<12>)
 .text._ZN2jv4Ball11set_stuck_xEN2bn7fixed_tILi12EEE
                0x08002bf4        0x4 jv_game_ball.o
                0x08002bf4                jv::Ball::set_stuck_x(bn::fixed_t<12>)
 .text._ZN2jv4Ball9set_stuckEb
                0x08002bf8        0x8 jv_game_ball.o
                0x08002bf8                jv::Ball::set_stuck(bool)
 .text._ZN2jv4Ball12set_powerfulEv
                0x08002c00       0x30 jv_game_ball.o
                0x08002c00                jv::Ball::set_powerful()
 .text._ZN2jv4Ball4rollERNS_8PlatformE
                0x08002c30      0x128 jv_game_ball.o
                0x08002c30                jv::Ball::roll(jv::Platform&)
 .text._ZN2jv4Ball11set_visibleEb
                0x08002d58        0xc jv_game_ball.o
                0x08002d58                jv::Ball::set_visible(bool)
 .text._ZN2jv5BrickC2Eiiiic
                0x08002d64       0xc0 jv_game_brick.o
                0x08002d64                jv::Brick::Brick(int, int, int, int, char)
                0x08002d64                jv::Brick::Brick(int, int, int, int, char)
 .text._ZN2jv5BrickD2Ev
                0x08002e24       0x10 jv_game_brick.o
                0x08002e24                jv::Brick::~Brick()
                0x08002e24                jv::Brick::~Brick()
 .text._ZN2jv8PlatformC2EN2bn7fixed_tILi12EEES3_
                0x08002e34       0x94 jv_game_platform.o
                0x08002e34                jv::Platform::Platform(bn::fixed_t<12>, bn::fixed_t<12>)
                0x08002e34                jv::Platform::Platform(bn::fixed_t<12>, bn::fixed_t<12>)
 .text._ZN2jv8Platform5set_xEN2bn7fixed_tILi12EEE
                0x08002ec8       0x38 jv_game_platform.o
                0x08002ec8                jv::Platform::set_x(bn::fixed_t<12>)
 .text._ZN2jv8Platform11set_visibleEb
                0x08002f00        0xc jv_game_platform.o
                0x08002f00                jv::Platform::set_visible(bool)
 .text._ZN2jv8Platform14reset_positionEv
                0x08002f0c       0x20 jv_game_platform.o
                0x08002f0c                jv::Platform::reset_position()
 .text._ZN2jv8Platform4growEv
                0x08002f2c       0x6c jv_game_platform.o
                0x08002f2c                jv::Platform::grow()
 .text._ZN2jv8Platform6shrinkEv
                0x08002f98       0x6c jv_game_platform.o
                0x08002f98                jv::Platform::shrink()
 .text._ZN2jv8Platform12set_magneticEb
                0x08003004        0xc jv_game_platform.o
                0x08003004                jv::Platform::set_magnetic(bool)
 .text._ZN2jv8Platform12magnet_decayEv
                0x08003010       0x70 jv_game_platform.o
                0x08003010                jv::Platform::magnet_decay()
 .text._ZN2jv7PowerUpC2Eiicc
                0x08003080      0x16c jv_game_powerups.o
                0x08003080                jv::PowerUp::PowerUp(int, int, char, char)
                0x08003080                jv::PowerUp::PowerUp(int, int, char, char)
 .text._ZN2jv7PowerUp5set_yEN2bn7fixed_tILi12EEE
                0x080031ec       0x38 jv_game_powerups.o
                0x080031ec                jv::PowerUp::set_y(bn::fixed_t<12>)
 .text.startup.main
                0x08003224       0x54 main.o
                0x08003224                main
 .text.startup._GLOBAL__sub_I_main
                0x08003278       0x94 main.o
 .text.exit._GLOBAL__sub_D_main
                0x0800330c       0x84 main.o
 .text._ZN2bn13audio_manager4initEv
                0x08003390        0xc bn_audio_manager.o
                0x08003390                bn::audio_manager::init()
 .text._ZN2bn13audio_manager7disableEv
                0x0800339c        0xc bn_audio_manager.o
                0x0800339c                bn::audio_manager::disable()
 .text._ZN2bn13audio_manager22disable_vblank_handlerEv
                0x080033a8        0xc bn_audio_manager.o
                0x080033a8                bn::audio_manager::disable_vblank_handler()
 .text._ZN2bn13audio_manager6updateEv
                0x080033b4       0x18 bn_audio_manager.o
                0x080033b4                bn::audio_manager::update()
 .text._ZN2bn13audio_manager6commitEv
                0x080033cc        0xc bn_audio_manager.o
                0x080033cc                bn::audio_manager::commit()
 .text._ZN3_bn6assert9show_argsIA18_ciEEvPKcS4_S4_iRKT_RKT0_
                0x080033d8       0x58 bn_audio_manager.o
                0x080033d8                void _bn::assert::show_args<char [18], int>(char const*, char const*, char const*, int, char const (&) [18], int const&)
 .text._ZN3_bn6assert9show_argsIA14_ciEEvPKcS4_S4_iRKT_RKT0_
                0x08003430       0x58 bn_audio_manager.o
                0x08003430                void _bn::assert::show_args<char [14], int>(char const*, char const*, char const*, int, char const (&) [14], int const&)
 .text._ZN2bn13audio_manager16execute_commandsEv
                0x08003488      0x274 bn_audio_manager.o
                0x08003488                bn::audio_manager::execute_commands()
 .text._ZN3_bn6assert9show_argsIA19_ciEEvPKcS4_S4_iRKT_RKT0_
                0x080036fc       0x58 bn_audio_manager.o
                0x080036fc                void _bn::assert::show_args<char [19], int>(char const*, char const*, char const*, int, char const (&) [19], int const&)
 .text._ZN3_bn6assert9show_argsIA26_ciEEvPKcS4_S4_iRKT_RKT0_
                0x08003754       0x58 bn_audio_manager.o
                0x08003754                void _bn::assert::show_args<char [26], int>(char const*, char const*, char const*, int, char const (&) [26], int const&)
 .text._ZN3_bn6assert9show_argsIA33_cEEvPKcS4_S4_iRKT_
                0x080037ac       0x50 bn_audio_manager.o
                0x080037ac                void _bn::assert::show_args<char [33]>(char const*, char const*, char const*, int, char const (&) [33])
 .text._ZN3_bn6assert9show_argsIA25_cEEvPKcS4_S4_iRKT_
                0x080037fc       0x50 bn_audio_manager.o
                0x080037fc                void _bn::assert::show_args<char [25]>(char const*, char const*, char const*, int, char const (&) [25])
 .text._ZN2bn13audio_manager10stop_musicEv
                0x0800384c       0x70 bn_audio_manager.o
                0x0800384c                bn::audio_manager::stop_music()
 .text._ZN2bn13audio_manager4stopEv
                0x080038bc       0x60 bn_audio_manager.o
                0x080038bc                bn::audio_manager::stop()
 .text._ZN3_bn6assert9show_argsIA24_cEEvPKcS4_S4_iRKT_
                0x0800391c       0x50 bn_audio_manager.o
                0x0800391c                void _bn::assert::show_args<char [24]>(char const*, char const*, char const*, int, char const (&) [24])
 .text._ZN2bn13ostringstream6appendILi12EEEvNS_7fixed_tIXT_EEE
                0x0800396c       0xa0 bn_audio_manager.o
                0x0800396c                void bn::ostringstream::append<12>(bn::fixed_t<12>)
 .text._ZN3_bn6assert9show_argsIA25_cN2bn7fixed_tILi12EEEEEvPKcS7_S7_iRKT_RKT0_
                0x08003a0c       0x58 bn_audio_manager.o
                0x08003a0c                void _bn::assert::show_args<char [25], bn::fixed_t<12> >(char const*, char const*, char const*, int, char const (&) [25], bn::fixed_t<12> const&)
 .text._ZNK2bn10sound_item4playENS_7fixed_tILi12EEE
                0x08003a64       0xa0 bn_audio_manager.o
                0x08003a64                bn::sound_item::play(bn::fixed_t<12>) const
 .text.startup._GLOBAL__sub_I__ZN2bn5audio16update_on_vblankEv
                0x08003b04       0x40 bn_audio_manager.o
 .text._ZN3_bn6assert9show_argsIA23_cEEvPKcS4_S4_iRKT_
                0x08003b44       0x50 bn_best_fit_allocator.o
                0x08003b44                void _bn::assert::show_args<char [23]>(char const*, char const*, char const*, int, char const (&) [23])
 .text._ZN2bn18best_fit_allocatorD2Ev
                0x08003b94       0x34 bn_best_fit_allocator.o
                0x08003b94                bn::best_fit_allocator::~best_fit_allocator()
                0x08003b94                bn::best_fit_allocator::~best_fit_allocator()
 .text._ZN3_bn6assert9show_argsIA16_ciEEvPKcS4_S4_iRKT_RKT0_
                0x08003bc8       0x58 bn_best_fit_allocator.o
                0x08003bc8                void _bn::assert::show_args<char [16], int>(char const*, char const*, char const*, int, char const (&) [16], int const&)
 .text._ZN3_bn6assert9show_argsIA20_ciEEvPKcS4_S4_iRKT_RKT0_
                0x08003c20       0x58 bn_best_fit_allocator.o
                0x08003c20                void _bn::assert::show_args<char [20], int>(char const*, char const*, char const*, int, char const (&) [20], int const&)
 .text._ZN3_bn6assert9show_argsIA14_cEEvPKcS4_S4_iRKT_
                0x08003c78       0x50 bn_best_fit_allocator.o
                0x08003c78                void _bn::assert::show_args<char [14]>(char const*, char const*, char const*, int, char const (&) [14])
 .text._ZN3_bn6assert9show_argsIA21_cEEvPKcS4_S4_iRKT_
                0x08003cc8       0x50 bn_best_fit_allocator.o
                0x08003cc8                void _bn::assert::show_args<char [21]>(char const*, char const*, char const*, int, char const (&) [21])
 .text._ZN2bn18best_fit_allocator5resetEPvi
                0x08003d18       0xc4 bn_best_fit_allocator.o
                0x08003d18                bn::best_fit_allocator::reset(void*, int)
 .text._ZN2bn17bg_blocks_manager12_GLOBAL__N_125_regular_map_blocks_countEii
                0x08003ddc       0x38 bn_bg_blocks_manager.o
 .text._ZN2bn13ostringstream11append_argsIiJA4_ctEEEvRKT_DpRKT0_.isra.0
                0x08003e14       0x24 bn_bg_blocks_manager.o
 .text._ZN2bn13ostringstream11append_argsIiJA4_ciEEEvRKT_DpRKT0_.isra.0
                0x08003e38       0x24 bn_bg_blocks_manager.o
 .text._ZNK2bn18regular_bg_map_ptr2idEv
                0x08003e5c       0x18 bn_bg_blocks_manager.o
                0x08003e5c                bn::regular_bg_map_ptr::id() const
 .text._ZNK2bn18regular_bg_map_ptr10dimensionsEv
                0x08003e74       0x20 bn_bg_blocks_manager.o
                0x08003e74                bn::regular_bg_map_ptr::dimensions() const
 .text._ZNK2bn20regular_bg_tiles_ptr3cbbEv
                0x08003e94       0x18 bn_bg_blocks_manager.o
                0x08003e94                bn::regular_bg_tiles_ptr::cbb() const
 .text._ZNK2bn17affine_bg_map_ptr2idEv
                0x08003eac       0x18 bn_bg_blocks_manager.o
                0x08003eac                bn::affine_bg_map_ptr::id() const
 .text._ZNK2bn17affine_bg_map_ptr10dimensionsEv
                0x08003ec4       0x20 bn_bg_blocks_manager.o
                0x08003ec4                bn::affine_bg_map_ptr::dimensions() const
 .text._ZNK2bn19affine_bg_tiles_ptr3cbbEv
                0x08003ee4       0x18 bn_bg_blocks_manager.o
                0x08003ee4                bn::affine_bg_tiles_ptr::cbb() const
 .text._ZN2bn17bg_blocks_manager10log_statusEv
                0x08003efc      0x3f8 bn_bg_blocks_manager.o
                0x08003efc                bn::bg_blocks_manager::log_status()
 .text._ZN2bn17bg_blocks_manager15decrease_usagesEi
                0x080042f4       0x98 bn_bg_blocks_manager.o
                0x080042f4                bn::bg_blocks_manager::decrease_usages(int)
 .text._ZN2bn18regular_bg_map_ptrD2Ev
                0x0800438c       0x18 bn_bg_blocks_manager.o
                0x0800438c                bn::regular_bg_map_ptr::~regular_bg_map_ptr()
                0x0800438c                bn::regular_bg_map_ptr::~regular_bg_map_ptr()
 .text._ZN2bn17affine_bg_map_ptrD2Ev
                0x080043a4       0x18 bn_bg_blocks_manager.o
                0x080043a4                bn::affine_bg_map_ptr::~affine_bg_map_ptr()
                0x080043a4                bn::affine_bg_map_ptr::~affine_bg_map_ptr()
 .text._ZN2bn17bg_blocks_manager12_GLOBAL__N_110items_list12insert_afterEiRKNS1_9item_typeE.constprop.0
                0x080043bc      0x250 bn_bg_blocks_manager.o
 .text._ZN2bn17bg_blocks_manager4initEv
                0x0800460c       0x7c bn_bg_blocks_manager.o
                0x0800460c                bn::bg_blocks_manager::init()
 .text._ZN2bn17bg_blocks_manager11must_commitEi
                0x08004688       0x18 bn_bg_blocks_manager.o
                0x08004688                bn::bg_blocks_manager::must_commit(int)
 .text._ZN3_bn6assert9show_argsIA27_ciEEvPKcS4_S4_iRKT_RKT0_
                0x080046a0       0x58 bn_bg_blocks_manager.o
                0x080046a0                void _bn::assert::show_args<char [27], int>(char const*, char const*, char const*, int, char const (&) [27], int const&)
 .text._ZN3_bn6assert9show_argsIA15_ciEEvPKcS4_S4_iRKT_RKT0_
                0x080046f8       0x58 bn_bg_blocks_manager.o
                0x080046f8                void _bn::assert::show_args<char [15], int>(char const*, char const*, char const*, int, char const (&) [15], int const&)
 .text._ZN3_bn6assert9show_argsIJA22_ciA4_ciEEEvPKcS5_S5_iDpRKT_
                0x08004750       0x5c bn_bg_blocks_manager.o
                0x08004750                void _bn::assert::show_args<char [22], int, char [4], int>(char const*, char const*, char const*, int, char const (&) [22], int const&, char const (&) [4], int const&)
 .text._ZN3_bn6assert9show_argsIJA58_ciA4_ciEEEvPKcS5_S5_iDpRKT_
                0x080047ac       0x5c bn_bg_blocks_manager.o
                0x080047ac                void _bn::assert::show_args<char [58], int, char [4], int>(char const*, char const*, char const*, int, char const (&) [58], int const&, char const (&) [4], int const&)
 .text._ZN3_bn6assert9show_argsIA22_ciEEvPKcS4_S4_iRKT_RKT0_
                0x08004808       0x58 bn_bg_blocks_manager.o
                0x08004808                void _bn::assert::show_args<char [22], int>(char const*, char const*, char const*, int, char const (&) [22], int const&)
 .text._ZN3_bn6assert9show_argsIJA44_cPKtA4_cS4_EEEvPKcS7_S7_iDpRKT_
                0x08004860       0x6c bn_bg_blocks_manager.o
                0x08004860                void _bn::assert::show_args<char [44], unsigned short const*, char [4], unsigned short const*>(char const*, char const*, char const*, int, char const (&) [44], unsigned short const* const&, char const (&) [4], unsigned short const* const&)
 .text._ZN3_bn6assert9show_argsIJA46_ciA4_ciEEEvPKcS5_S5_iDpRKT_
                0x080048cc       0x5c bn_bg_blocks_manager.o
                0x080048cc                void _bn::assert::show_args<char [46], int, char [4], int>(char const*, char const*, char const*, int, char const (&) [46], int const&, char const (&) [4], int const&)
 .text._ZN3_bn6assert9show_argsIJA37_cbA4_cbEEEvPKcS5_S5_iDpRKT_
                0x08004928       0x84 bn_bg_blocks_manager.o
                0x08004928                void _bn::assert::show_args<char [37], bool, char [4], bool>(char const*, char const*, char const*, int, char const (&) [37], bool const&, char const (&) [4], bool const&)
 .text._ZN3_bn6assert9show_argsIA19_cEEvPKcS4_S4_iRKT_
                0x080049ac       0x50 bn_bg_blocks_manager.o
                0x080049ac                void _bn::assert::show_args<char [19]>(char const*, char const*, char const*, int, char const (&) [19])
 .text._ZN2bn17bg_blocks_manager12_GLOBAL__N_116_find_tiles_implEPKtNS_16compression_typeEib
                0x080049fc      0x1d8 bn_bg_blocks_manager.o
 .text._ZN3_bn6assert9show_argsIJA34_ciA4_ctEEEvPKcS5_S5_iDpRKT_
                0x08004bd4       0x5c bn_bg_blocks_manager.o
                0x08004bd4                void _bn::assert::show_args<char [34], int, char [4], unsigned short>(char const*, char const*, char const*, int, char const (&) [34], int const&, char const (&) [4], unsigned short const&)
 .text._ZN3_bn6assert9show_argsIJA36_ciA4_ctEEEvPKcS5_S5_iDpRKT_
                0x08004c30       0x5c bn_bg_blocks_manager.o
                0x08004c30                void _bn::assert::show_args<char [36], int, char [4], unsigned short>(char const*, char const*, char const*, int, char const (&) [36], int const&, char const (&) [4], unsigned short const&)
 .text._ZN3_bn6assert9show_argsIJA54_ciA4_ciEEEvPKcS5_S5_iDpRKT_
                0x08004c8c       0x5c bn_bg_blocks_manager.o
                0x08004c8c                void _bn::assert::show_args<char [54], int, char [4], int>(char const*, char const*, char const*, int, char const (&) [54], int const&, char const (&) [4], int const&)
 .text._ZN3_bn6assert9show_argsIA22_cEEvPKcS4_S4_iRKT_
                0x08004ce8       0x50 bn_bg_blocks_manager.o
                0x08004ce8                void _bn::assert::show_args<char [22]>(char const*, char const*, char const*, int, char const (&) [22])
 .text._ZNK2bn18regular_bg_map_ptr5tilesEv
                0x08004d38       0x48 bn_bg_blocks_manager.o
                0x08004d38                bn::regular_bg_map_ptr::tiles() const
 .text._ZNK2bn17affine_bg_map_ptr5tilesEv
                0x08004d80       0x48 bn_bg_blocks_manager.o
                0x08004d80                bn::affine_bg_map_ptr::tiles() const
 .text._ZNK2bn18regular_bg_map_ptr3bppEv
                0x08004dc8       0x4c bn_bg_blocks_manager.o
                0x08004dc8                bn::regular_bg_map_ptr::bpp() const
 .text._ZN2bn17bg_blocks_manager21update_affine_map_rowEiii
                0x08004e14      0x104 bn_bg_blocks_manager.o
                0x08004e14                bn::bg_blocks_manager::update_affine_map_row(int, int, int)
 .text._ZN2bn17bg_blocks_manager23set_affine_map_positionEiii
                0x08004f18      0x1c4 bn_bg_blocks_manager.o
                0x08004f18                bn::bg_blocks_manager::set_affine_map_position(int, int, int)
 .text._ZN2bn17bg_blocks_manager21update_affine_map_colEiii
                0x080050dc      0x224 bn_bg_blocks_manager.o
                0x080050dc                bn::bg_blocks_manager::update_affine_map_col(int, int, int)
 .text._ZN2bn17bg_blocks_manager22update_regular_map_colEiii
                0x08005300      0x174 bn_bg_blocks_manager.o
                0x08005300                bn::bg_blocks_manager::update_regular_map_col(int, int, int)
 .text._ZN2bn17bg_blocks_manager22update_regular_map_rowEiii
                0x08005474      0x14c bn_bg_blocks_manager.o
                0x08005474                bn::bg_blocks_manager::update_regular_map_row(int, int, int)
 .text._ZN2bn17bg_blocks_manager24set_regular_map_positionEiii
                0x080055c0      0x1d4 bn_bg_blocks_manager.o
                0x080055c0                bn::bg_blocks_manager::set_regular_map_position(int, int, int)
 .text._ZN2bn17bg_blocks_manager12_GLOBAL__N_112_commit_itemERKNS1_9item_typeE
                0x08005794      0x2b8 bn_bg_blocks_manager.o
 .text._ZN2bn17bg_blocks_manager6commitEv
                0x08005a4c       0x40 bn_bg_blocks_manager.o
                0x08005a4c                bn::bg_blocks_manager::commit()
 .text._ZN2bn17bg_blocks_manager21set_regular_map_tilesEiONS_20regular_bg_tiles_ptrE
                0x08005a8c      0x25c bn_bg_blocks_manager.o
                0x08005a8c                bn::bg_blocks_manager::set_regular_map_tiles(int, bn::regular_bg_tiles_ptr&&)
 .text._ZN2bn17bg_blocks_manager23set_regular_map_paletteEiONS_14bg_palette_ptrE
                0x08005ce8      0x224 bn_bg_blocks_manager.o
                0x08005ce8                bn::bg_blocks_manager::set_regular_map_palette(int, bn::bg_palette_ptr&&)
 .text._ZN3_bn6assert9show_argsIJA34_ciA4_ciEEEvPKcS5_S5_iDpRKT_
                0x08005f0c       0x5c bn_bg_blocks_manager.o
                0x08005f0c                void _bn::assert::show_args<char [34], int, char [4], int>(char const*, char const*, char const*, int, char const (&) [34], int const&, char const (&) [4], int const&)
 .text._ZN3_bn6assert9show_argsIJA38_ciA4_ciEEEvPKcS5_S5_iDpRKT_
                0x08005f68       0x5c bn_bg_blocks_manager.o
                0x08005f68                void _bn::assert::show_args<char [38], int, char [4], int>(char const*, char const*, char const*, int, char const (&) [38], int const&, char const (&) [4], int const&)
 .text._ZN3_bn6assert9show_argsIJA32_cA15_cPKtA16_ciA17_ciA34_cN2bn11string_viewEEEEvPKcSC_SC_iDpRKT_
                0x08005fc4       0x94 bn_bg_blocks_manager.o
                0x08005fc4                void _bn::assert::show_args<char [32], char [15], unsigned short const*, char [16], int, char [17], int, char [34], bn::string_view>(char const*, char const*, char const*, int, char const (&) [32], char const (&) [15], unsigned short const* const&, char const (&) [16], int const&, char const (&) [17], int const&, char const (&) [34], bn::string_view const&)
 .text._ZN3_bn6assert9show_argsIA26_cEEvPKcS4_S4_iRKT_
                0x08006058       0x50 bn_bg_blocks_manager.o
                0x08006058                void _bn::assert::show_args<char [26]>(char const*, char const*, char const*, int, char const (&) [26])
 .text._ZN3_bn6assert9show_argsIA46_cEEvPKcS4_S4_iRKT_
                0x080060a8       0x50 bn_bg_blocks_manager.o
                0x080060a8                void _bn::assert::show_args<char [46]>(char const*, char const*, char const*, int, char const (&) [46])
 .text._ZN3_bn6assert9show_argsIJA30_cA13_cPKtA14_ciA15_ciA17_ciA34_cN2bn11string_viewEEEEvPKcSD_SD_iDpRKT_
                0x080060f8       0xa8 bn_bg_blocks_manager.o
                0x080060f8                void _bn::assert::show_args<char [30], char [13], unsigned short const*, char [14], int, char [15], int, char [17], int, char [34], bn::string_view>(char const*, char const*, char const*, int, char const (&) [30], char const (&) [13], unsigned short const* const&, char const (&) [14], int const&, char const (&) [15], int const&, char const (&) [17], int const&, char const (&) [34], bn::string_view const&)
 .text._ZN3_bn6assert9show_argsIA31_cEEvPKcS4_S4_iRKT_
                0x080061a0       0x50 bn_bg_blocks_manager.o
                0x080061a0                void _bn::assert::show_args<char [31]>(char const*, char const*, char const*, int, char const (&) [31])
 .text._ZN3_bn6assert9show_argsIJA37_ciA4_ciEEEvPKcS5_S5_iDpRKT_
                0x080061f0       0x5c bn_bg_blocks_manager.o
                0x080061f0                void _bn::assert::show_args<char [37], int, char [4], int>(char const*, char const*, char const*, int, char const (&) [37], int const&, char const (&) [4], int const&)
 .text._ZN2bn17bg_blocks_manager33set_regular_map_tiles_and_paletteEiONS_20regular_bg_tiles_ptrEONS_14bg_palette_ptrE
                0x0800624c      0x2e8 bn_bg_blocks_manager.o
                0x0800624c                bn::bg_blocks_manager::set_regular_map_tiles_and_palette(int, bn::regular_bg_tiles_ptr&&, bn::bg_palette_ptr&&)
 .text._ZN2bn17bg_blocks_manager12_GLOBAL__N_122_find_regular_map_implERKNS_19regular_bg_map_itemERKNS_20regular_bg_tiles_ptrERKNS_14bg_palette_ptrE
                0x08006534      0x380 bn_bg_blocks_manager.o
 .text._ZN3_bn6assert9show_argsIA39_ciEEvPKcS4_S4_iRKT_RKT0_
                0x080068b4       0x58 bn_bg_blocks_manager.o
                0x080068b4                void _bn::assert::show_args<char [39], int>(char const*, char const*, char const*, int, char const (&) [39], int const&)
 .text._ZN3_bn6assert9show_argsIA25_ciEEvPKcS4_S4_iRKT_RKT0_
                0x0800690c       0x58 bn_bg_blocks_manager.o
                0x0800690c                void _bn::assert::show_args<char [25], int>(char const*, char const*, char const*, int, char const (&) [25], int const&)
 .text._ZN2bn14iunordered_mapIPKviNS_17bg_blocks_manager12_GLOBAL__N_115identity_hasherENS_8equal_toIS2_EEE5eraseERKNS8_14const_iteratorE.constprop.0.isra.0
                0x08006964      0x1a4 bn_bg_blocks_manager.o
 .text._ZN2bn17bg_blocks_manager12_GLOBAL__N_121_remove_adjacent_itemEiRNS1_9item_typeE
                0x08006b08       0xcc bn_bg_blocks_manager.o
 .text._ZN2bn17bg_blocks_manager6updateEv
                0x08006bd4      0x200 bn_bg_blocks_manager.o
                0x08006bd4                bn::bg_blocks_manager::update()
 .text._ZN2bn17bg_blocks_manager12_GLOBAL__N_112_create_itemEiibONS1_11create_dataE
                0x08006dd4      0x524 bn_bg_blocks_manager.o
 .text._ZN2bn17bg_blocks_manager12_GLOBAL__N_112_create_implEONS1_11create_dataE
                0x080072f8      0x1fc bn_bg_blocks_manager.o
 .text._ZN2bn17bg_blocks_manager20create_regular_tilesERKNS_21regular_bg_tiles_itemEb
                0x080074f4      0x148 bn_bg_blocks_manager.o
                0x080074f4                bn::bg_blocks_manager::create_regular_tiles(bn::regular_bg_tiles_item const&, bool)
 .text._ZN2bn17bg_blocks_manager18create_regular_mapERKNS_19regular_bg_map_itemEONS_20regular_bg_tiles_ptrEONS_14bg_palette_ptrEb
                0x0800763c      0x27c bn_bg_blocks_manager.o
                0x0800763c                bn::bg_blocks_manager::create_regular_map(bn::regular_bg_map_item const&, bn::regular_bg_tiles_ptr&&, bn::bg_palette_ptr&&, bool)
 .text._ZN2bn18regular_bg_map_ptr6createERKNS_15regular_bg_itemE
                0x080078b8       0x50 bn_bg_blocks_manager.o
                0x080078b8                bn::regular_bg_map_ptr::create(bn::regular_bg_item const&)
 .text.startup._GLOBAL__sub_I__ZN2bn7bg_maps16used_cells_countEv
                0x08007908       0x98 bn_bg_blocks_manager.o
 .text.exit._GLOBAL__sub_D__ZN2bn7bg_maps16used_cells_countEv
                0x080079a0       0x50 bn_bg_blocks_manager.o
 .text._ZN2bn11bgs_manager12_GLOBAL__N_129_check_unique_regular_big_mapERNS1_9item_typeE
                0x080079f0       0x68 bn_bgs_manager.o
 .text._ZN2bn11bgs_manager12_GLOBAL__N_133_update_item_hw_affine_attributesERKNS1_9item_typeE
                0x08007a58       0x48 bn_bgs_manager.o
 .text._ZN2bn13ostringstream11append_argsIiJA4_ciEEEvRKT_DpRKT0_.isra.0
                0x08007aa0       0x24 bn_bgs_manager.o
 .text._ZNK2bn14regular_bg_ptr1xEv
                0x08007ac4        0x8 bn_bgs_manager.o
                0x08007ac4                bn::regular_bg_ptr::x() const
 .text._ZNK2bn14regular_bg_ptr1yEv
                0x08007acc        0x8 bn_bgs_manager.o
                0x08007acc                bn::regular_bg_ptr::y() const
 .text._ZN2bn14regular_bg_ptr20set_blending_enabledEb
                0x08007ad4       0x3c bn_bgs_manager.o
                0x08007ad4                bn::regular_bg_ptr::set_blending_enabled(bool)
 .text._ZN2bn14regular_bg_ptr11set_visibleEb
                0x08007b10       0x30 bn_bgs_manager.o
                0x08007b10                bn::regular_bg_ptr::set_visible(bool)
 .text._ZN2bn11bgs_manager5hw_idEPv
                0x08007b40        0x8 bn_bgs_manager.o
                0x08007b40                bn::bgs_manager::hw_id(void*)
 .text._ZN2bn11bgs_manager11hw_positionEPv
                0x08007b48        0x4 bn_bgs_manager.o
                0x08007b48                bn::bgs_manager::hw_position(void*)
 .text._ZN2bn11bgs_manager14mat_attributesEPv
                0x08007b4c        0x4 bn_bgs_manager.o
                0x08007b4c                bn::bgs_manager::mat_attributes(void*)
 .text._ZN2bn11bgs_manager20update_windows_flagsEPj
                0x08007b50       0x7c bn_bgs_manager.o
                0x08007b50                bn::bgs_manager::update_windows_flags(unsigned int*)
 .text._ZN2bn11bgs_manager28update_regular_map_tiles_cbbEii
                0x08007bcc       0xa8 bn_bgs_manager.o
                0x08007bcc                bn::bgs_manager::update_regular_map_tiles_cbb(int, int)
 .text._ZN2bn11bgs_manager30update_regular_map_palette_bppEiNS_8bpp_modeE
                0x08007c74       0xac bn_bgs_manager.o
                0x08007c74                bn::bgs_manager::update_regular_map_palette_bpp(int, bn::bpp_mode)
 .text._ZN2bn11bgs_manager36fill_hblank_effect_regular_positionsEiPKNS_7fixed_tILi12EEEPt
                0x08007d20       0x38 bn_bgs_manager.o
                0x08007d20                bn::bgs_manager::fill_hblank_effect_regular_positions(int, bn::fixed_t<12> const*, unsigned short*)
 .text._ZN2bn11bgs_manager45fill_hblank_effect_pivot_horizontal_positionsEPvPKNS_7fixed_tILi12EEEPj
                0x08007d58       0x24 bn_bgs_manager.o
                0x08007d58                bn::bgs_manager::fill_hblank_effect_pivot_horizontal_positions(void*, bn::fixed_t<12> const*, unsigned int*)
 .text._ZN2bn11bgs_manager43fill_hblank_effect_pivot_vertical_positionsEPvPKNS_7fixed_tILi12EEEPj
                0x08007d7c       0x24 bn_bgs_manager.o
                0x08007d7c                bn::bgs_manager::fill_hblank_effect_pivot_vertical_positions(void*, bn::fixed_t<12> const*, unsigned int*)
 .text._ZN2bn11bgs_manager6commitEb
                0x08007da0       0x58 bn_bgs_manager.o
                0x08007da0                bn::bgs_manager::commit(bool)
 .text._ZN2bn11bgs_manager4stopEv
                0x08007df8       0x28 bn_bgs_manager.o
                0x08007df8                bn::bgs_manager::stop()
 .text._ZN3_bn6assert9show_argsIA17_ciEEvPKcS4_S4_iRKT_RKT0_
                0x08007e20       0x58 bn_bgs_manager.o
                0x08007e20                void _bn::assert::show_args<char [17], int>(char const*, char const*, char const*, int, char const (&) [17], int const&)
 .text._ZN3_bn6assert9show_argsIA30_cEEvPKcS4_S4_iRKT_
                0x08007e78       0x50 bn_bgs_manager.o
                0x08007e78                void _bn::assert::show_args<char [30]>(char const*, char const*, char const*, int, char const (&) [30])
 .text._ZN3_bn6assert9show_argsIJA60_ciA4_ciEEEvPKcS5_S5_iDpRKT_
                0x08007ec8       0x5c bn_bgs_manager.o
                0x08007ec8                void _bn::assert::show_args<char [60], int, char [4], int>(char const*, char const*, char const*, int, char const (&) [60], int const&, char const (&) [4], int const&)
 .text._ZN2bn11bgs_manager20set_regular_positionEPvRKNS_11fixed_pointE
                0x08007f24       0xf8 bn_bgs_manager.o
                0x08007f24                bn::bgs_manager::set_regular_position(void*, bn::fixed_point const&)
 .text._ZN2bn14regular_bg_ptr12set_positionENS_7fixed_tILi12EEES2_
                0x0800801c       0x18 bn_bgs_manager.o
                0x0800801c                bn::regular_bg_ptr::set_position(bn::fixed_t<12>, bn::fixed_t<12>)
 .text._ZN3_bn6assert9show_argsIJA59_ciA4_ciEEEvPKcS5_S5_iDpRKT_
                0x08008034       0x5c bn_bgs_manager.o
                0x08008034                void _bn::assert::show_args<char [59], int, char [4], int>(char const*, char const*, char const*, int, char const (&) [59], int const&, char const (&) [4], int const&)
 .text._ZN3_bn6assert9show_argsIJA57_ciA4_ciEEEvPKcS5_S5_iDpRKT_
                0x08008090       0x5c bn_bgs_manager.o
                0x08008090                void _bn::assert::show_args<char [57], int, char [4], int>(char const*, char const*, char const*, int, char const (&) [57], int const&, char const (&) [4], int const&)
 .text._ZN2bn11bgs_manager14update_camerasEv
                0x080080ec      0x2b4 bn_bgs_manager.o
                0x080080ec                bn::bgs_manager::update_cameras()
 .text._ZN3_bn6assert9show_argsIA27_cEEvPKcS4_S4_iRKT_
                0x080083a0       0x50 bn_bgs_manager.o
                0x080083a0                void _bn::assert::show_args<char [27]>(char const*, char const*, char const*, int, char const (&) [27])
 .text._ZN2bn11bgs_manager15rebuild_handlesEv.part.0
                0x080083f0      0x198 bn_bgs_manager.o
 .text._ZN2bn18regular_bg_builder11release_mapEv
                0x08008588       0x78 bn_bgs_manager.o
                0x08008588                bn::regular_bg_builder::release_map()
 .text._ZN2bn11bgs_manager37fill_hblank_effect_regular_attributesEPvPKNS_21regular_bg_attributesEPt
                0x08008600      0x100 bn_bgs_manager.o
                0x08008600                bn::bgs_manager::fill_hblank_effect_regular_attributes(void*, bn::regular_bg_attributes const*, unsigned short*)
 .text._ZN2bn11bgs_manager6updateEv
                0x08008700      0x1d0 bn_bgs_manager.o
                0x08008700                bn::bgs_manager::update()
 .text._ZN2bn11bgs_manager15commit_big_mapsEv
                0x080088d0      0x1d4 bn_bgs_manager.o
                0x080088d0                bn::bgs_manager::commit_big_maps()
 .text._ZN2bn11bgs_manager36fill_hblank_effect_affine_attributesEPvPKNS_20affine_bg_attributesEPt
                0x08008aa4      0x104 bn_bgs_manager.o
                0x08008aa4                bn::bgs_manager::fill_hblank_effect_affine_attributes(void*, bn::affine_bg_attributes const*, unsigned short*)
 .text._ZN2bn11bgs_manager12_GLOBAL__N_19item_type18update_regular_mapEv
                0x08008ba8      0x230 bn_bgs_manager.o
 .text._ZN2bn11bgs_manager10affine_mapEPv
                0x08008dd8       0x34 bn_bgs_manager.o
                0x08008dd8                bn::bgs_manager::affine_map(void*)
 .text._ZN2bn11bgs_manager11regular_mapEPv
                0x08008e0c       0x34 bn_bgs_manager.o
                0x08008e0c                bn::bgs_manager::regular_map(void*)
 .text._ZN2bn11bgs_manager12_GLOBAL__N_112_insert_itemERNS1_9item_typeE
                0x08008e40      0x10c bn_bgs_manager.o
 .text._ZN3_bn6assert9show_argsIA13_cEEvPKcS4_S4_iRKT_
                0x08008f4c       0x50 bn_bgs_manager.o
                0x08008f4c                void _bn::assert::show_args<char [13]>(char const*, char const*, char const*, int, char const (&) [13])
 .text._ZN2bn11bgs_manager6createEONS_18regular_bg_builderE
                0x08008f9c      0x1d4 bn_bgs_manager.o
                0x08008f9c                bn::bgs_manager::create(bn::regular_bg_builder&&)
 .text._ZNK2bn15regular_bg_item9create_bgENS_7fixed_tILi12EEES2_
                0x08009170       0x74 bn_bgs_manager.o
                0x08009170                bn::regular_bg_item::create_bg(bn::fixed_t<12>, bn::fixed_t<12>) const
 .text._ZN3_bn6assert9show_argsIJA23_ciA4_ciEEEvPKcS5_S5_iDpRKT_
                0x080091e4       0x5c bn_bgs_manager.o
                0x080091e4                void _bn::assert::show_args<char [23], int, char [4], int>(char const*, char const*, char const*, int, char const (&) [23], int const&, char const (&) [4], int const&)
 .text._ZN2bn5eraseIPNS_11bgs_manager12_GLOBAL__N_19item_typeEEENS_7ivectorIT_E9size_typeERS7_RKS6_.constprop.0.isra.0
                0x08009240      0x13c bn_bgs_manager.o
 .text._ZN2bn11bgs_manager15decrease_usagesEPv
                0x0800937c       0xa8 bn_bgs_manager.o
                0x0800937c                bn::bgs_manager::decrease_usages(void*)
 .text._ZN2bn14regular_bg_ptrD2Ev
                0x08009424       0x18 bn_bgs_manager.o
                0x08009424                bn::regular_bg_ptr::~regular_bg_ptr()
                0x08009424                bn::regular_bg_ptr::~regular_bg_ptr()
 .text._ZN2bn14regular_bg_ptr12set_priorityEi
                0x0800943c       0x68 bn_bgs_manager.o
                0x0800943c                bn::regular_bg_ptr::set_priority(int)
 .text.startup._GLOBAL__sub_I__ZN2bn3bgs16used_items_countEv
                0x080094a4       0x80 bn_bgs_manager.o
 .text.exit._GLOBAL__sub_D__ZN2bn3bgs16used_items_countEv
                0x08009524       0x14 bn_bgs_manager.o
 .text._ZN2bn10camera_ptrD2Ev
                0x08009538       0x38 bn_cameras_manager.o
                0x08009538                bn::camera_ptr::~camera_ptr()
                0x08009538                bn::camera_ptr::~camera_ptr()
 .text._ZNK2bn10camera_ptr8positionEv
                0x08009570       0x14 bn_cameras_manager.o
                0x08009570                bn::camera_ptr::position() const
 .text._ZN2bn15cameras_manager4initEv
                0x08009584       0x10 bn_cameras_manager.o
                0x08009584                bn::cameras_manager::init()
 .text._ZN2bn15cameras_manager6updateEv
                0x08009594       0x28 bn_cameras_manager.o
                0x08009594                bn::cameras_manager::update()
 .text._ZN3_bn6assert9show_argsIA21_cN2bn7fixed_tILi12EEEEEvPKcS7_S7_iRKT_RKT0_
                0x080095bc       0x58 bn_color_effect.o
                0x080095bc                void _bn::assert::show_args<char [21], bn::fixed_t<12> >(char const*, char const*, char const*, int, char const (&) [21], bn::fixed_t<12> const&)
 .text._ZN2bn4core12_GLOBAL__N_14stopEb.constprop.0
                0x08009614       0x54 bn_core.o
 .text._ZN2bn4core12_GLOBAL__N_111update_implEv
                0x08009668       0xd8 bn_core.o
 .text._ZN2bn11string_viewC2EPKc
                0x08009740       0x1c bn_core.o
                0x08009740                bn::string_view::string_view(char const*)
                0x08009740                bn::string_view::string_view(char const*)
 .text._ZN2bn4core6updateEv
                0x0800975c       0x68 bn_core.o
                0x0800975c                bn::core::update()
 .text._ZN2bn4core4initERKNS_11string_viewE
                0x080097c4       0x94 bn_core.o
                0x080097c4                bn::core::init(bn::string_view const&)
 .text._ZN2bn4core4initEv
                0x08009858       0x18 bn_core.o
                0x08009858                bn::core::init()
 .text._ZN2bn4core9on_vblankEv
                0x08009870       0x2c bn_core.o
                0x08009870                bn::core::on_vblank()
 .text._ZN2bn4core5resetEv
                0x0800989c       0x10 bn_core.o
                0x0800989c                bn::core::reset()
 .text._ZN3_bn6assert4showEPKcS2_S2_iRKN2bn12istring_baseE
                0x080098ac       0x80 bn_core.o
                0x080098ac                _bn::assert::show(char const*, char const*, char const*, int, bn::istring_base const&)
 .text.startup._GLOBAL__sub_I__ZN2bn4core4initEv
                0x0800992c       0x44 bn_core.o
 .text._ZN2bn15display_manager12_GLOBAL__N_134_update_rect_windows_hw_boundariesEi
                0x08009970       0x84 bn_display_manager.o
 .text._ZN2bn15display_manager4initEv
                0x080099f4       0x40 bn_display_manager.o
                0x080099f4                bn::display_manager::init()
 .text._ZN2bn15display_manager8set_modeEi
                0x08009a34       0x1c bn_display_manager.o
                0x08009a34                bn::display_manager::set_mode(int)
 .text._ZN2bn15display_manager14set_bg_enabledEib
                0x08009a50       0x1c bn_display_manager.o
                0x08009a50                bn::display_manager::set_bg_enabled(int, bool)
 .text._ZN2bn15display_manager15disable_all_bgsEv
                0x08009a6c       0x18 bn_display_manager.o
                0x08009a6c                bn::display_manager::disable_all_bgs()
 .text._ZN2bn15display_manager36fill_mosaic_hblank_effect_attributesEPKNS_17mosaic_attributesEPt
                0x08009a84       0xb4 bn_display_manager.o
                0x08009a84                bn::display_manager::fill_mosaic_hblank_effect_attributes(bn::mosaic_attributes const*, unsigned short*)
 .text._ZN2bn15display_manager23set_blending_bg_enabledEib
                0x08009b38       0x1c bn_display_manager.o
                0x08009b38                bn::display_manager::set_blending_bg_enabled(int, bool)
 .text._ZN2bn15display_manager32blending_transparency_top_weightEv
                0x08009b54       0x18 bn_display_manager.o
                0x08009b54                bn::display_manager::blending_transparency_top_weight()
 .text._ZN2bn15display_manager35blending_transparency_bottom_weightEv
                0x08009b6c       0x28 bn_display_manager.o
                0x08009b6c                bn::display_manager::blending_transparency_bottom_weight()
 .text._ZN2bn15display_manager51fill_blending_transparency_hblank_effect_attributesEPKNS_32blending_transparency_attributesEPt
                0x08009b94       0x30 bn_display_manager.o
                0x08009b94                bn::display_manager::fill_blending_transparency_hblank_effect_attributes(bn::blending_transparency_attributes const*, unsigned short*)
 .text._ZN2bn15display_manager21blending_fade_enabledEv
                0x08009bc4        0xc bn_display_manager.o
                0x08009bc4                bn::display_manager::blending_fade_enabled()
 .text._ZN2bn15display_manager39fill_blending_fade_hblank_effect_alphasEPKNS_19blending_fade_alphaEPt
                0x08009bd0       0x24 bn_display_manager.o
                0x08009bd0                bn::display_manager::fill_blending_fade_hblank_effect_alphas(bn::blending_fade_alpha const*, unsigned short*)
 .text._ZN2bn15display_manager26update_windows_visible_bgsEv
                0x08009bf4       0x14 bn_display_manager.o
                0x08009bf4                bn::display_manager::update_windows_visible_bgs()
 .text._ZN2bn15display_manager36rect_window_hw_horizontal_boundariesEi
                0x08009c08       0x14 bn_display_manager.o
                0x08009c08                bn::display_manager::rect_window_hw_horizontal_boundaries(int)
 .text._ZN2bn15display_manager34rect_window_hw_vertical_boundariesEi
                0x08009c1c       0x14 bn_display_manager.o
                0x08009c1c                bn::display_manager::rect_window_hw_vertical_boundaries(int)
 .text._ZN2bn15display_manager52fill_rect_window_hblank_effect_horizontal_boundariesERKNS_4pairIiiEEPKNS1_INS_7fixed_tILi12EEES6_EEPt
                0x08009c30      0x13c bn_display_manager.o
                0x08009c30                bn::display_manager::fill_rect_window_hblank_effect_horizontal_boundaries(bn::pair<int, int> const&, bn::pair<bn::fixed_t<12>, bn::fixed_t<12> > const*, unsigned short*)
 .text._ZN2bn15display_manager50fill_rect_window_hblank_effect_vertical_boundariesERKNS_4pairIiiEEPKNS1_INS_7fixed_tILi12EEES6_EEPt
                0x08009d6c      0x13c bn_display_manager.o
                0x08009d6c                bn::display_manager::fill_rect_window_hblank_effect_vertical_boundaries(bn::pair<int, int> const&, bn::pair<bn::fixed_t<12>, bn::fixed_t<12> > const*, unsigned short*)
 .text._ZN2bn15display_manager36fill_green_swap_hblank_effect_statesEPKbPt
                0x08009ea8       0x38 bn_display_manager.o
                0x08009ea8                bn::display_manager::fill_green_swap_hblank_effect_states(bool const*, unsigned short*)
 .text._ZN2bn15display_manager14update_camerasEv
                0x08009ee0       0x40 bn_display_manager.o
                0x08009ee0                bn::display_manager::update_cameras()
 .text._ZN2bn15display_manager6updateEv
                0x08009f20      0x1f8 bn_display_manager.o
                0x08009f20                bn::display_manager::update()
 .text._ZN2bn15display_manager6commitEv
                0x0800a118      0x160 bn_display_manager.o
                0x0800a118                bn::display_manager::commit()
 .text._ZN2bn15display_manager4stopEv
                0x0800a278       0x2c bn_display_manager.o
                0x0800a278                bn::display_manager::stop()
 .text._ZN3_bn6assert9show_argsIA66_cEEvPKcS4_S4_iRKT_
                0x0800a2a4       0x50 bn_display_manager.o
                0x0800a2a4                void _bn::assert::show_args<char [66]>(char const*, char const*, char const*, int, char const (&) [66])
 .text._ZN2bn8blending14set_fade_alphaENS_7fixed_tILi12EEE
                0x0800a2f4       0xdc bn_display_manager.o
                0x0800a2f4                bn::blending::set_fade_alpha(bn::fixed_t<12>)
 .text.startup._GLOBAL__sub_I__ZNK2bn6window7show_bgERKNS_14regular_bg_ptrE
                0x0800a3d0       0x7c bn_display_manager.o
 .text.exit._GLOBAL__sub_D__ZNK2bn6window7show_bgERKNS_14regular_bg_ptrE
                0x0800a44c       0x38 bn_display_manager.o
 .text._ZN2bn18igeneric_pool_baseC2EPci
                0x0800a484       0x10 bn_generic_pool.o
                0x0800a484                bn::igeneric_pool_base::igeneric_pool_base(char*, int)
                0x0800a484                bn::igeneric_pool_base::igeneric_pool_base(char*, int)
 .text._ZN2bn18igeneric_pool_base5_freeEPc
                0x0800a494       0x10 bn_generic_pool.o
                0x0800a494                bn::igeneric_pool_base::_free(char*)
 .text._ZN3_bn6assert9show_argsIA18_cEEvPKcS4_S4_iRKT_
                0x0800a4a4       0x50 bn_generic_pool.o
                0x0800a4a4                void _bn::assert::show_args<char [18]>(char const*, char const*, char const*, int, char const (&) [18])
 .text._ZN2bn18igeneric_pool_baseD2Ev
                0x0800a4f4       0x30 bn_generic_pool.o
                0x0800a4f4                bn::igeneric_pool_base::~igeneric_pool_base()
                0x0800a4f4                bn::igeneric_pool_base::~igeneric_pool_base()
 .text._ZN2bn18igeneric_pool_base9_allocateEv
                0x0800a524       0x48 bn_generic_pool.o
                0x0800a524                bn::igeneric_pool_base::_allocate()
 .text._ZN2bn12gpio_manager6commitEv
                0x0800a56c       0x48 bn_gpio_manager.o
                0x0800a56c                bn::gpio_manager::commit()
 .text._ZN2bn12gpio_manager4stopEv
                0x0800a5b4       0x3c bn_gpio_manager.o
                0x0800a5b4                bn::gpio_manager::stop()
 .text._ZN2bn22hblank_effects_manager12_GLOBAL__N_19item_type18_output_values_ptrEv
                0x0800a5f0       0x40 bn_hblank_effects_manager.o
 .text._ZN2bn22hblank_effects_manager7disableEv
                0x0800a630       0x24 bn_hblank_effects_manager.o
                0x0800a630                bn::hblank_effects_manager::disable()
 .text._ZN2bn22hblank_effects_manager6commitEv
                0x0800a654       0x74 bn_hblank_effects_manager.o
                0x0800a654                bn::hblank_effects_manager::commit()
 .text._ZN2bn22hblank_effects_manager12_GLOBAL__N_110_is_uint32ENS0_12handler_typeE
                0x0800a6c8       0x64 bn_hblank_effects_manager.o
 .text._ZN2bn22hblank_effects_manager12_GLOBAL__N_19item_type12check_updateEv
                0x0800a72c     0x15f8 bn_hblank_effects_manager.o
 .text._ZN2bn22hblank_effects_manager6updateEv
                0x0800bd24      0x1ec bn_hblank_effects_manager.o
                0x0800bd24                bn::hblank_effects_manager::update()
 .text._ZN2bn22hblank_effects_manager4initEv
                0x0800bf10       0xd4 bn_hblank_effects_manager.o
                0x0800bf10                bn::hblank_effects_manager::init()
 .text.startup._GLOBAL__sub_I__ZN2bn4hbes10used_countEv
                0x0800bfe4       0xe8 bn_hblank_effects_manager.o
 .text._ZN2bn12hdma_manager7disableEv
                0x0800c0cc       0x30 bn_hdma_manager.o
                0x0800c0cc                bn::hdma_manager::disable()
 .text._ZN2bn12hdma_manager10force_stopEv
                0x0800c0fc       0x3c bn_hdma_manager.o
                0x0800c0fc                bn::hdma_manager::force_stop()
 .text._ZN2bn12hdma_manager6updateEv
                0x0800c138       0x6c bn_hdma_manager.o
                0x0800c138                bn::hdma_manager::update()
 .text._ZN2bn12hdma_manager6commitEb
                0x0800c1a4      0x118 bn_hdma_manager.o
                0x0800c1a4                bn::hdma_manager::commit(bool)
 .text.startup._GLOBAL__sub_I__ZN2bn4hdma7runningEv
                0x0800c2bc       0x34 bn_hdma_manager.o
 .text._ZN2bn6keypad6a_heldEv
                0x0800c2f0       0x10 bn_keypad_manager.o
                0x0800c2f0                bn::keypad::a_held()
 .text._ZN2bn6keypad9a_pressedEv
                0x0800c300       0x10 bn_keypad_manager.o
                0x0800c300                bn::keypad::a_pressed()
 .text._ZN2bn6keypad6b_heldEv
                0x0800c310       0x10 bn_keypad_manager.o
                0x0800c310                bn::keypad::b_held()
 .text._ZN2bn6keypad9b_pressedEv
                0x0800c320       0x10 bn_keypad_manager.o
                0x0800c320                bn::keypad::b_pressed()
 .text._ZN2bn6keypad11select_heldEv
                0x0800c330       0x10 bn_keypad_manager.o
                0x0800c330                bn::keypad::select_held()
 .text._ZN2bn6keypad10start_heldEv
                0x0800c340       0x10 bn_keypad_manager.o
                0x0800c340                bn::keypad::start_held()
 .text._ZN2bn6keypad13start_pressedEv
                0x0800c350       0x10 bn_keypad_manager.o
                0x0800c350                bn::keypad::start_pressed()
 .text._ZN2bn6keypad10right_heldEv
                0x0800c360       0x10 bn_keypad_manager.o
                0x0800c360                bn::keypad::right_held()
 .text._ZN2bn6keypad9left_heldEv
                0x0800c370       0x10 bn_keypad_manager.o
                0x0800c370                bn::keypad::left_held()
 .text._ZN2bn6keypad11any_pressedEv
                0x0800c380       0x10 bn_keypad_manager.o
                0x0800c380                bn::keypad::any_pressed()
 .text._ZN2bn14keypad_manager4stopEv
                0x0800c390        0x4 bn_keypad_manager.o
                0x0800c390                bn::keypad_manager::stop()
 .text._ZN2bn14keypad_manager6updateEv
                0x0800c394       0xa8 bn_keypad_manager.o
                0x0800c394                bn::keypad_manager::update()
 .text._ZN3_bn6assert9show_argsIA24_ciEEvPKcS4_S4_iRKT_RKT0_
                0x0800c43c       0x58 bn_keypad_manager.o
                0x0800c43c                void _bn::assert::show_args<char [24], int>(char const*, char const*, char const*, int, char const (&) [24], int const&)
 .text._ZN2bn14keypad_manager4initERKNS_11string_viewE
                0x0800c494       0x58 bn_keypad_manager.o
                0x0800c494                bn::keypad_manager::init(bn::string_view const&)
 .text._ZN2bn12link_manager4initEv
                0x0800c4ec        0xc bn_link_manager.o
                0x0800c4ec                bn::link_manager::init()
 .text._ZN2bn12link_manager6activeEv
                0x0800c4f8        0xc bn_link_manager.o
                0x0800c4f8                bn::link_manager::active()
 .text._ZN2bn12link_manager7disableEv
                0x0800c504       0x18 bn_link_manager.o
                0x0800c504                bn::link_manager::disable()
 .text._ZN3_bn6assert9show_argsIA28_ciEEvPKcS4_S4_iRKT_RKT0_
                0x0800c51c       0x58 bn_link_manager.o
                0x0800c51c                void _bn::assert::show_args<char [28], int>(char const*, char const*, char const*, int, char const (&) [28], int const&)
 .text._ZN2bn3logERKNS_12istring_baseE
                0x0800c574        0xc bn_log.o
                0x0800c574                bn::log(bn::istring_base const&)
 .text._ZN2bn14memory_manager4initEv
                0x0800c580       0x20 bn_memory_manager.o
                0x0800c580                bn::memory_manager::init()
 .text.exit._GLOBAL__sub_D__Znwj
                0x0800c5a0       0x14 bn_memory_manager.o
 .text._ZN2bn2hw8palettes9grayscaleEPKNS_5colorEiiPS2_.part.0
                0x0800c5b4       0x40 bn_palettes_manager.o
 .text._ZN2bn14bg_palette_ptrC2ERKS0_
                0x0800c5f4       0x2c bn_palettes_manager.o
                0x0800c5f4                bn::bg_palette_ptr::bg_palette_ptr(bn::bg_palette_ptr const&)
                0x0800c5f4                bn::bg_palette_ptr::bg_palette_ptr(bn::bg_palette_ptr const&)
 .text._ZNK2bn14bg_palette_ptr3bppEv
                0x0800c620       0x20 bn_palettes_manager.o
                0x0800c620                bn::bg_palette_ptr::bpp() const
 .text._ZN2bn18sprite_palette_ptrC2ERKS0_
                0x0800c640       0x1c bn_palettes_manager.o
                0x0800c640                bn::sprite_palette_ptr::sprite_palette_ptr(bn::sprite_palette_ptr const&)
                0x0800c640                bn::sprite_palette_ptr::sprite_palette_ptr(bn::sprite_palette_ptr const&)
 .text._ZNK2bn18sprite_palette_ptr3bppEv
                0x0800c65c       0x1c bn_palettes_manager.o
                0x0800c65c                bn::sprite_palette_ptr::bpp() const
 .text._ZNK2bn13palettes_bank10log_statusEv
                0x0800c678      0x178 bn_palettes_manager.o
                0x0800c678                bn::palettes_bank::log_status() const
 .text._ZNK2bn13palettes_bank20retrieve_commit_dataEv
                0x0800c7f0       0x4c bn_palettes_manager.o
                0x0800c7f0                bn::palettes_bank::retrieve_commit_data() const
 .text._ZNK2bn13palettes_bank12_same_colorsERKNS_4spanIKNS_5colorEEEi
                0x0800c83c       0x50 bn_palettes_manager.o
                0x0800c83c                bn::palettes_bank::_same_colors(bn::span<bn::color const> const&, int) const
 .text._ZN2bn13palettes_bank10find_bpp_4ERKNS_4spanIKNS_5colorEEEt
                0x0800c88c       0xdc bn_palettes_manager.o
                0x0800c88c                bn::palettes_bank::find_bpp_4(bn::span<bn::color const> const&, unsigned short)
 .text._ZNK2bn13palettes_bank21_apply_global_effectsEiPNS_5colorE
                0x0800c968      0x13c bn_palettes_manager.o
                0x0800c968                bn::palettes_bank::_apply_global_effects(int, bn::color*) const
 .text._ZNK2bn13palettes_bank25fill_hblank_effect_colorsEPKNS_5colorEPt
                0x0800caa4       0x30 bn_palettes_manager.o
                0x0800caa4                bn::palettes_bank::fill_hblank_effect_colors(bn::color const*, unsigned short*) const
 .text._ZNK2bn13palettes_bank7palette13apply_effectsEiPNS_5colorE
                0x0800cad4       0xbc bn_palettes_manager.o
                0x0800cad4                bn::palettes_bank::palette::apply_effects(int, bn::color*) const
 .text._ZNK2bn13palettes_bank25fill_hblank_effect_colorsEiPKNS_5colorEPt
                0x0800cb90       0x44 bn_palettes_manager.o
                0x0800cb90                bn::palettes_bank::fill_hblank_effect_colors(int, bn::color const*, unsigned short*) const
 .text._ZN2bn13palettes_bank15_update_paletteEi
                0x0800cbd4       0x6c bn_palettes_manager.o
                0x0800cbd4                bn::palettes_bank::_update_palette(int)
 .text._ZN2bn13palettes_bank6updateEv
                0x0800cc40      0x124 bn_palettes_manager.o
                0x0800cc40                bn::palettes_bank::update()
 .text._ZN2bn13palettes_bankC2Ev
                0x0800cd64       0xcc bn_palettes_manager.o
                0x0800cd64                bn::palettes_bank::palettes_bank()
                0x0800cd64                bn::palettes_bank::palettes_bank()
 .text._ZN2bn16palettes_manager20sprite_palettes_bankEv
                0x0800ce30        0x8 bn_palettes_manager.o
                0x0800ce30                bn::palettes_manager::sprite_palettes_bank()
 .text._ZN2bn16palettes_manager16bg_palettes_bankEv
                0x0800ce38        0x8 bn_palettes_manager.o
                0x0800ce38                bn::palettes_manager::bg_palettes_bank()
 .text._ZN2bn16palettes_manager6updateEv
                0x0800ce40       0x20 bn_palettes_manager.o
                0x0800ce40                bn::palettes_manager::update()
 .text._ZN2bn16palettes_manager6commitEb
                0x0800ce60       0xf4 bn_palettes_manager.o
                0x0800ce60                bn::palettes_manager::commit(bool)
 .text._ZN2bn16palettes_manager4stopEv
                0x0800cf54       0x20 bn_palettes_manager.o
                0x0800cf54                bn::palettes_manager::stop()
 .text._ZN3_bn6assert9show_argsIA35_cEEvPKcS4_S4_iRKT_
                0x0800cf74       0x50 bn_palettes_manager.o
                0x0800cf74                void _bn::assert::show_args<char [35]>(char const*, char const*, char const*, int, char const (&) [35])
 .text._ZN2bn13palettes_bank11colors_hashERKNS_4spanIKNS_5colorEEE
                0x0800cfc4       0x50 bn_palettes_manager.o
                0x0800cfc4                bn::palettes_bank::colors_hash(bn::span<bn::color const> const&)
 .text._ZN3_bn6assert9show_argsIJA43_ciA36_cA42_cEEEvPKcS6_S6_iDpRKT_
                0x0800d014       0x68 bn_palettes_manager.o
                0x0800d014                void _bn::assert::show_args<char [43], int, char [36], char [42]>(char const*, char const*, char const*, int, char const (&) [43], int const&, char const (&) [36], char const (&) [42])
 .text._ZN2bn13palettes_bank12create_bpp_8ERKNS_4spanIKNS_5colorEEENS_16compression_typeEb
                0x0800d07c      0x22c bn_palettes_manager.o
                0x0800d07c                bn::palettes_bank::create_bpp_8(bn::span<bn::color const> const&, bn::compression_type, bool)
 .text._ZNK2bn15bg_palette_item10decompressENS_4spanINS_5colorEEE
                0x0800d2a8      0x16c bn_palettes_manager.o
                0x0800d2a8                bn::bg_palette_item::decompress(bn::span<bn::color>) const
 .text._ZNK2bn19sprite_palette_item10decompressENS_4spanINS_5colorEEE
                0x0800d414      0x16c bn_palettes_manager.o
                0x0800d414                bn::sprite_palette_item::decompress(bn::span<bn::color>) const
 .text._ZN2bn13palettes_bank12create_bpp_4ERKNS_4spanIKNS_5colorEEEtb
                0x0800d580      0x298 bn_palettes_manager.o
                0x0800d580                bn::palettes_bank::create_bpp_4(bn::span<bn::color const> const&, unsigned short, bool)
 .text._ZN2bn12_GLOBAL__N_112_create_implERKNS_15bg_palette_itemEb
                0x0800d818       0x94 bn_palettes_manager.o
 .text._ZN2bn14bg_palette_ptr6createERKNS_15bg_palette_itemE
                0x0800d8ac       0x54 bn_palettes_manager.o
                0x0800d8ac                bn::bg_palette_ptr::create(bn::bg_palette_item const&)
 .text._ZNK2bn15bg_palette_item14create_paletteEv
                0x0800d900       0x10 bn_palettes_manager.o
                0x0800d900                bn::bg_palette_item::create_palette() const
 .text._ZN2bn12_GLOBAL__N_112_create_implERKNS_19sprite_palette_itemEb
                0x0800d910       0x7c bn_palettes_manager.o
 .text._ZNK2bn19sprite_palette_item14create_paletteEv
                0x0800d98c       0x48 bn_palettes_manager.o
                0x0800d98c                bn::sprite_palette_item::create_palette() const
 .text._ZNK2bn19sprite_palette_item18create_new_paletteEv
                0x0800d9d4       0x8c bn_palettes_manager.o
                0x0800d9d4                bn::sprite_palette_item::create_new_palette() const
 .text._ZN2bn14iunordered_mapItsNS_13palettes_bank15identity_hasherENS_8equal_toItEEE5eraseERKNS5_14const_iteratorE.isra.0
                0x0800da60      0x170 bn_palettes_manager.o
 .text._ZN2bn13palettes_bank15decrease_usagesEi.part.0
                0x0800dbd0       0xdc bn_palettes_manager.o
 .text._ZN2bn14bg_palette_ptrD2Ev
                0x0800dcac       0x3c bn_palettes_manager.o
                0x0800dcac                bn::bg_palette_ptr::~bg_palette_ptr()
                0x0800dcac                bn::bg_palette_ptr::~bg_palette_ptr()
 .text._ZN2bn18sprite_palette_ptrD2Ev
                0x0800dce8       0x30 bn_palettes_manager.o
                0x0800dce8                bn::sprite_palette_ptr::~sprite_palette_ptr()
                0x0800dce8                bn::sprite_palette_ptr::~sprite_palette_ptr()
 .text._ZN2bn14bg_palette_ptraSERKS0_
                0x0800dd18       0x5c bn_palettes_manager.o
                0x0800dd18                bn::bg_palette_ptr::operator=(bn::bg_palette_ptr const&)
 .text._ZN2bn18sprite_palette_ptr4findERKNS_19sprite_palette_itemE
                0x0800dd74      0x110 bn_palettes_manager.o
                0x0800dd74                bn::sprite_palette_ptr::find(bn::sprite_palette_item const&)
 .text._ZNK2bn19sprite_palette_item12find_paletteEv
                0x0800de84       0x10 bn_palettes_manager.o
                0x0800de84                bn::sprite_palette_item::find_palette() const
 .text.startup._GLOBAL__sub_I__ZN2bn11bg_palettes17used_colors_countEv
                0x0800de94       0x20 bn_palettes_manager.o
 .text._ZN2bn26sprite_affine_mats_manager12_GLOBAL__N_119_sprite_double_sizeILi32ELi16EEEbiiiii
                0x0800deb4       0x84 bn_sprite_affine_mats_manager.o
 .text._ZN2bn26sprite_affine_mats_manager12_GLOBAL__N_119_sprite_double_sizeILi16ELi32EEEbiiiii
                0x0800df38       0x84 bn_sprite_affine_mats_manager.o
 .text._ZNK2bn21sprite_affine_mat_ptr15horizontal_flipEv
                0x0800dfbc       0x18 bn_sprite_affine_mats_manager.o
                0x0800dfbc                bn::sprite_affine_mat_ptr::horizontal_flip() const
 .text._ZNK2bn21sprite_affine_mat_ptr13vertical_flipEv
                0x0800dfd4       0x18 bn_sprite_affine_mats_manager.o
                0x0800dfd4                bn::sprite_affine_mat_ptr::vertical_flip() const
 .text._ZNK2bn21sprite_affine_mat_ptr16flipped_identityEv
                0x0800dfec       0x14 bn_sprite_affine_mats_manager.o
                0x0800dfec                bn::sprite_affine_mat_ptr::flipped_identity() const
 .text._ZN2bn26sprite_affine_mats_manager13attach_spriteEiRNS_24intrusive_list_node_typeE
                0x0800e000       0x2c bn_sprite_affine_mats_manager.o
                0x0800e000                bn::sprite_affine_mats_manager::attach_sprite(int, bn::intrusive_list_node_type&)
 .text._ZN2bn26sprite_affine_mats_manager18sprite_double_sizeEiRKNS_17sprite_shape_sizeE
                0x0800e02c      0x1dc bn_sprite_affine_mats_manager.o
                0x0800e02c                bn::sprite_affine_mats_manager::sprite_double_size(int, bn::sprite_shape_size const&)
 .text._ZN2bn26sprite_affine_mats_manager20retrieve_commit_dataEv
                0x0800e208       0x38 bn_sprite_affine_mats_manager.o
                0x0800e208                bn::sprite_affine_mats_manager::retrieve_commit_data()
 .text._ZN3_bn6assert9show_argsIA37_cEEvPKcS4_S4_iRKT_
                0x0800e240       0x50 bn_sprite_affine_mats_manager.o
                0x0800e240                void _bn::assert::show_args<char [37]>(char const*, char const*, char const*, int, char const (&) [37])
 .text._ZN2bn26sprite_affine_mats_manager15decrease_usagesEi.part.0
                0x0800e290       0x68 bn_sprite_affine_mats_manager.o
 .text._ZN2bn21sprite_affine_mat_ptrD2Ev
                0x0800e2f8       0x34 bn_sprite_affine_mats_manager.o
                0x0800e2f8                bn::sprite_affine_mat_ptr::~sprite_affine_mat_ptr()
                0x0800e2f8                bn::sprite_affine_mat_ptr::~sprite_affine_mat_ptr()
 .text._ZN2bn26sprite_affine_mats_manager6updateEv
                0x0800e32c       0xa0 bn_sprite_affine_mats_manager.o
                0x0800e32c                bn::sprite_affine_mats_manager::update()
 .text._ZN2bn26sprite_affine_mats_manager4initEPv
                0x0800e3cc       0x6c bn_sprite_affine_mats_manager.o
                0x0800e3cc                bn::sprite_affine_mats_manager::init(void*)
 .text._ZN2bn26sprite_affine_mats_manager14dettach_spriteEiRNS_24intrusive_list_node_typeE
                0x0800e438       0x50 bn_sprite_affine_mats_manager.o
                0x0800e438                bn::sprite_affine_mats_manager::dettach_sprite(int, bn::intrusive_list_node_type&)
 .text.startup._GLOBAL__sub_I__ZN2bn18sprite_affine_mats10used_countEv
                0x0800e488       0x98 bn_sprite_affine_mats_manager.o
 .text.exit._GLOBAL__sub_D__ZN2bn18sprite_affine_mats10used_countEv
                0x0800e520       0x3c bn_sprite_affine_mats_manager.o
 .text._ZN2bn13ostringstream11append_argsIiJA4_ciEEEvRKT_DpRKT0_.isra.0
                0x0800e55c       0x24 bn_sprite_animate_actions.o
 .text._ZN3_bn6assert9show_argsIJA28_ciA4_ciEEEvPKcS5_S5_iDpRKT_
                0x0800e580       0x5c bn_sprite_animate_actions.o
                0x0800e580                void _bn::assert::show_args<char [28], int, char [4], int>(char const*, char const*, char const*, int, char const (&) [28], int const&, char const (&) [4], int const&)
 .text._ZN2bn21sprite_text_generator5_initEv
                0x0800e5dc      0x180 bn_sprite_text_generator.o
                0x0800e5dc                bn::sprite_text_generator::_init()
 .text._ZN2bn21sprite_text_generatorC2ERKNS_11sprite_fontE
                0x0800e75c       0x2c bn_sprite_text_generator.o
                0x0800e75c                bn::sprite_text_generator::sprite_text_generator(bn::sprite_font const&)
                0x0800e75c                bn::sprite_text_generator::sprite_text_generator(bn::sprite_font const&)
 .text._ZN3_bn6assert9show_argsIA54_cEEvPKcS4_S4_iRKT_
                0x0800e788       0x50 bn_sprite_text_generator.o
                0x0800e788                void _bn::assert::show_args<char [54]>(char const*, char const*, char const*, int, char const (&) [54])
 .text._ZN3_bn6assert9show_argsIJA25_ciA4_ctEEEvPKcS5_S5_iDpRKT_
                0x0800e7d8       0x6c bn_sprite_text_generator.o
                0x0800e7d8                void _bn::assert::show_args<char [25], int, char [4], unsigned short>(char const*, char const*, char const*, int, char const (&) [25], int const&, char const (&) [4], unsigned short const&)
 .text._ZN2bn14utf8_characterC2ERKc
                0x0800e844      0x140 bn_sprite_text_generator.o
                0x0800e844                bn::utf8_character::utf8_character(char const&)
                0x0800e844                bn::utf8_character::utf8_character(char const&)
 .text._ZN2bn12_GLOBAL__N_115_graphics_indexEcRKNS_23utf8_characters_map_refEPKcRi.part.0
                0x0800e984       0x8c bn_sprite_text_generator.o
 .text._ZN2bn21sprite_text_generator15set_bg_priorityEi
                0x0800ea10       0x3c bn_sprite_text_generator.o
                0x0800ea10                bn::sprite_text_generator::set_bg_priority(int)
 .text._ZN3_bn6assert9show_argsIJA20_ccA9_cN2bn11string_viewEA2_cEEEvPKcS8_S8_iDpRKT_
                0x0800ea4c       0x70 bn_sprite_text_generator.o
                0x0800ea4c                void _bn::assert::show_args<char [20], char, char [9], bn::string_view, char [2]>(char const*, char const*, char const*, int, char const (&) [20], char const&, char const (&) [9], bn::string_view const&, char const (&) [2])
 .text._ZNK2bn21sprite_text_generator5widthERKNS_11string_viewE
                0x0800eabc      0x244 bn_sprite_text_generator.o
                0x0800eabc                bn::sprite_text_generator::width(bn::string_view const&) const
 .text._ZN3_bn6assert9show_argsIA55_cEEvPKcS4_S4_iRKT_
                0x0800ed00       0x50 bn_sprite_text_generator.o
                0x0800ed00                void _bn::assert::show_args<char [55]>(char const*, char const*, char const*, int, char const (&) [55])
 .text._ZN2bn12_GLOBAL__N_120_build_sprite_assertILNS_11sprite_sizeE2EEEPNS_4tileERKNS_21sprite_text_generatorERKNS_18sprite_palette_ptrERKNS_11fixed_pointERNS_7ivectorINS_10sprite_ptrEEE
                0x0800ed50      0x1b4 bn_sprite_text_generator.o
 .text._ZN2bn12_GLOBAL__N_120_build_sprite_assertILNS_11sprite_sizeE1EEEPNS_4tileERKNS_21sprite_text_generatorERKNS_18sprite_palette_ptrERKNS_11fixed_pointERNS_7ivectorINS_10sprite_ptrEEE
                0x0800ef04      0x1b4 bn_sprite_text_generator.o
 .text._ZN2bn12_GLOBAL__N_19_generateILb0EEEbRKNS_21sprite_text_generatorERKNS_11fixed_pointERKNS_11string_viewERKNS_23utf8_characters_map_refEiibRNS_7ivectorINS_10sprite_ptrEEE.isra.0
                0x0800f0b8     0x1120 bn_sprite_text_generator.o
 .text._ZNK2bn21sprite_text_generator8generateENS_7fixed_tILi12EEES2_RKNS_11string_viewERNS_7ivectorINS_10sprite_ptrEEE
                0x080101d8       0x3c bn_sprite_text_generator.o
                0x080101d8                bn::sprite_text_generator::generate(bn::fixed_t<12>, bn::fixed_t<12>, bn::string_view const&, bn::ivector<bn::sprite_ptr>&) const
 .text._ZNK2bn16sprite_tiles_ptr2idEv
                0x08010214       0x18 bn_sprite_tiles_manager.o
                0x08010214                bn::sprite_tiles_ptr::id() const
 .text._ZNK2bn16sprite_tiles_ptr11tiles_countEv
                0x0801022c       0x18 bn_sprite_tiles_manager.o
                0x0801022c                bn::sprite_tiles_ptr::tiles_count() const
 .text._ZN2bn20sprite_tiles_manager10log_statusEv
                0x08010244      0x1ec bn_sprite_tiles_manager.o
                0x08010244                bn::sprite_tiles_manager::log_status()
 .text._ZN2bn20sprite_tiles_manager19commit_uncompressedEb
                0x08010430       0xdc bn_sprite_tiles_manager.o
                0x08010430                bn::sprite_tiles_manager::commit_uncompressed(bool)
 .text._ZN2bn20sprite_tiles_manager17commit_compressedEv
                0x0801050c       0xe4 bn_sprite_tiles_manager.o
                0x0801050c                bn::sprite_tiles_manager::commit_compressed()
 .text._ZN3_bn6assert9show_argsIA27_chEEvPKcS4_S4_iRKT_RKT0_
                0x080105f0       0x58 bn_sprite_tiles_manager.o
                0x080105f0                void _bn::assert::show_args<char [27], unsigned char>(char const*, char const*, char const*, int, char const (&) [27], unsigned char const&)
 .text._ZN3_bn6assert9show_argsIJA44_cPKN2bn4tileEA4_cS6_EEEvPKcS9_S9_iDpRKT_
                0x08010648       0x6c bn_sprite_tiles_manager.o
                0x08010648                void _bn::assert::show_args<char [44], bn::tile const*, char [4], bn::tile const*>(char const*, char const*, char const*, int, char const (&) [44], bn::tile const* const&, char const (&) [4], bn::tile const* const&)
 .text._ZN3_bn6assert9show_argsIJA46_ciA4_cjEEEvPKcS5_S5_iDpRKT_
                0x080106b4       0x6c bn_sprite_tiles_manager.o
                0x080106b4                void _bn::assert::show_args<char [46], int, char [4], unsigned int>(char const*, char const*, char const*, int, char const (&) [46], int const&, char const (&) [4], unsigned int const&)
 .text._ZN3_bn6assert9show_argsIJA28_cA15_cPKN2bn4tileEA16_ciA34_cNS4_11string_viewEEEEvPKcSC_SC_iDpRKT_
                0x08010720       0x84 bn_sprite_tiles_manager.o
                0x08010720                void _bn::assert::show_args<char [28], char [15], bn::tile const*, char [16], int, char [34], bn::string_view>(char const*, char const*, char const*, int, char const (&) [28], char const (&) [15], bn::tile const* const&, char const (&) [16], int const&, char const (&) [34], bn::string_view const&)
 .text._ZN3_bn6assert9show_argsIJA44_ciA34_cN2bn11string_viewEEEEvPKcS7_S7_iDpRKT_
                0x080107a4       0x68 bn_sprite_tiles_manager.o
                0x080107a4                void _bn::assert::show_args<char [44], int, char [34], bn::string_view>(char const*, char const*, char const*, int, char const (&) [44], int const&, char const (&) [34], bn::string_view const&)
 .text._ZN2bn20sprite_tiles_manager4initEv
                0x0801080c       0xf4 bn_sprite_tiles_manager.o
                0x0801080c                bn::sprite_tiles_manager::init()
 .text._ZN2bn20sprite_tiles_manager12_GLOBAL__N_122_insert_to_commit_itemEiRNS1_9item_typeE.part.0
                0x08010900       0x6c bn_sprite_tiles_manager.o
 .text._ZN2bn20sprite_tiles_manager12_GLOBAL__N_117_insert_free_itemEiPt
                0x0801096c       0xcc bn_sprite_tiles_manager.o
 .text._ZN2bn20sprite_tiles_manager12_GLOBAL__N_116_erase_free_itemEi
                0x08010a38       0xe4 bn_sprite_tiles_manager.o
 .text._ZN2bn20sprite_tiles_manager12_GLOBAL__N_121_erase_to_commit_itemEiRNS1_9item_typeE
                0x08010b1c      0x100 bn_sprite_tiles_manager.o
 .text._ZN2bn20sprite_tiles_manager15decrease_usagesEi
                0x08010c1c      0x134 bn_sprite_tiles_manager.o
                0x08010c1c                bn::sprite_tiles_manager::decrease_usages(int)
 .text._ZN2bn16sprite_tiles_ptrD2Ev
                0x08010d50       0x18 bn_sprite_tiles_manager.o
                0x08010d50                bn::sprite_tiles_ptr::~sprite_tiles_ptr()
                0x08010d50                bn::sprite_tiles_ptr::~sprite_tiles_ptr()
 .text._ZN2bn20sprite_tiles_manager12_GLOBAL__N_110_find_implEPKNS_4tileENS_16compression_typeEi
                0x08010d68      0x28c bn_sprite_tiles_manager.o
 .text._ZN2bn20sprite_tiles_manager4vramEi
                0x08010ff4       0x4c bn_sprite_tiles_manager.o
                0x08010ff4                bn::sprite_tiles_manager::vram(int)
 .text._ZN2bn16sprite_tiles_ptr4vramEv
                0x08011040       0x14 bn_sprite_tiles_manager.o
                0x08011040                bn::sprite_tiles_ptr::vram()
 .text._ZN2bn14iunordered_mapIPKNS_4tileEiNS_4hashIS3_EENS_8equal_toIS3_EEE5eraseERKNS8_14const_iteratorE.isra.0
                0x08011054      0x178 bn_sprite_tiles_manager.o
 .text._ZN2bn20sprite_tiles_manager12_GLOBAL__N_112_create_itemEiPKNS_4tileENS_16compression_typeEib
                0x080111cc      0x2ec bn_sprite_tiles_manager.o
 .text._ZN2bn20sprite_tiles_manager12_GLOBAL__N_114_allocate_implEi
                0x080114b8       0xf8 bn_sprite_tiles_manager.o
 .text._ZN2bn20sprite_tiles_manager8allocateEiNS_8bpp_modeE
                0x080115b0       0xc0 bn_sprite_tiles_manager.o
                0x080115b0                bn::sprite_tiles_manager::allocate(int, bn::bpp_mode)
 .text._ZN2bn16sprite_tiles_ptr8allocateEiNS_8bpp_modeE
                0x08011670       0x18 bn_sprite_tiles_manager.o
                0x08011670                bn::sprite_tiles_ptr::allocate(int, bn::bpp_mode)
 .text._ZN2bn20sprite_tiles_manager6updateEv
                0x08011688      0x234 bn_sprite_tiles_manager.o
                0x08011688                bn::sprite_tiles_manager::update()
 .text._ZN2bn20sprite_tiles_manager12_GLOBAL__N_112_create_implEPKNS_4tileENS_16compression_typeEi
                0x080118bc      0x200 bn_sprite_tiles_manager.o
 .text._ZN2bn20sprite_tiles_manager6createERKNS_4spanIKNS_4tileEEENS_16compression_typeE
                0x08011abc      0x13c bn_sprite_tiles_manager.o
                0x08011abc                bn::sprite_tiles_manager::create(bn::span<bn::tile const> const&, bn::compression_type)
 .text._ZN2bn16sprite_tiles_ptr6createERKNS_17sprite_tiles_itemEi
                0x08011bf8       0xd4 bn_sprite_tiles_manager.o
                0x08011bf8                bn::sprite_tiles_ptr::create(bn::sprite_tiles_item const&, int)
 .text._ZNK2bn17sprite_tiles_item12create_tilesEv
                0x08011ccc       0x84 bn_sprite_tiles_manager.o
                0x08011ccc                bn::sprite_tiles_item::create_tiles() const
 .text._ZNK2bn17sprite_tiles_item12create_tilesEi
                0x08011d50       0xd4 bn_sprite_tiles_manager.o
                0x08011d50                bn::sprite_tiles_item::create_tiles(int) const
 .text.startup._GLOBAL__sub_I__ZN2bn12sprite_tiles16used_tiles_countEv
                0x08011e24      0x11c bn_sprite_tiles_manager.o
 .text._ZN2bn15sprites_manager12_GLOBAL__N_132_always_update_indexes_to_commitERKNS_20sprites_manager_itemE
                0x08011f40       0x48 bn_sprites_manager.o
 .text._ZN2bn13ostringstream11append_argsIiJA4_ciEEEvRKT_DpRKT0_.isra.0
                0x08011f88       0x24 bn_sprites_manager.o
 .text._ZN2bn15sprites_manager12_GLOBAL__N_123_update_item_dimensionsERNS_20sprites_manager_itemE
                0x08011fac       0xcc bn_sprites_manager.o
 .text._ZN2bn10sprite_ptrC2ERKS0_
                0x08012078        0xc bn_sprites_manager.o
                0x08012078                bn::sprite_ptr::sprite_ptr(bn::sprite_ptr const&)
                0x08012078                bn::sprite_ptr::sprite_ptr(bn::sprite_ptr const&)
 .text._ZN2bn10sprite_ptr5set_xENS_7fixed_tILi12EEE
                0x08012084       0x48 bn_sprites_manager.o
                0x08012084                bn::sprite_ptr::set_x(bn::fixed_t<12>)
 .text._ZN2bn10sprite_ptr5set_yENS_7fixed_tILi12EEE
                0x080120cc       0x48 bn_sprites_manager.o
                0x080120cc                bn::sprite_ptr::set_y(bn::fixed_t<12>)
 .text._ZN2bn10sprite_ptr12set_positionENS_7fixed_tILi12EEES2_
                0x08012114       0x6c bn_sprites_manager.o
                0x08012114                bn::sprite_ptr::set_position(bn::fixed_t<12>, bn::fixed_t<12>)
 .text._ZN2bn10sprite_ptr12set_positionERKNS_11fixed_pointE
                0x08012180       0x78 bn_sprites_manager.o
                0x08012180                bn::sprite_ptr::set_position(bn::fixed_point const&)
 .text._ZN2bn10sprite_ptr11set_visibleEb
                0x080121f8       0x64 bn_sprites_manager.o
                0x080121f8                bn::sprite_ptr::set_visible(bool)
 .text._ZN2bn15sprites_manager4initEv
                0x0801225c       0x34 bn_sprites_manager.o
                0x0801225c                bn::sprites_manager::init()
 .text._ZN2bn15sprites_manager5hw_idEPv
                0x08012290        0x8 bn_sprites_manager.o
                0x08012290                bn::sprites_manager::hw_id(void*)
 .text._ZN2bn15sprites_manager5shapeEPv
                0x08012298        0x8 bn_sprites_manager.o
                0x08012298                bn::sprites_manager::shape(void*)
 .text._ZN2bn15sprites_manager4sizeEPv
                0x080122a0        0x8 bn_sprites_manager.o
                0x080122a0                bn::sprites_manager::size(void*)
 .text._ZN2bn15sprites_manager10shape_sizeEPv
                0x080122a8       0x14 bn_sprites_manager.o
                0x080122a8                bn::sprites_manager::shape_size(void*)
 .text._ZN2bn15sprites_manager11hw_positionEPv
                0x080122bc        0x4 bn_sprites_manager.o
                0x080122bc                bn::sprites_manager::hw_position(void*)
 .text._ZN2bn15sprites_manager9view_modeEPv
                0x080122c0        0xc bn_sprites_manager.o
                0x080122c0                bn::sprites_manager::view_mode(void*)
 .text._ZN2bn15sprites_manager10affine_matEPv
                0x080122cc        0x4 bn_sprites_manager.o
                0x080122cc                bn::sprites_manager::affine_mat(void*)
 .text._ZN2bn15sprites_manager15reload_blendingEv
                0x080122d0       0xfc bn_sprites_manager.o
                0x080122d0                bn::sprites_manager::reload_blending()
 .text._ZN2bn15sprites_manager39fill_hblank_effect_horizontal_positionsEPviPKNS_7fixed_tILi12EEEPt
                0x080123cc       0x44 bn_sprites_manager.o
                0x080123cc                bn::sprites_manager::fill_hblank_effect_horizontal_positions(void*, int, bn::fixed_t<12> const*, unsigned short*)
 .text._ZN2bn15sprites_manager37fill_hblank_effect_vertical_positionsEPviPKNS_7fixed_tILi12EEEPt
                0x08012410       0x44 bn_sprites_manager.o
                0x08012410                bn::sprites_manager::fill_hblank_effect_vertical_positions(void*, int, bn::fixed_t<12> const*, unsigned short*)
 .text._ZN2bn15sprites_manager35fill_hblank_effect_first_attributesEiNS_12sprite_shapeENS_8bpp_modeEiPKNS_23sprite_first_attributesEPt
                0x08012454      0x108 bn_sprites_manager.o
                0x08012454                bn::sprites_manager::fill_hblank_effect_first_attributes(int, bn::sprite_shape, bn::bpp_mode, int, bn::sprite_first_attributes const*, unsigned short*)
 .text._ZN2bn15sprites_manager44fill_hblank_effect_regular_second_attributesEPviNS_11sprite_sizeEPKNS_32sprite_regular_second_attributesEPt
                0x0801255c       0x60 bn_sprites_manager.o
                0x0801255c                bn::sprites_manager::fill_hblank_effect_regular_second_attributes(void*, int, bn::sprite_size, bn::sprite_regular_second_attributes const*, unsigned short*)
 .text._ZN2bn15sprites_manager43fill_hblank_effect_affine_second_attributesEPviNS_11sprite_sizeEPKNS_31sprite_affine_second_attributesEPt
                0x080125bc       0x58 bn_sprites_manager.o
                0x080125bc                bn::sprites_manager::fill_hblank_effect_affine_second_attributes(void*, int, bn::sprite_size, bn::sprite_affine_second_attributes const*, unsigned short*)
 .text._ZN2bn15sprites_manager14update_camerasEv
                0x08012614       0x20 bn_sprites_manager.o
                0x08012614                bn::sprites_manager::update_cameras()
 .text._ZN2bn15sprites_manager6commitEb
                0x08012634       0xa4 bn_sprites_manager.o
                0x08012634                bn::sprites_manager::commit(bool)
 .text._ZN2bn10sprite_ptr20set_blending_enabledEb
                0x080126d8       0x9c bn_sprites_manager.o
                0x080126d8                bn::sprite_ptr::set_blending_enabled(bool)
 .text._ZNK2bn17sprite_shape_size11tiles_countENS_8bpp_modeE.isra.0
                0x08012774      0x150 bn_sprites_manager.o
 .text._ZN2bn15sprites_manager12_GLOBAL__N_118_remove_affine_matERNS_20sprites_manager_itemE
                0x080128c4       0xe8 bn_sprites_manager.o
 .text._ZN2bn15sprites_manager40remove_identity_affine_mat_if_not_neededEPv
                0x080129ac       0x18 bn_sprites_manager.o
                0x080129ac                bn::sprites_manager::remove_identity_affine_mat_if_not_needed(void*)
 .text._ZN2bn14sprite_builder15release_paletteEv
                0x080129c4       0x78 bn_sprites_manager.o
                0x080129c4                bn::sprite_builder::release_palette()
 .text._ZN2bn14sprite_builder13release_tilesEv
                0x08012a3c       0x78 bn_sprites_manager.o
                0x08012a3c                bn::sprite_builder::release_tiles()
 .text._ZN2bn15sprites_manager7paletteEPv
                0x08012ab4       0x34 bn_sprites_manager.o
                0x08012ab4                bn::sprites_manager::palette(void*)
 .text._ZN2bn20sprites_manager_item13_builder_initERKNS_14sprite_builderE
                0x08012ae8      0x36c bn_sprites_manager.o
                0x08012ae8                bn::sprites_manager_item::_builder_init(bn::sprite_builder const&)
 .text._ZN2bn14sprite_builder11set_z_orderEi
                0x08012e54       0x48 bn_sprites_manager.o
                0x08012e54                bn::sprite_builder::set_z_order(int)
 .text._ZN2bn14sprite_builderC2ERKNS_17sprite_shape_sizeENS_16sprite_tiles_ptrENS_18sprite_palette_ptrE
                0x08012e9c      0x128 bn_sprites_manager.o
                0x08012e9c                bn::sprite_builder::sprite_builder(bn::sprite_shape_size const&, bn::sprite_tiles_ptr, bn::sprite_palette_ptr)
                0x08012e9c                bn::sprite_builder::sprite_builder(bn::sprite_shape_size const&, bn::sprite_tiles_ptr, bn::sprite_palette_ptr)
 .text._ZN2bn15sprites_manager9set_tilesEPvONS_16sprite_tiles_ptrE
                0x08012fc4      0x138 bn_sprites_manager.o
                0x08012fc4                bn::sprites_manager::set_tiles(void*, bn::sprite_tiles_ptr&&)
 .text._ZN2bn10sprite_ptr9set_tilesEONS_16sprite_tiles_ptrE
                0x080130fc       0x10 bn_sprites_manager.o
                0x080130fc                bn::sprite_ptr::set_tiles(bn::sprite_tiles_ptr&&)
 .text._ZN2bn14sprite_builder15set_bg_priorityEi
                0x0801310c       0x38 bn_sprites_manager.o
                0x0801310c                bn::sprite_builder::set_bg_priority(int)
 .text._ZN2bn15sprites_manager6updateEv
                0x08013144      0x160 bn_sprites_manager.o
                0x08013144                bn::sprites_manager::update()
 .text._ZN2bn15sprites_manager11set_paletteEPvNS_8bpp_modeEONS_18sprite_palette_ptrE
                0x080132a4       0xb8 bn_sprites_manager.o
                0x080132a4                bn::sprites_manager::set_palette(void*, bn::bpp_mode, bn::sprite_palette_ptr&&)
 .text._ZN2bn10sprite_ptr11set_paletteERKNS_19sprite_palette_itemE
                0x0801335c       0xdc bn_sprites_manager.o
                0x0801335c                bn::sprite_ptr::set_palette(bn::sprite_palette_item const&)
 .text._ZN3_bn6assert9show_argsIJA27_ciA4_ciEEEvPKcS5_S5_iDpRKT_
                0x08013438       0x5c bn_sprites_manager.o
                0x08013438                void _bn::assert::show_args<char [27], int, char [4], int>(char const*, char const*, char const*, int, char const (&) [27], int const&, char const (&) [4], int const&)
 .text._ZN2bn15sprites_manager35fill_hblank_effect_third_attributesENS_17sprite_shape_sizeEPKNS_23sprite_third_attributesEPt
                0x08013494       0xc8 bn_sprites_manager.o
                0x08013494                bn::sprites_manager::fill_hblank_effect_third_attributes(bn::sprite_shape_size, bn::sprite_third_attributes const*, unsigned short*)
 .text._ZN2bn14sorted_sprites6sorter6insertERNS_20sprites_manager_itemE
                0x0801355c      0x170 bn_sprites_manager.o
                0x0801355c                bn::sorted_sprites::sorter::insert(bn::sprites_manager_item&)
 .text._ZN2bn15sprites_manager6createEONS_14sprite_builderE
                0x080136cc      0x180 bn_sprites_manager.o
                0x080136cc                bn::sprites_manager::create(bn::sprite_builder&&)
 .text._ZN2bn10sprite_ptr6createEONS_14sprite_builderE
                0x0801384c       0x14 bn_sprites_manager.o
                0x0801384c                bn::sprite_ptr::create(bn::sprite_builder&&)
 .text._ZN2bn15sprites_manager6createERKNS_11fixed_pointERKNS_17sprite_shape_sizeEONS_16sprite_tiles_ptrEONS_18sprite_palette_ptrE
                0x08013860      0x1dc bn_sprites_manager.o
                0x08013860                bn::sprites_manager::create(bn::fixed_point const&, bn::sprite_shape_size const&, bn::sprite_tiles_ptr&&, bn::sprite_palette_ptr&&)
 .text._ZNK2bn11sprite_item13create_spriteERKNS_11fixed_pointE
                0x08013a3c       0x40 bn_sprites_manager.o
                0x08013a3c                bn::sprite_item::create_sprite(bn::fixed_point const&) const
 .text._ZNK2bn11sprite_item13create_spriteENS_7fixed_tILi12EEES2_
                0x08013a7c       0x44 bn_sprites_manager.o
                0x08013a7c                bn::sprite_item::create_sprite(bn::fixed_t<12>, bn::fixed_t<12>) const
 .text._ZN2bn15sprites_manager15set_bg_priorityEPvi
                0x08013ac0      0x148 bn_sprites_manager.o
                0x08013ac0                bn::sprites_manager::set_bg_priority(void*, int)
 .text._ZN2bn10sprite_ptr15set_bg_priorityEi
                0x08013c08       0x10 bn_sprites_manager.o
                0x08013c08                bn::sprite_ptr::set_bg_priority(int)
 .text._ZN2bn15sprites_manager15decrease_usagesEPv
                0x08013c18      0x180 bn_sprites_manager.o
                0x08013c18                bn::sprites_manager::decrease_usages(void*)
 .text._ZN2bn10sprite_ptraSERKS0_
                0x08013d98       0x28 bn_sprites_manager.o
                0x08013d98                bn::sprite_ptr::operator=(bn::sprite_ptr const&)
 .text._ZN2bn10sprite_ptrD2Ev
                0x08013dc0       0x18 bn_sprites_manager.o
                0x08013dc0                bn::sprite_ptr::~sprite_ptr()
                0x08013dc0                bn::sprite_ptr::~sprite_ptr()
 .text._ZN2bn10sprite_ptr11set_z_orderEi
                0x08013dd8      0x148 bn_sprites_manager.o
                0x08013dd8                bn::sprite_ptr::set_z_order(int)
 .text.startup._GLOBAL__sub_I__ZN2bn7sprites16used_items_countEv
                0x08013f20       0x9c bn_sprites_manager.o
 .text.exit._GLOBAL__sub_D__ZN2bn7sprites16used_items_countEv
                0x08013fbc       0x4c bn_sprites_manager.o
 .text._ZN2bn13ostringstreamC2ERNS_12istring_baseE
                0x08014008        0x8 bn_sstream.o
                0x08014008                bn::ostringstream::ostringstream(bn::istring_base&)
                0x08014008                bn::ostringstream::ostringstream(bn::istring_base&)
 .text._ZNK2bn13ostringstream4sizeEv
                0x08014010        0x8 bn_sstream.o